2025-03-27 14:16:43 - [Server 2] - INFO - [Server 2] Logging initialized -> ../logs/run_20250327_141631/server_cluster_2.log
2025-03-27 14:16:43 - [Server 2] - INFO - Starting Flower server, config: num_rounds=10, no round_timeout
2025-03-27 14:16:44 - [Server 2] - INFO - Flower ECE: gRPC server running (10 rounds), SSL is disabled
2025-03-27 14:16:44 - [Server 2] - INFO - [INIT]
2025-03-27 14:16:44 - [Server 2] - INFO - Requesting initial parameters from one random client
2025-03-27 16:45:45 - [Server 2] - INFO - Received initial parameters from one random client
2025-03-27 16:45:45 - [Server 2] - INFO - Starting evaluation of initial global parameters
2025-03-27 16:45:45 - [Server 2] - INFO - Evaluation returned no results (`None`)
2025-03-27 16:45:45 - [Server 2] - INFO - 
2025-03-27 16:45:45 - [Server 2] - INFO - [ROUND 1]
2025-03-27 16:45:47 - [Server 2] - INFO - configure_fit: strategy sampled 9 clients (out of 9)
2025-03-27 16:47:15 - [Server 2] - INFO - aggregate_fit: received 9 results and 0 failures
2025-03-27 16:47:15 - [Server 2] - INFO - configure_evaluate: strategy sampled 24 clients (out of 24)
2025-03-27 16:47:21 - [Server 2] - INFO - aggregate_evaluate: received 24 results and 0 failures
2025-03-27 16:47:21 - [Server 2] - INFO - 
2025-03-27 16:47:21 - [Server 2] - INFO - [ROUND 2]
2025-03-27 16:47:21 - [Server 2] - INFO - configure_fit: strategy sampled 24 clients (out of 24)
2025-03-27 16:51:06 - [Server 2] - INFO - aggregate_fit: received 24 results and 0 failures
2025-03-27 16:51:06 - [Server 2] - INFO - configure_evaluate: strategy sampled 24 clients (out of 24)
2025-03-27 16:51:09 - [Server 2] - INFO - aggregate_evaluate: received 24 results and 0 failures
2025-03-27 16:51:09 - [Server 2] - INFO - 
2025-03-27 16:51:09 - [Server 2] - INFO - [ROUND 3]
2025-03-27 16:51:09 - [Server 2] - INFO - configure_fit: strategy sampled 24 clients (out of 24)
2025-03-27 16:54:53 - [Server 2] - INFO - aggregate_fit: received 24 results and 0 failures
2025-03-27 16:54:53 - [Server 2] - INFO - configure_evaluate: strategy sampled 24 clients (out of 24)
2025-03-27 16:54:55 - [Server 2] - INFO - aggregate_evaluate: received 24 results and 0 failures
2025-03-27 16:54:55 - [Server 2] - INFO - 
2025-03-27 16:54:55 - [Server 2] - INFO - [ROUND 4]
2025-03-27 16:54:55 - [Server 2] - INFO - configure_fit: strategy sampled 24 clients (out of 24)
2025-03-27 16:58:38 - [Server 2] - INFO - aggregate_fit: received 24 results and 0 failures
2025-03-27 16:58:38 - [Server 2] - INFO - configure_evaluate: strategy sampled 24 clients (out of 24)
2025-03-27 16:58:40 - [Server 2] - INFO - aggregate_evaluate: received 24 results and 0 failures
2025-03-27 16:58:40 - [Server 2] - INFO - 
2025-03-27 16:58:40 - [Server 2] - INFO - [ROUND 5]
2025-03-27 16:58:40 - [Server 2] - INFO - configure_fit: strategy sampled 24 clients (out of 24)
2025-03-27 17:02:21 - [Server 2] - INFO - aggregate_fit: received 24 results and 0 failures
2025-03-27 17:02:21 - [Server 2] - INFO - configure_evaluate: strategy sampled 24 clients (out of 24)
2025-03-27 17:02:23 - [Server 2] - INFO - aggregate_evaluate: received 24 results and 0 failures
2025-03-27 17:02:23 - [Server 2] - INFO - 
2025-03-27 17:02:23 - [Server 2] - INFO - [ROUND 6]
2025-03-27 17:02:23 - [Server 2] - INFO - configure_fit: strategy sampled 24 clients (out of 24)
2025-03-27 17:06:08 - [Server 2] - INFO - aggregate_fit: received 24 results and 0 failures
2025-03-27 17:06:08 - [Server 2] - INFO - configure_evaluate: strategy sampled 24 clients (out of 24)
2025-03-27 17:06:11 - [Server 2] - INFO - aggregate_evaluate: received 24 results and 0 failures
2025-03-27 17:06:11 - [Server 2] - INFO - 
2025-03-27 17:06:11 - [Server 2] - INFO - [ROUND 7]
2025-03-27 17:06:11 - [Server 2] - INFO - configure_fit: strategy sampled 24 clients (out of 24)
2025-03-27 17:09:52 - [Server 2] - INFO - aggregate_fit: received 24 results and 0 failures
2025-03-27 17:09:52 - [Server 2] - INFO - configure_evaluate: strategy sampled 24 clients (out of 24)
2025-03-27 17:09:54 - [Server 2] - INFO - aggregate_evaluate: received 24 results and 0 failures
2025-03-27 17:09:54 - [Server 2] - INFO - 
2025-03-27 17:09:54 - [Server 2] - INFO - [ROUND 8]
2025-03-27 17:09:54 - [Server 2] - INFO - configure_fit: strategy sampled 24 clients (out of 24)
2025-03-27 17:13:34 - [Server 2] - INFO - aggregate_fit: received 24 results and 0 failures
2025-03-27 17:13:34 - [Server 2] - INFO - configure_evaluate: strategy sampled 24 clients (out of 24)
2025-03-27 17:13:36 - [Server 2] - INFO - aggregate_evaluate: received 24 results and 0 failures
2025-03-27 17:13:36 - [Server 2] - INFO - 
2025-03-27 17:13:36 - [Server 2] - INFO - [ROUND 9]
2025-03-27 17:13:36 - [Server 2] - INFO - configure_fit: strategy sampled 24 clients (out of 24)
2025-03-27 17:17:17 - [Server 2] - INFO - aggregate_fit: received 24 results and 0 failures
2025-03-27 17:17:17 - [Server 2] - INFO - configure_evaluate: strategy sampled 24 clients (out of 24)
2025-03-27 17:17:20 - [Server 2] - INFO - aggregate_evaluate: received 24 results and 0 failures
2025-03-27 17:17:20 - [Server 2] - INFO - 
2025-03-27 17:17:20 - [Server 2] - INFO - [ROUND 10]
2025-03-27 17:17:20 - [Server 2] - INFO - configure_fit: strategy sampled 24 clients (out of 24)
2025-03-27 17:21:04 - [Server 2] - INFO - aggregate_fit: received 24 results and 0 failures
2025-03-27 17:21:04 - [Server 2] - INFO - configure_evaluate: strategy sampled 24 clients (out of 24)
2025-03-27 17:21:06 - [Server 2] - INFO - aggregate_evaluate: received 24 results and 0 failures
2025-03-27 17:21:06 - [Server 2] - INFO - 
2025-03-27 17:21:06 - [Server 2] - INFO - [SUMMARY]
2025-03-27 17:21:06 - [Server 2] - INFO - Run finished 10 round(s) in 2121.23s
2025-03-27 17:21:06 - [Server 2] - INFO - 	History (loss, distributed):
2025-03-27 17:21:06 - [Server 2] - INFO - 		round 1: 27380712.791666668
2025-03-27 17:21:06 - [Server 2] - INFO - 		round 2: 14105239.145833334
2025-03-27 17:21:06 - [Server 2] - INFO - 		round 3: 12550130.34375
2025-03-27 17:21:06 - [Server 2] - INFO - 		round 4: 17070761.125
2025-03-27 17:21:06 - [Server 2] - INFO - 		round 5: 12267537.145833334
2025-03-27 17:21:06 - [Server 2] - INFO - 		round 6: 12267140.625
2025-03-27 17:21:06 - [Server 2] - INFO - 		round 7: 11062895.40625
2025-03-27 17:21:06 - [Server 2] - INFO - 		round 8: 10756704.90625
2025-03-27 17:21:06 - [Server 2] - INFO - 		round 9: 10902947.354166666
2025-03-27 17:21:06 - [Server 2] - INFO - 		round 10: 9695136.166666666
2025-03-27 17:21:06 - [Server 2] - INFO - 	History (metrics, distributed, evaluate):
2025-03-27 17:21:06 - [Server 2] - INFO - 	{'mae': [(1, 4600.324971516928),
2025-03-27 17:21:06 - [Server 2] - INFO - 	         (2, 3036.3454488118487),
2025-03-27 17:21:06 - [Server 2] - INFO - 	         (3, 2904.405807495117),
2025-03-27 17:21:06 - [Server 2] - INFO - 	         (4, 3518.8686625162763),
2025-03-27 17:21:06 - [Server 2] - INFO - 	         (5, 2906.213404337565),
2025-03-27 17:21:06 - [Server 2] - INFO - 	         (6, 2918.8243052164717),
2025-03-27 17:21:06 - [Server 2] - INFO - 	         (7, 2764.880299886068),
2025-03-27 17:21:06 - [Server 2] - INFO - 	         (8, 2685.152475992839),
2025-03-27 17:21:06 - [Server 2] - INFO - 	         (9, 2710.8839823404946),
2025-03-27 17:21:06 - [Server 2] - INFO - 	         (10, 2458.7354176839194)]}
2025-03-27 17:21:06 - [Server 2] - INFO - 
*