2025-03-27 14:16:36 - [Server 0] - INFO - [Server 0] Logging initialized -> ../logs/run_20250327_141631/server_cluster_0.log
2025-03-27 14:16:36 - [Server 0] - INFO - Starting Flower server, config: num_rounds=10, no round_timeout
2025-03-27 14:16:36 - [Server 0] - INFO - Flower ECE: gRPC server running (10 rounds), SSL is disabled
2025-03-27 14:16:36 - [Server 0] - INFO - [INIT]
2025-03-27 14:16:36 - [Server 0] - INFO - Requesting initial parameters from one random client
2025-03-27 14:17:03 - [Server 0] - INFO - Received initial parameters from one random client
2025-03-27 14:17:03 - [Server 0] - INFO - Starting evaluation of initial global parameters
2025-03-27 14:17:03 - [Server 0] - INFO - Evaluation returned no results (`None`)
2025-03-27 14:17:03 - [Server 0] - INFO - 
2025-03-27 14:17:03 - [Server 0] - INFO - [ROUND 1]
2025-03-27 14:17:06 - [Server 0] - INFO - configure_fit: strategy sampled 25 clients (out of 25)
2025-03-27 14:24:13 - [Server 0] - INFO - aggregate_fit: received 25 results and 0 failures
2025-03-27 14:24:13 - [Server 0] - INFO - configure_evaluate: strategy sampled 30 clients (out of 30)
2025-03-27 14:24:20 - [Server 0] - INFO - aggregate_evaluate: received 30 results and 0 failures
2025-03-27 14:24:20 - [Server 0] - INFO - 
2025-03-27 14:24:20 - [Server 0] - INFO - [ROUND 2]
2025-03-27 14:24:20 - [Server 0] - INFO - configure_fit: strategy sampled 30 clients (out of 30)
2025-03-27 14:32:21 - [Server 0] - INFO - aggregate_fit: received 30 results and 0 failures
2025-03-27 14:32:21 - [Server 0] - INFO - configure_evaluate: strategy sampled 30 clients (out of 30)
2025-03-27 14:32:24 - [Server 0] - INFO - aggregate_evaluate: received 30 results and 0 failures
2025-03-27 14:32:24 - [Server 0] - INFO - 
2025-03-27 14:32:24 - [Server 0] - INFO - [ROUND 3]
2025-03-27 14:32:24 - [Server 0] - INFO - configure_fit: strategy sampled 30 clients (out of 30)
2025-03-27 14:40:39 - [Server 0] - INFO - aggregate_fit: received 30 results and 0 failures
2025-03-27 14:40:39 - [Server 0] - INFO - configure_evaluate: strategy sampled 30 clients (out of 30)
2025-03-27 14:40:43 - [Server 0] - INFO - aggregate_evaluate: received 30 results and 0 failures
2025-03-27 14:40:43 - [Server 0] - INFO - 
2025-03-27 14:40:43 - [Server 0] - INFO - [ROUND 4]
2025-03-27 14:40:43 - [Server 0] - INFO - configure_fit: strategy sampled 30 clients (out of 30)
2025-03-27 14:48:32 - [Server 0] - INFO - aggregate_fit: received 30 results and 0 failures
2025-03-27 14:48:32 - [Server 0] - INFO - configure_evaluate: strategy sampled 30 clients (out of 30)
2025-03-27 14:48:36 - [Server 0] - INFO - aggregate_evaluate: received 30 results and 0 failures
2025-03-27 14:48:36 - [Server 0] - INFO - 
2025-03-27 14:48:36 - [Server 0] - INFO - [ROUND 5]
2025-03-27 14:48:36 - [Server 0] - INFO - configure_fit: strategy sampled 30 clients (out of 30)
2025-03-27 14:56:25 - [Server 0] - INFO - aggregate_fit: received 30 results and 0 failures
2025-03-27 14:56:25 - [Server 0] - INFO - configure_evaluate: strategy sampled 30 clients (out of 30)
2025-03-27 14:56:28 - [Server 0] - INFO - aggregate_evaluate: received 30 results and 0 failures
2025-03-27 14:56:28 - [Server 0] - INFO - 
2025-03-27 14:56:28 - [Server 0] - INFO - [ROUND 6]
2025-03-27 14:56:28 - [Server 0] - INFO - configure_fit: strategy sampled 30 clients (out of 30)
2025-03-27 15:03:52 - [Server 0] - INFO - aggregate_fit: received 30 results and 0 failures
2025-03-27 15:03:52 - [Server 0] - INFO - configure_evaluate: strategy sampled 30 clients (out of 30)
2025-03-27 15:03:55 - [Server 0] - INFO - aggregate_evaluate: received 30 results and 0 failures
2025-03-27 15:03:56 - [Server 0] - INFO - 
2025-03-27 15:03:56 - [Server 0] - INFO - [ROUND 7]
2025-03-27 15:03:56 - [Server 0] - INFO - configure_fit: strategy sampled 30 clients (out of 30)
2025-03-27 15:10:40 - [Server 0] - INFO - aggregate_fit: received 30 results and 0 failures
2025-03-27 15:10:40 - [Server 0] - INFO - configure_evaluate: strategy sampled 30 clients (out of 30)
2025-03-27 15:10:42 - [Server 0] - INFO - aggregate_evaluate: received 30 results and 0 failures
2025-03-27 15:10:42 - [Server 0] - INFO - 
2025-03-27 15:10:42 - [Server 0] - INFO - [ROUND 8]
2025-03-27 15:10:42 - [Server 0] - INFO - configure_fit: strategy sampled 30 clients (out of 30)
2025-03-27 15:17:27 - [Server 0] - INFO - aggregate_fit: received 30 results and 0 failures
2025-03-27 15:17:27 - [Server 0] - INFO - configure_evaluate: strategy sampled 30 clients (out of 30)
2025-03-27 15:17:30 - [Server 0] - INFO - aggregate_evaluate: received 30 results and 0 failures
2025-03-27 15:17:30 - [Server 0] - INFO - 
2025-03-27 15:17:30 - [Server 0] - INFO - [ROUND 9]
2025-03-27 15:17:30 - [Server 0] - INFO - configure_fit: strategy sampled 30 clients (out of 30)
2025-03-27 15:24:02 - [Server 0] - INFO - aggregate_fit: received 30 results and 0 failures
2025-03-27 15:24:02 - [Server 0] - INFO - configure_evaluate: strategy sampled 30 clients (out of 30)
2025-03-27 15:24:04 - [Server 0] - INFO - aggregate_evaluate: received 30 results and 0 failures
2025-03-27 15:24:04 - [Server 0] - INFO - 
2025-03-27 15:24:04 - [Server 0] - INFO - [ROUND 10]
2025-03-27 15:24:04 - [Server 0] - INFO - configure_fit: strategy sampled 30 clients (out of 30)
2025-03-27 15:30:32 - [Server 0] - INFO - aggregate_fit: received 30 results and 0 failures
2025-03-27 15:30:32 - [Server 0] - INFO - configure_evaluate: strategy sampled 30 clients (out of 30)
2025-03-27 15:30:35 - [Server 0] - INFO - aggregate_evaluate: received 30 results and 0 failures
2025-03-27 15:30:35 - [Server 0] - INFO - 
2025-03-27 15:30:35 - [Server 0] - INFO - [SUMMARY]
2025-03-27 15:30:35 - [Server 0] - INFO - Run finished 10 round(s) in 4412.31s
2025-03-27 15:30:35 - [Server 0] - INFO - 	History (loss, distributed):
2025-03-27 15:30:35 - [Server 0] - INFO - 		round 1: 19910128.15
2025-03-27 15:30:35 - [Server 0] - INFO - 		round 2: 15517533.641666668
2025-03-27 15:30:35 - [Server 0] - INFO - 		round 3: 14044376.516666668
2025-03-27 15:30:35 - [Server 0] - INFO - 		round 4: 11324867.416666666
2025-03-27 15:30:35 - [Server 0] - INFO - 		round 5: 11053810.483333332
2025-03-27 15:30:35 - [Server 0] - INFO - 		round 6: 10567644.433333334
2025-03-27 15:30:35 - [Server 0] - INFO - 		round 7: 11663685.15
2025-03-27 15:30:35 - [Server 0] - INFO - 		round 8: 8412776.466666667
2025-03-27 15:30:35 - [Server 0] - INFO - 		round 9: 7050940.045833333
2025-03-27 15:30:35 - [Server 0] - INFO - 		round 10: 6959199.816666666
2025-03-27 15:30:35 - [Server 0] - INFO - 	History (metrics, distributed, evaluate):
2025-03-27 15:30:35 - [Server 0] - INFO - 	{'mae': [(1, 3816.6967895507823),
2025-03-27 15:30:35 - [Server 0] - INFO - 	         (2, 3365.891296386719),
2025-03-27 15:30:35 - [Server 0] - INFO - 	         (3, 3157.2166097005206),
2025-03-27 15:30:35 - [Server 0] - INFO - 	         (4, 2729.486840820313),
2025-03-27 15:30:35 - [Server 0] - INFO - 	         (5, 2706.7773763020823),
2025-03-27 15:30:35 - [Server 0] - INFO - 	         (6, 2609.512622070312),
2025-03-27 15:30:35 - [Server 0] - INFO - 	         (7, 2597.398400878906),
2025-03-27 15:30:35 - [Server 0] - INFO - 	         (8, 2303.859765625),
2025-03-27 15:30:35 - [Server 0] - INFO - 	         (9, 2097.875876871745),
2025-03-27 15:30:35 - [Server 0] - INFO - 	         (10, 2105.537390136719)]}
2025-03-27 15:30:35 - [Server 0] - INFO - 
