2025-03-27 14:16:36 - [Server 1] - INFO - [Server 1] Logging initialized -> ../logs/run_20250327_141631/server_cluster_1.log
2025-03-27 14:16:36 - [Server 1] - INFO - Starting Flower server, config: num_rounds=10, no round_timeout
2025-03-27 14:16:36 - [Server 1] - INFO - Flower ECE: gRPC server running (10 rounds), SSL is disabled
2025-03-27 14:16:36 - [Server 1] - INFO - [INIT]
2025-03-27 14:16:36 - [Server 1] - INFO - Requesting initial parameters from one random client
2025-03-27 15:32:04 - [Server 1] - INFO - Received initial parameters from one random client
2025-03-27 15:32:04 - [Server 1] - INFO - Starting evaluation of initial global parameters
2025-03-27 15:32:04 - [Server 1] - INFO - Evaluation returned no results (`None`)
2025-03-27 15:32:04 - [Server 1] - INFO - 
2025-03-27 15:32:04 - [Server 1] - INFO - [ROUND 1]
2025-03-27 15:32:09 - [Server 1] - INFO - configure_fit: strategy sampled 12 clients (out of 12)
2025-03-27 15:35:04 - [Server 1] - INFO - aggregate_fit: received 12 results and 0 failures
2025-03-27 15:35:04 - [Server 1] - INFO - configure_evaluate: strategy sampled 30 clients (out of 30)
2025-03-27 15:35:08 - [Server 1] - INFO - aggregate_evaluate: received 30 results and 0 failures
2025-03-27 15:35:08 - [Server 1] - INFO - 
2025-03-27 15:35:08 - [Server 1] - INFO - [ROUND 2]
2025-03-27 15:35:08 - [Server 1] - INFO - configure_fit: strategy sampled 30 clients (out of 30)
2025-03-27 15:41:38 - [Server 1] - INFO - aggregate_fit: received 30 results and 0 failures
2025-03-27 15:41:38 - [Server 1] - INFO - configure_evaluate: strategy sampled 30 clients (out of 30)
2025-03-27 15:41:40 - [Server 1] - INFO - aggregate_evaluate: received 30 results and 0 failures
2025-03-27 15:41:40 - [Server 1] - INFO - 
2025-03-27 15:41:40 - [Server 1] - INFO - [ROUND 3]
2025-03-27 15:41:40 - [Server 1] - INFO - configure_fit: strategy sampled 30 clients (out of 30)
2025-03-27 15:48:11 - [Server 1] - INFO - aggregate_fit: received 30 results and 0 failures
2025-03-27 15:48:11 - [Server 1] - INFO - configure_evaluate: strategy sampled 30 clients (out of 30)
2025-03-27 15:48:14 - [Server 1] - INFO - aggregate_evaluate: received 30 results and 0 failures
2025-03-27 15:48:14 - [Server 1] - INFO - 
2025-03-27 15:48:14 - [Server 1] - INFO - [ROUND 4]
2025-03-27 15:48:14 - [Server 1] - INFO - configure_fit: strategy sampled 30 clients (out of 30)
2025-03-27 15:55:00 - [Server 1] - INFO - aggregate_fit: received 30 results and 0 failures
2025-03-27 15:55:00 - [Server 1] - INFO - configure_evaluate: strategy sampled 30 clients (out of 30)
2025-03-27 15:55:03 - [Server 1] - INFO - aggregate_evaluate: received 30 results and 0 failures
2025-03-27 15:55:03 - [Server 1] - INFO - 
2025-03-27 15:55:03 - [Server 1] - INFO - [ROUND 5]
2025-03-27 15:55:03 - [Server 1] - INFO - configure_fit: strategy sampled 30 clients (out of 30)
2025-03-27 16:03:25 - [Server 1] - INFO - aggregate_fit: received 30 results and 0 failures
2025-03-27 16:03:25 - [Server 1] - INFO - configure_evaluate: strategy sampled 30 clients (out of 30)
2025-03-27 16:03:28 - [Server 1] - INFO - aggregate_evaluate: received 30 results and 0 failures
2025-03-27 16:03:28 - [Server 1] - INFO - 
2025-03-27 16:03:28 - [Server 1] - INFO - [ROUND 6]
2025-03-27 16:03:28 - [Server 1] - INFO - configure_fit: strategy sampled 30 clients (out of 30)
2025-03-27 16:11:30 - [Server 1] - INFO - aggregate_fit: received 30 results and 0 failures
2025-03-27 16:11:30 - [Server 1] - INFO - configure_evaluate: strategy sampled 30 clients (out of 30)
2025-03-27 16:11:33 - [Server 1] - INFO - aggregate_evaluate: received 30 results and 0 failures
2025-03-27 16:11:33 - [Server 1] - INFO - 
2025-03-27 16:11:33 - [Server 1] - INFO - [ROUND 7]
2025-03-27 16:11:33 - [Server 1] - INFO - configure_fit: strategy sampled 30 clients (out of 30)
2025-03-27 16:19:52 - [Server 1] - INFO - aggregate_fit: received 30 results and 0 failures
2025-03-27 16:19:52 - [Server 1] - INFO - configure_evaluate: strategy sampled 30 clients (out of 30)
2025-03-27 16:19:56 - [Server 1] - INFO - aggregate_evaluate: received 30 results and 0 failures
2025-03-27 16:19:56 - [Server 1] - INFO - 
2025-03-27 16:19:56 - [Server 1] - INFO - [ROUND 8]
2025-03-27 16:19:56 - [Server 1] - INFO - configure_fit: strategy sampled 30 clients (out of 30)
2025-03-27 16:27:37 - [Server 1] - INFO - aggregate_fit: received 30 results and 0 failures
2025-03-27 16:27:37 - [Server 1] - INFO - configure_evaluate: strategy sampled 30 clients (out of 30)
2025-03-27 16:27:40 - [Server 1] - INFO - aggregate_evaluate: received 30 results and 0 failures
2025-03-27 16:27:40 - [Server 1] - INFO - 
2025-03-27 16:27:40 - [Server 1] - INFO - [ROUND 9]
2025-03-27 16:27:40 - [Server 1] - INFO - configure_fit: strategy sampled 30 clients (out of 30)
2025-03-27 16:36:01 - [Server 1] - INFO - aggregate_fit: received 30 results and 0 failures
2025-03-27 16:36:01 - [Server 1] - INFO - configure_evaluate: strategy sampled 30 clients (out of 30)
2025-03-27 16:36:04 - [Server 1] - INFO - aggregate_evaluate: received 30 results and 0 failures
2025-03-27 16:36:04 - [Server 1] - INFO - 
2025-03-27 16:36:04 - [Server 1] - INFO - [ROUND 10]
2025-03-27 16:36:04 - [Server 1] - INFO - configure_fit: strategy sampled 30 clients (out of 30)
2025-03-27 16:44:11 - [Server 1] - INFO - aggregate_fit: received 30 results and 0 failures
2025-03-27 16:44:11 - [Server 1] - INFO - configure_evaluate: strategy sampled 30 clients (out of 30)
2025-03-27 16:44:14 - [Server 1] - INFO - aggregate_evaluate: received 30 results and 0 failures
2025-03-27 16:44:14 - [Server 1] - INFO - 
2025-03-27 16:44:14 - [Server 1] - INFO - [SUMMARY]
2025-03-27 16:44:14 - [Server 1] - INFO - Run finished 10 round(s) in 4330.80s
2025-03-27 16:44:14 - [Server 1] - INFO - 	History (loss, distributed):
2025-03-27 16:44:14 - [Server 1] - INFO - 		round 1: 47478562.733333334
2025-03-27 16:44:14 - [Server 1] - INFO - 		round 2: 42971605.7
2025-03-27 16:44:14 - [Server 1] - INFO - 		round 3: 37298410.36666667
2025-03-27 16:44:14 - [Server 1] - INFO - 		round 4: 39144329.6
2025-03-27 16:44:14 - [Server 1] - INFO - 		round 5: 41240717.63333333
2025-03-27 16:44:14 - [Server 1] - INFO - 		round 6: 44374375.96666667
2025-03-27 16:44:14 - [Server 1] - INFO - 		round 7: 50377102.86666667
2025-03-27 16:44:14 - [Server 1] - INFO - 		round 8: 56724529.7
2025-03-27 16:44:14 - [Server 1] - INFO - 		round 9: 47671252.63333333
2025-03-27 16:44:14 - [Server 1] - INFO - 		round 10: 42552362.56666667
2025-03-27 16:44:14 - [Server 1] - INFO - 	History (metrics, distributed, evaluate):
2025-03-27 16:44:14 - [Server 1] - INFO - 	{'mae': [(1, 5680.961580403646),
2025-03-27 16:44:14 - [Server 1] - INFO - 	         (2, 5418.221158854167),
2025-03-27 16:44:14 - [Server 1] - INFO - 	         (3, 4961.876627604166),
2025-03-27 16:44:14 - [Server 1] - INFO - 	         (4, 5167.845638020833),
2025-03-27 16:44:14 - [Server 1] - INFO - 	         (5, 5151.6130859375),
2025-03-27 16:44:14 - [Server 1] - INFO - 	         (6, 5276.251879882812),
2025-03-27 16:44:14 - [Server 1] - INFO - 	         (7, 5741.371394856769),
2025-03-27 16:44:14 - [Server 1] - INFO - 	         (8, 6005.688411458334),
2025-03-27 16:44:14 - [Server 1] - INFO - 	         (9, 5602.833081054689),
2025-03-27 16:44:14 - [Server 1] - INFO - 	         (10, 5284.440047200521)]}
2025-03-27 16:44:14 - [Server 1] - INFO - 
