2025-03-27 08:20:32,080 - INFO - Starting federation training run
2025-03-27 08:20:32,081 - INFO - Started server for cluster 0
2025-03-27 08:20:34,091 - INFO - Started server for cluster 1
2025-03-27 08:20:36,099 - INFO - Started server for cluster 2
2025-03-27 08:20:38,106 - INFO - Started client coordinator
2025-03-27 08:20:38,107 - INFO - Started client coordinator
2025-03-27 08:20:38,108 - INFO - Started client coordinator
2025-03-27 08:20:38,189 - INFO - [Clients] 2025-03-27 08:20:38,189 - INFO - Launched client for cluster=0, store=1
2025-03-27 08:20:38,189 - INFO - [Clients] 2025-03-27 08:20:38,189 - INFO - Launched client for cluster=0, store=1
2025-03-27 08:20:38,189 - INFO - [Clients] 2025-03-27 08:20:38,189 - INFO - Launched client for cluster=0, store=1
2025-03-27 08:20:38,357 - INFO - [Clients] 2025-03-27 08:20:38,357 - INFO - Launched client for cluster=0, store=10
2025-03-27 08:20:38,357 - INFO - [Clients] 2025-03-27 08:20:38,357 - INFO - Launched client for cluster=0, store=10
2025-03-27 08:20:38,367 - INFO - [Clients] 2025-03-27 08:20:38,367 - INFO - Launched client for cluster=0, store=10
2025-03-27 08:20:38,466 - INFO - [Clients] 2025-03-27 08:20:38,466 - INFO - Launched client for cluster=0, store=1001
2025-03-27 08:20:38,466 - INFO - [Clients] 2025-03-27 08:20:38,466 - INFO - Launched client for cluster=0, store=1001
2025-03-27 08:20:38,473 - INFO - [Clients] 2025-03-27 08:20:38,473 - INFO - Launched client for cluster=0, store=1001
2025-03-27 08:20:38,573 - INFO - [Clients] 2025-03-27 08:20:38,573 - INFO - Launched client for cluster=0, store=1002
2025-03-27 08:20:38,573 - INFO - [Clients] 2025-03-27 08:20:38,573 - INFO - Launched client for cluster=0, store=1002
2025-03-27 08:20:38,582 - INFO - [Clients] 2025-03-27 08:20:38,582 - INFO - Launched client for cluster=0, store=1002
2025-03-27 08:20:38,682 - INFO - [Clients] 2025-03-27 08:20:38,682 - INFO - Launched client for cluster=0, store=1003
2025-03-27 08:20:38,683 - INFO - [Clients] 2025-03-27 08:20:38,683 - INFO - Launched client for cluster=0, store=1003
2025-03-27 08:20:38,691 - INFO - [Clients] 2025-03-27 08:20:38,691 - INFO - Launched client for cluster=0, store=1003
2025-03-27 08:20:38,790 - INFO - [Clients] 2025-03-27 08:20:38,790 - INFO - Launched client for cluster=0, store=1005
2025-03-27 08:20:38,790 - INFO - [Clients] 2025-03-27 08:20:38,790 - INFO - Launched client for cluster=0, store=1005
2025-03-27 08:20:38,803 - INFO - [Clients] 2025-03-27 08:20:38,801 - INFO - Launched client for cluster=0, store=1005
2025-03-27 08:20:38,898 - INFO - [Clients] 2025-03-27 08:20:38,897 - INFO - Launched client for cluster=0, store=1006
2025-03-27 08:20:38,898 - INFO - [Clients] 2025-03-27 08:20:38,897 - INFO - Launched client for cluster=0, store=1006
2025-03-27 08:20:38,909 - INFO - [Clients] 2025-03-27 08:20:38,909 - INFO - Launched client for cluster=0, store=1006
2025-03-27 08:20:39,014 - INFO - [Clients] 2025-03-27 08:20:39,014 - INFO - Launched client for cluster=0, store=1007
2025-03-27 08:20:39,015 - INFO - [Clients] 2025-03-27 08:20:39,015 - INFO - Launched client for cluster=0, store=1007
2025-03-27 08:20:39,016 - INFO - [Clients] 2025-03-27 08:20:39,015 - INFO - Launched client for cluster=0, store=1007
2025-03-27 08:20:39,122 - INFO - [Clients] 2025-03-27 08:20:39,121 - INFO - Launched client for cluster=0, store=1008
2025-03-27 08:20:39,123 - INFO - [Clients] 2025-03-27 08:20:39,121 - INFO - Launched client for cluster=0, store=1008
2025-03-27 08:20:39,123 - INFO - [Clients] 2025-03-27 08:20:39,123 - INFO - Launched client for cluster=0, store=1008
2025-03-27 08:20:39,228 - INFO - [Clients] 2025-03-27 08:20:39,228 - INFO - Launched client for cluster=0, store=101
2025-03-27 08:20:39,230 - INFO - [Clients] 2025-03-27 08:20:39,230 - INFO - Launched client for cluster=0, store=101
2025-03-27 08:20:39,232 - INFO - [Clients] 2025-03-27 08:20:39,232 - INFO - Launched client for cluster=0, store=101
2025-03-27 08:20:39,333 - INFO - [Clients] 2025-03-27 08:20:39,333 - INFO - Launched client for cluster=0, store=1011
2025-03-27 08:20:39,344 - INFO - [Clients] 2025-03-27 08:20:39,341 - INFO - Launched client for cluster=0, store=1011
2025-03-27 08:20:39,347 - INFO - [Clients] 2025-03-27 08:20:39,344 - INFO - Launched client for cluster=0, store=1011
2025-03-27 08:20:39,443 - INFO - [Clients] 2025-03-27 08:20:39,442 - INFO - Launched client for cluster=0, store=1013
2025-03-27 08:20:39,449 - INFO - [Clients] 2025-03-27 08:20:39,449 - INFO - Launched client for cluster=0, store=1013
2025-03-27 08:20:39,452 - INFO - [Clients] 2025-03-27 08:20:39,452 - INFO - Launched client for cluster=0, store=1013
2025-03-27 08:20:39,549 - INFO - [Clients] 2025-03-27 08:20:39,549 - INFO - Launched client for cluster=0, store=1015
2025-03-27 08:20:39,560 - INFO - [Clients] 2025-03-27 08:20:39,560 - INFO - Launched client for cluster=0, store=1015
2025-03-27 08:20:39,578 - INFO - [Clients] 2025-03-27 08:20:39,577 - INFO - Launched client for cluster=0, store=1015
2025-03-27 08:20:39,671 - INFO - [Clients] 2025-03-27 08:20:39,669 - INFO - Launched client for cluster=0, store=1016
2025-03-27 08:20:39,671 - INFO - [Clients] 2025-03-27 08:20:39,671 - INFO - Launched client for cluster=0, store=1016
2025-03-27 08:20:39,725 - INFO - [Clients] 2025-03-27 08:20:39,725 - INFO - Launched client for cluster=0, store=1016
2025-03-27 08:20:39,778 - INFO - [Clients] 2025-03-27 08:20:39,778 - INFO - Launched client for cluster=0, store=1017
2025-03-27 08:20:39,780 - INFO - [Clients] 2025-03-27 08:20:39,780 - INFO - Launched client for cluster=0, store=1017
2025-03-27 08:20:39,830 - INFO - [Clients] 2025-03-27 08:20:39,830 - INFO - Launched client for cluster=0, store=1017
2025-03-27 08:20:39,924 - INFO - [Clients] 2025-03-27 08:20:39,924 - INFO - Launched client for cluster=0, store=102
2025-03-27 08:20:39,924 - INFO - [Clients] 2025-03-27 08:20:39,924 - INFO - Launched client for cluster=0, store=102
2025-03-27 08:20:39,937 - INFO - [Clients] 2025-03-27 08:20:39,937 - INFO - Launched client for cluster=0, store=102
2025-03-27 08:20:40,041 - INFO - [Clients] 2025-03-27 08:20:40,041 - INFO - Launched client for cluster=0, store=1022
2025-03-27 08:20:40,046 - INFO - [Clients] 2025-03-27 08:20:40,044 - INFO - Launched client for cluster=0, store=1022
2025-03-27 08:20:40,053 - INFO - [Clients] 2025-03-27 08:20:40,053 - INFO - Launched client for cluster=0, store=1022
2025-03-27 08:20:40,166 - INFO - [Clients] 2025-03-27 08:20:40,149 - INFO - Launched client for cluster=0, store=1023
2025-03-27 08:20:40,206 - INFO - [Clients] 2025-03-27 08:20:40,206 - INFO - Launched client for cluster=0, store=1023
2025-03-27 08:20:40,214 - INFO - [Clients] 2025-03-27 08:20:40,214 - INFO - Launched client for cluster=0, store=1023
2025-03-27 08:20:40,283 - INFO - [Clients] 2025-03-27 08:20:40,283 - INFO - Launched client for cluster=0, store=1024
2025-03-27 08:20:40,316 - INFO - [Clients] 2025-03-27 08:20:40,315 - INFO - Launched client for cluster=0, store=1024
2025-03-27 08:20:40,322 - INFO - [Clients] 2025-03-27 08:20:40,321 - INFO - Launched client for cluster=0, store=1024
2025-03-27 08:20:40,401 - INFO - [Clients] 2025-03-27 08:20:40,400 - INFO - Launched client for cluster=0, store=1025
2025-03-27 08:20:40,428 - INFO - [Clients] 2025-03-27 08:20:40,428 - INFO - Launched client for cluster=0, store=1025
2025-03-27 08:20:40,431 - INFO - [Clients] 2025-03-27 08:20:40,431 - INFO - Launched client for cluster=0, store=1025
2025-03-27 08:20:40,538 - INFO - [Clients] 2025-03-27 08:20:40,533 - INFO - Launched client for cluster=0, store=1028
2025-03-27 08:20:40,545 - INFO - [Clients] 2025-03-27 08:20:40,544 - INFO - Launched client for cluster=0, store=1028
2025-03-27 08:20:40,546 - INFO - [Clients] 2025-03-27 08:20:40,546 - INFO - Launched client for cluster=0, store=1028
2025-03-27 08:20:40,663 - INFO - [Clients] 2025-03-27 08:20:40,663 - INFO - Launched client for cluster=0, store=1029
2025-03-27 08:20:40,665 - INFO - [Clients] 2025-03-27 08:20:40,665 - INFO - Launched client for cluster=0, store=1029
2025-03-27 08:20:40,667 - INFO - [Clients] 2025-03-27 08:20:40,665 - INFO - Launched client for cluster=0, store=1029
2025-03-27 08:20:40,769 - INFO - [Clients] 2025-03-27 08:20:40,769 - INFO - Launched client for cluster=0, store=103
2025-03-27 08:20:40,770 - INFO - [Clients] 2025-03-27 08:20:40,770 - INFO - Launched client for cluster=0, store=103
2025-03-27 08:20:40,773 - INFO - [Clients] 2025-03-27 08:20:40,773 - INFO - Launched client for cluster=0, store=103
2025-03-27 08:20:40,880 - INFO - [Clients] 2025-03-27 08:20:40,878 - INFO - Launched client for cluster=0, store=1030
2025-03-27 08:20:40,880 - INFO - [Clients] 2025-03-27 08:20:40,880 - INFO - Launched client for cluster=0, store=1030
2025-03-27 08:20:40,880 - INFO - [Clients] 2025-03-27 08:20:40,880 - INFO - Launched client for cluster=0, store=1030
2025-03-27 08:20:40,996 - INFO - [Clients] 2025-03-27 08:20:40,996 - INFO - Launched client for cluster=0, store=1031
2025-03-27 08:20:40,997 - INFO - [Clients] 2025-03-27 08:20:40,996 - INFO - Launched client for cluster=0, store=1031
2025-03-27 08:20:40,997 - INFO - [Clients] 2025-03-27 08:20:40,997 - INFO - Launched client for cluster=0, store=1031
2025-03-27 08:20:41,128 - INFO - [Clients] 2025-03-27 08:20:41,126 - INFO - Launched client for cluster=0, store=1034
2025-03-27 08:20:41,160 - INFO - [Clients] 2025-03-27 08:20:41,154 - INFO - Launched client for cluster=0, store=1034
2025-03-27 08:20:41,168 - INFO - [Clients] 2025-03-27 08:20:41,160 - INFO - Launched client for cluster=0, store=1034
2025-03-27 08:20:41,237 - INFO - [Clients] 2025-03-27 08:20:41,237 - INFO - Launched client for cluster=0, store=1035
2025-03-27 08:20:41,285 - INFO - [Clients] 2025-03-27 08:20:41,277 - INFO - Launched client for cluster=0, store=1035
2025-03-27 08:20:41,314 - INFO - [Clients] 2025-03-27 08:20:41,309 - INFO - Launched client for cluster=0, store=1035
2025-03-27 08:20:41,381 - INFO - [Clients] 2025-03-27 08:20:41,380 - INFO - Launched client for cluster=0, store=1036
2025-03-27 08:20:41,414 - INFO - [Clients] 2025-03-27 08:20:41,411 - INFO - Launched client for cluster=0, store=1036
2025-03-27 08:20:41,432 - INFO - [Clients] 2025-03-27 08:20:41,427 - INFO - Launched client for cluster=0, store=1036
2025-03-27 08:20:41,523 - INFO - [Clients] 2025-03-27 08:20:41,521 - INFO - Launched client for cluster=0, store=1037
2025-03-27 08:20:41,582 - INFO - [Clients] 2025-03-27 08:20:41,577 - INFO - Launched client for cluster=0, store=1037
2025-03-27 08:20:41,585 - INFO - [Clients] 2025-03-27 08:20:41,585 - INFO - Launched client for cluster=0, store=1037
2025-03-27 08:20:41,671 - INFO - [Clients] 2025-03-27 08:20:41,666 - INFO - Launched client for cluster=0, store=1042
2025-03-27 08:20:41,735 - INFO - [Clients] 2025-03-27 08:20:41,733 - INFO - Launched client for cluster=0, store=1042
2025-03-27 08:20:41,827 - INFO - [Clients] 2025-03-27 08:20:41,818 - INFO - Launched client for cluster=0, store=1042
2025-03-27 08:20:41,828 - INFO - [Clients] 2025-03-27 08:20:41,819 - INFO - Launched client for cluster=0, store=1044
2025-03-27 08:20:41,909 - INFO - [Clients] 2025-03-27 08:20:41,898 - INFO - Launched client for cluster=0, store=1044
2025-03-27 08:20:41,948 - INFO - [Clients] 2025-03-27 08:20:41,944 - INFO - Launched client for cluster=0, store=1044
2025-03-27 08:20:41,949 - INFO - [Clients] 2025-03-27 08:20:41,945 - INFO - Launched client for cluster=0, store=1045
2025-03-27 08:20:42,072 - INFO - [Clients] 2025-03-27 08:20:42,056 - INFO - Launched client for cluster=0, store=1045
2025-03-27 08:20:42,077 - INFO - [Clients] 2025-03-27 08:20:42,076 - INFO - Launched client for cluster=0, store=1047
2025-03-27 08:20:42,115 - INFO - [Clients] 2025-03-27 08:20:42,115 - INFO - Launched client for cluster=0, store=1045
2025-03-27 08:20:42,183 - INFO - [Clients] 2025-03-27 08:20:42,182 - INFO - Launched client for cluster=0, store=1047
2025-03-27 08:20:42,217 - INFO - [Clients] 2025-03-27 08:20:42,217 - INFO - Launched client for cluster=0, store=1048
2025-03-27 08:20:42,221 - INFO - [Clients] 2025-03-27 08:20:42,220 - INFO - Launched client for cluster=0, store=1047
2025-03-27 08:20:42,357 - INFO - [Clients] 2025-03-27 08:20:42,356 - INFO - Launched client for cluster=0, store=105
2025-03-27 08:20:42,366 - INFO - [Clients] 2025-03-27 08:20:42,366 - INFO - Launched client for cluster=0, store=1048
2025-03-27 08:20:42,379 - INFO - [Clients] 2025-03-27 08:20:42,369 - INFO - Launched client for cluster=0, store=1048
2025-03-27 08:20:42,463 - INFO - [Clients] 2025-03-27 08:20:42,463 - INFO - Launched client for cluster=0, store=1050
2025-03-27 08:20:42,606 - INFO - [Clients] 2025-03-27 08:20:42,596 - INFO - Launched client for cluster=0, store=105
2025-03-27 08:20:42,607 - INFO - [Clients] 2025-03-27 08:20:42,606 - INFO - Launched client for cluster=0, store=105
2025-03-27 08:20:42,613 - INFO - [Clients] 2025-03-27 08:20:42,612 - INFO - Launched client for cluster=0, store=1051
2025-03-27 08:20:42,725 - INFO - [Clients] 2025-03-27 08:20:42,722 - INFO - Launched client for cluster=0, store=1050
2025-03-27 08:20:42,806 - INFO - [Clients] 2025-03-27 08:20:42,763 - INFO - Launched client for cluster=0, store=1050
2025-03-27 08:20:42,873 - INFO - [Clients] 2025-03-27 08:20:42,870 - INFO - Launched client for cluster=0, store=1052
2025-03-27 08:20:42,898 - INFO - [Clients] 2025-03-27 08:20:42,891 - INFO - Launched client for cluster=0, store=1051
2025-03-27 08:20:42,965 - INFO - [Clients] 2025-03-27 08:20:42,965 - INFO - Launched client for cluster=0, store=1051
2025-03-27 08:20:43,031 - INFO - [Clients] 2025-03-27 08:20:43,031 - INFO - Launched client for cluster=0, store=1054
2025-03-27 08:20:43,100 - INFO - [Clients] 2025-03-27 08:20:43,100 - INFO - Launched client for cluster=0, store=1052
2025-03-27 08:20:43,100 - INFO - [Clients] 2025-03-27 08:20:43,100 - INFO - Launched client for cluster=0, store=1052
2025-03-27 08:20:43,110 - INFO - 3 servers still running...
2025-03-27 08:20:43,139 - INFO - [Clients] 2025-03-27 08:20:43,139 - INFO - Launched client for cluster=0, store=1055
2025-03-27 08:20:43,215 - INFO - [Clients] 2025-03-27 08:20:43,215 - INFO - Launched client for cluster=0, store=1054
2025-03-27 08:20:43,215 - INFO - [Clients] 2025-03-27 08:20:43,215 - INFO - Launched client for cluster=0, store=1054
2025-03-27 08:20:43,266 - INFO - [Clients] 2025-03-27 08:20:43,265 - INFO - Launched client for cluster=0, store=1057
2025-03-27 08:20:43,342 - INFO - [Clients] 2025-03-27 08:20:43,339 - INFO - Launched client for cluster=0, store=1055
2025-03-27 08:20:43,405 - INFO - [Clients] 2025-03-27 08:20:43,389 - INFO - Launched client for cluster=0, store=1055
2025-03-27 08:20:43,461 - INFO - [Clients] 2025-03-27 08:20:43,449 - INFO - Launched client for cluster=0, store=1058
2025-03-27 08:20:43,464 - INFO - [Clients] 2025-03-27 08:20:43,464 - INFO - Launched client for cluster=0, store=1057
2025-03-27 08:20:43,598 - INFO - [Clients] 2025-03-27 08:20:43,598 - INFO - Launched client for cluster=0, store=1058
2025-03-27 08:20:43,609 - INFO - [Clients] 2025-03-27 08:20:43,608 - INFO - Launched client for cluster=0, store=1057
2025-03-27 08:20:43,612 - INFO - [Clients] 2025-03-27 08:20:43,612 - INFO - Launched client for cluster=0, store=1060
2025-03-27 08:20:43,741 - INFO - [Clients] 2025-03-27 08:20:43,736 - INFO - Launched client for cluster=0, store=1058
2025-03-27 08:20:43,748 - INFO - [Clients] 2025-03-27 08:20:43,745 - INFO - Launched client for cluster=0, store=1061
2025-03-27 08:20:43,748 - INFO - [Clients] 2025-03-27 08:20:43,746 - INFO - Launched client for cluster=0, store=1060
2025-03-27 08:20:43,852 - INFO - [Clients] 2025-03-27 08:20:43,851 - INFO - Launched client for cluster=0, store=1060
2025-03-27 08:20:43,852 - INFO - [Clients] 2025-03-27 08:20:43,852 - INFO - Launched client for cluster=0, store=1062
2025-03-27 08:20:43,855 - INFO - [Clients] 2025-03-27 08:20:43,855 - INFO - Launched client for cluster=0, store=1061
2025-03-27 08:20:43,959 - INFO - [Clients] 2025-03-27 08:20:43,959 - INFO - Launched client for cluster=0, store=1061
2025-03-27 08:20:43,961 - INFO - [Clients] 2025-03-27 08:20:43,961 - INFO - Launched client for cluster=0, store=1063
2025-03-27 08:20:43,963 - INFO - [Clients] 2025-03-27 08:20:43,962 - INFO - Launched client for cluster=0, store=1062
2025-03-27 08:20:44,068 - INFO - [Clients] 2025-03-27 08:20:44,068 - INFO - Launched client for cluster=0, store=1063
2025-03-27 08:20:44,069 - INFO - [Clients] 2025-03-27 08:20:44,068 - INFO - Launched client for cluster=0, store=1062
2025-03-27 08:20:44,070 - INFO - [Clients] 2025-03-27 08:20:44,070 - INFO - Launched client for cluster=0, store=1068
2025-03-27 08:20:44,217 - INFO - [Clients] 2025-03-27 08:20:44,217 - INFO - Launched client for cluster=0, store=1068
2025-03-27 08:20:44,229 - INFO - [Clients] 2025-03-27 08:20:44,221 - INFO - Launched client for cluster=0, store=1069
2025-03-27 08:20:44,230 - INFO - [Clients] 2025-03-27 08:20:44,221 - INFO - Launched client for cluster=0, store=1063
2025-03-27 08:20:44,359 - INFO - [Clients] 2025-03-27 08:20:44,359 - INFO - Launched client for cluster=0, store=1069
2025-03-27 08:20:44,365 - INFO - [Clients] 2025-03-27 08:20:44,364 - INFO - Launched client for cluster=0, store=107
2025-03-27 08:20:44,365 - INFO - [Clients] 2025-03-27 08:20:44,364 - INFO - Launched client for cluster=0, store=1068
2025-03-27 08:20:44,478 - INFO - [Clients] 2025-03-27 08:20:44,478 - INFO - Launched client for cluster=0, store=107
2025-03-27 08:20:44,478 - INFO - [Clients] 2025-03-27 08:20:44,478 - INFO - Launched client for cluster=0, store=1070
2025-03-27 08:20:44,479 - INFO - [Clients] 2025-03-27 08:20:44,478 - INFO - Launched client for cluster=0, store=1069
2025-03-27 08:20:44,479 - INFO - [Clients] 2025-03-27 08:20:44,479 - INFO - At concurrency limit (50). Waiting a bit...
2025-03-27 08:20:44,617 - INFO - [Clients] 2025-03-27 08:20:44,616 - INFO - Launched client for cluster=0, store=1070
2025-03-27 08:20:44,656 - INFO - [Clients] 2025-03-27 08:20:44,654 - INFO - At concurrency limit (50). Waiting a bit...
2025-03-27 08:20:44,658 - INFO - [Clients] 2025-03-27 08:20:44,654 - INFO - Launched client for cluster=0, store=107
2025-03-27 08:20:44,857 - INFO - [Clients] 2025-03-27 08:20:44,856 - INFO - Launched client for cluster=0, store=1070
2025-03-27 08:20:44,857 - INFO - [Clients] 2025-03-27 08:20:44,857 - INFO - At concurrency limit (50). Waiting a bit...
2025-03-27 08:20:47,489 - INFO - [Clients] 2025-03-27 08:20:47,485 - INFO - At concurrency limit (50). Waiting a bit...
2025-03-27 08:20:47,670 - INFO - [Clients] 2025-03-27 08:20:47,661 - INFO - At concurrency limit (50). Waiting a bit...
2025-03-27 08:20:47,868 - INFO - [Clients] 2025-03-27 08:20:47,865 - INFO - At concurrency limit (50). Waiting a bit...
2025-03-27 08:20:48,117 - INFO - 3 servers still running...
2025-03-27 08:20:50,494 - INFO - [Clients] 2025-03-27 08:20:50,493 - INFO - At concurrency limit (50). Waiting a bit...
2025-03-27 08:20:50,668 - INFO - [Clients] 2025-03-27 08:20:50,667 - INFO - At concurrency limit (50). Waiting a bit...
2025-03-27 08:20:50,873 - INFO - [Clients] 2025-03-27 08:20:50,872 - INFO - At concurrency limit (50). Waiting a bit...
2025-03-27 08:20:53,123 - INFO - 3 servers still running...
2025-03-27 08:20:53,496 - INFO - [Clients] 2025-03-27 08:20:53,496 - INFO - At concurrency limit (50). Waiting a bit...
2025-03-27 08:20:53,673 - INFO - [Clients] 2025-03-27 08:20:53,673 - INFO - At concurrency limit (50). Waiting a bit...
2025-03-27 08:20:53,875 - INFO - [Clients] 2025-03-27 08:20:53,875 - INFO - At concurrency limit (50). Waiting a bit...
2025-03-27 08:20:55,016 - INFO - [Server-2] 2025-03-27 08:20:55 - [Server 2] - INFO - [Server 2] Logging initialized -> ../logs/run_20250327_082032/server_cluster_2.log
2025-03-27 08:20:55,016 - INFO - [Server-2] [93mWARNING [0m:   DEPRECATED FEATURE: flwr.server.start_server() is deprecated.
2025-03-27 08:20:55,016 - INFO - [Server-2] 	Instead, use the `flower-superlink` CLI command to start a SuperLink as shown below:
2025-03-27 08:20:55,016 - INFO - [Server-2] 
2025-03-27 08:20:55,016 - INFO - [Server-2] 		$ flower-superlink --insecure
2025-03-27 08:20:55,016 - INFO - [Server-2] 
2025-03-27 08:20:55,016 - INFO - [Server-2] 	To view usage and all available options, run:
2025-03-27 08:20:55,016 - INFO - [Server-2] 
2025-03-27 08:20:55,016 - INFO - [Server-2] 		$ flower-superlink --help
2025-03-27 08:20:55,016 - INFO - [Server-2] 
2025-03-27 08:20:55,016 - INFO - [Server-2] 	Using `start_server()` is deprecated.
2025-03-27 08:20:55,016 - INFO - [Server-2] 
2025-03-27 08:20:55,016 - INFO - [Server-2]             This is a deprecated feature. It will be removed
2025-03-27 08:20:55,016 - INFO - [Server-2]             entirely in future versions of Flower.
2025-03-27 08:20:55,016 - INFO - [Server-2] 
2025-03-27 08:20:55,506 - INFO - [Server-2] [92mINFO [0m:      Starting Flower server, config: num_rounds=10, no round_timeout
2025-03-27 08:20:55,507 - INFO - [Server-2] 2025-03-27 08:20:55 - [Server 2] - INFO - Starting Flower server, config: num_rounds=10, no round_timeout
2025-03-27 08:20:55,687 - INFO - [Server-2] [92mINFO [0m:      Flower ECE: gRPC server running (10 rounds), SSL is disabled
2025-03-27 08:20:55,688 - INFO - [Server-2] 2025-03-27 08:20:55 - [Server 2] - INFO - Flower ECE: gRPC server running (10 rounds), SSL is disabled
2025-03-27 08:20:55,688 - INFO - [Server-2] [92mINFO [0m:      [INIT]
2025-03-27 08:20:55,688 - INFO - [Server-2] 2025-03-27 08:20:55 - [Server 2] - INFO - [INIT]
2025-03-27 08:20:55,688 - INFO - [Server-2] [92mINFO [0m:      Requesting initial parameters from one random client
2025-03-27 08:20:55,688 - INFO - [Server-2] 2025-03-27 08:20:55 - [Server 2] - INFO - Requesting initial parameters from one random client
2025-03-27 08:20:56,499 - INFO - [Clients] 2025-03-27 08:20:56,499 - INFO - At concurrency limit (50). Waiting a bit...
2025-03-27 08:20:56,679 - INFO - [Clients] 2025-03-27 08:20:56,679 - INFO - At concurrency limit (50). Waiting a bit...
2025-03-27 08:20:56,880 - INFO - [Clients] 2025-03-27 08:20:56,880 - INFO - At concurrency limit (50). Waiting a bit...
2025-03-27 08:20:58,129 - INFO - 3 servers still running...
2025-03-27 08:20:59,505 - INFO - [Clients] 2025-03-27 08:20:59,504 - INFO - At concurrency limit (50). Waiting a bit...
2025-03-27 08:20:59,684 - INFO - [Clients] 2025-03-27 08:20:59,684 - INFO - At concurrency limit (50). Waiting a bit...
2025-03-27 08:20:59,886 - INFO - [Clients] 2025-03-27 08:20:59,885 - INFO - At concurrency limit (50). Waiting a bit...
2025-03-27 08:21:02,342 - INFO - [Server-0] 2025-03-27 08:21:02 - [Server 0] - INFO - [Server 0] Logging initialized -> ../logs/run_20250327_082032/server_cluster_0.log
2025-03-27 08:21:02,342 - INFO - [Server-0] [93mWARNING [0m:   DEPRECATED FEATURE: flwr.server.start_server() is deprecated.
2025-03-27 08:21:02,342 - INFO - [Server-0] 	Instead, use the `flower-superlink` CLI command to start a SuperLink as shown below:
2025-03-27 08:21:02,342 - INFO - [Server-0] 
2025-03-27 08:21:02,342 - INFO - [Server-0] 		$ flower-superlink --insecure
2025-03-27 08:21:02,342 - INFO - [Server-0] 
2025-03-27 08:21:02,342 - INFO - [Server-0] 	To view usage and all available options, run:
2025-03-27 08:21:02,342 - INFO - [Server-0] 
2025-03-27 08:21:02,342 - INFO - [Server-0] 		$ flower-superlink --help
2025-03-27 08:21:02,342 - INFO - [Server-0] 
2025-03-27 08:21:02,343 - INFO - [Server-0] 	Using `start_server()` is deprecated.
2025-03-27 08:21:02,343 - INFO - [Server-0] 
2025-03-27 08:21:02,343 - INFO - [Server-0]             This is a deprecated feature. It will be removed
2025-03-27 08:21:02,344 - INFO - [Server-0]             entirely in future versions of Flower.
2025-03-27 08:21:02,344 - INFO - [Server-0] 
2025-03-27 08:21:02,344 - INFO - [Server-0] [92mINFO [0m:      Starting Flower server, config: num_rounds=10, no round_timeout
2025-03-27 08:21:02,344 - INFO - [Server-0] 2025-03-27 08:21:02 - [Server 0] - INFO - Starting Flower server, config: num_rounds=10, no round_timeout
2025-03-27 08:21:02,500 - INFO - [Server-0] [92mINFO [0m:      Flower ECE: gRPC server running (10 rounds), SSL is disabled
2025-03-27 08:21:02,500 - INFO - [Server-0] 2025-03-27 08:21:02 - [Server 0] - INFO - Flower ECE: gRPC server running (10 rounds), SSL is disabled
2025-03-27 08:21:02,501 - INFO - [Server-0] [92mINFO [0m:      [INIT]
2025-03-27 08:21:02,501 - INFO - [Server-0] 2025-03-27 08:21:02 - [Server 0] - INFO - [INIT]
2025-03-27 08:21:02,501 - INFO - [Server-0] [92mINFO [0m:      Requesting initial parameters from one random client
2025-03-27 08:21:02,502 - INFO - [Server-0] 2025-03-27 08:21:02 - [Server 0] - INFO - Requesting initial parameters from one random client
2025-03-27 08:21:02,508 - INFO - [Clients] 2025-03-27 08:21:02,508 - INFO - At concurrency limit (50). Waiting a bit...
2025-03-27 08:21:02,691 - INFO - [Clients] 2025-03-27 08:21:02,690 - INFO - At concurrency limit (50). Waiting a bit...
2025-03-27 08:21:02,892 - INFO - [Clients] 2025-03-27 08:21:02,891 - INFO - At concurrency limit (50). Waiting a bit...
2025-03-27 08:21:03,136 - INFO - 3 servers still running...
2025-03-27 08:21:05,532 - INFO - [Clients] 2025-03-27 08:21:05,521 - INFO - At concurrency limit (50). Waiting a bit...
2025-03-27 08:21:05,764 - INFO - [Clients] 2025-03-27 08:21:05,760 - INFO - At concurrency limit (50). Waiting a bit...
2025-03-27 08:21:05,996 - INFO - [Clients] 2025-03-27 08:21:05,942 - INFO - At concurrency limit (50). Waiting a bit...
2025-03-27 08:21:06,134 - INFO - [Server-1] 2025-03-27 08:21:06 - [Server 1] - INFO - [Server 1] Logging initialized -> ../logs/run_20250327_082032/server_cluster_1.log
2025-03-27 08:21:06,349 - INFO - [Server-1] [93mWARNING [0m:   DEPRECATED FEATURE: flwr.server.start_server() is deprecated.
2025-03-27 08:21:06,349 - INFO - [Server-1] 	Instead, use the `flower-superlink` CLI command to start a SuperLink as shown below:
2025-03-27 08:21:06,349 - INFO - [Server-1] 
2025-03-27 08:21:06,349 - INFO - [Server-1] 		$ flower-superlink --insecure
2025-03-27 08:21:06,350 - INFO - [Server-1] 
2025-03-27 08:21:06,350 - INFO - [Server-1] 	To view usage and all available options, run:
2025-03-27 08:21:06,350 - INFO - [Server-1] 
2025-03-27 08:21:06,350 - INFO - [Server-1] 		$ flower-superlink --help
2025-03-27 08:21:06,353 - INFO - [Server-1] 
2025-03-27 08:21:06,353 - INFO - [Server-1] 	Using `start_server()` is deprecated.
2025-03-27 08:21:06,353 - INFO - [Server-1] 
2025-03-27 08:21:06,353 - INFO - [Server-1]             This is a deprecated feature. It will be removed
2025-03-27 08:21:06,353 - INFO - [Server-1]             entirely in future versions of Flower.
2025-03-27 08:21:06,360 - INFO - [Server-1] 
2025-03-27 08:21:06,542 - INFO - [Server-1] [92mINFO [0m:      Starting Flower server, config: num_rounds=10, no round_timeout
2025-03-27 08:21:06,544 - INFO - [Server-1] 2025-03-27 08:21:06 - [Server 1] - INFO - Starting Flower server, config: num_rounds=10, no round_timeout
2025-03-27 08:21:06,941 - INFO - [Server-1] [92mINFO [0m:      Flower ECE: gRPC server running (10 rounds), SSL is disabled
2025-03-27 08:21:06,947 - INFO - [Server-1] 2025-03-27 08:21:06 - [Server 1] - INFO - Flower ECE: gRPC server running (10 rounds), SSL is disabled
2025-03-27 08:21:06,955 - INFO - [Server-1] [92mINFO [0m:      [INIT]
2025-03-27 08:21:06,955 - INFO - [Server-1] 2025-03-27 08:21:06 - [Server 1] - INFO - [INIT]
2025-03-27 08:21:06,962 - INFO - [Server-1] [92mINFO [0m:      Requesting initial parameters from one random client
2025-03-27 08:21:06,962 - INFO - [Server-1] 2025-03-27 08:21:06 - [Server 1] - INFO - Requesting initial parameters from one random client
2025-03-27 08:21:08,139 - INFO - 3 servers still running...
2025-03-27 08:21:08,536 - INFO - [Clients] 2025-03-27 08:21:08,531 - INFO - At concurrency limit (50). Waiting a bit...
2025-03-27 08:21:08,771 - INFO - [Clients] 2025-03-27 08:21:08,769 - INFO - At concurrency limit (50). Waiting a bit...
2025-03-27 08:21:09,020 - INFO - [Clients] 2025-03-27 08:21:09,011 - INFO - At concurrency limit (50). Waiting a bit...
2025-03-27 08:21:11,647 - INFO - [Clients] 2025-03-27 08:21:11,567 - INFO - At concurrency limit (50). Waiting a bit...
2025-03-27 08:21:11,887 - INFO - [Clients] 2025-03-27 08:21:11,827 - INFO - At concurrency limit (50). Waiting a bit...
2025-03-27 08:21:12,059 - INFO - [Clients] 2025-03-27 08:21:12,037 - INFO - At concurrency limit (50). Waiting a bit...
2025-03-27 08:21:13,157 - INFO - 3 servers still running...
2025-03-27 08:21:14,697 - INFO - [Clients] 2025-03-27 08:21:14,651 - INFO - At concurrency limit (50). Waiting a bit...
2025-03-27 08:21:14,965 - INFO - [Clients] 2025-03-27 08:21:14,930 - INFO - At concurrency limit (50). Waiting a bit...
2025-03-27 08:21:15,093 - INFO - [Clients] 2025-03-27 08:21:15,079 - INFO - At concurrency limit (50). Waiting a bit...
2025-03-27 08:21:17,711 - INFO - [Clients] 2025-03-27 08:21:17,689 - INFO - At concurrency limit (50). Waiting a bit...
2025-03-27 08:21:18,084 - INFO - [Clients] 2025-03-27 08:21:18,028 - INFO - At concurrency limit (50). Waiting a bit...
2025-03-27 08:21:18,143 - INFO - [Clients] 2025-03-27 08:21:18,136 - INFO - At concurrency limit (50). Waiting a bit...
2025-03-27 08:21:18,203 - INFO - 3 servers still running...
2025-03-27 08:21:20,922 - INFO - [Clients] 2025-03-27 08:21:20,802 - INFO - At concurrency limit (50). Waiting a bit...
2025-03-27 08:21:21,666 - INFO - [Clients] 2025-03-27 08:21:21,131 - INFO - At concurrency limit (50). Waiting a bit...
2025-03-27 08:21:21,664 - INFO - [Clients] 2025-03-27 08:21:21,199 - INFO - At concurrency limit (50). Waiting a bit...
2025-03-27 08:21:23,262 - INFO - 3 servers still running...
2025-03-27 08:21:23,912 - INFO - [Clients] 2025-03-27 08:21:23,897 - INFO - At concurrency limit (50). Waiting a bit...
2025-03-27 08:21:24,658 - INFO - [Clients] 2025-03-27 08:21:24,642 - INFO - At concurrency limit (50). Waiting a bit...
2025-03-27 08:21:24,663 - INFO - [Clients] 2025-03-27 08:21:24,645 - INFO - At concurrency limit (50). Waiting a bit...
2025-03-27 08:21:27,151 - INFO - [Clients] 2025-03-27 08:21:27,013 - INFO - At concurrency limit (50). Waiting a bit...
2025-03-27 08:21:27,762 - INFO - [Clients] 2025-03-27 08:21:27,690 - INFO - At concurrency limit (50). Waiting a bit...
2025-03-27 08:21:27,765 - INFO - [Clients] 2025-03-27 08:21:27,688 - INFO - At concurrency limit (50). Waiting a bit...
2025-03-27 08:21:28,291 - INFO - 3 servers still running...
2025-03-27 08:21:30,149 - INFO - [Clients] 2025-03-27 08:21:30,139 - INFO - At concurrency limit (50). Waiting a bit...
2025-03-27 08:21:30,777 - INFO - [Clients] 2025-03-27 08:21:30,764 - INFO - At concurrency limit (50). Waiting a bit...
2025-03-27 08:21:30,788 - INFO - [Clients] 2025-03-27 08:21:30,765 - INFO - At concurrency limit (50). Waiting a bit...
2025-03-27 08:21:33,308 - INFO - 3 servers still running...
2025-03-27 08:21:33,488 - INFO - [Clients] 2025-03-27 08:21:33,226 - INFO - At concurrency limit (50). Waiting a bit...
2025-03-27 08:21:33,862 - INFO - [Clients] 2025-03-27 08:21:33,827 - INFO - At concurrency limit (50). Waiting a bit...
2025-03-27 08:21:33,922 - INFO - [Clients] 2025-03-27 08:21:33,830 - INFO - At concurrency limit (50). Waiting a bit...
2025-03-27 08:21:36,525 - INFO - [Clients] 2025-03-27 08:21:36,513 - INFO - At concurrency limit (50). Waiting a bit...
2025-03-27 08:21:36,930 - INFO - [Clients] 2025-03-27 08:21:36,879 - INFO - At concurrency limit (50). Waiting a bit...
2025-03-27 08:21:37,038 - INFO - [Clients] 2025-03-27 08:21:36,987 - INFO - At concurrency limit (50). Waiting a bit...
2025-03-27 08:21:38,412 - INFO - 3 servers still running...
2025-03-27 08:21:39,619 - INFO - [Clients] 2025-03-27 08:21:39,569 - INFO - At concurrency limit (50). Waiting a bit...
2025-03-27 08:21:39,998 - INFO - [Clients] 2025-03-27 08:21:39,967 - INFO - At concurrency limit (50). Waiting a bit...
2025-03-27 08:21:40,076 - INFO - [Clients] 2025-03-27 08:21:40,059 - INFO - At concurrency limit (50). Waiting a bit...
2025-03-27 08:21:42,613 - INFO - [Clients] 2025-03-27 08:21:42,602 - INFO - At concurrency limit (50). Waiting a bit...
2025-03-27 08:21:43,073 - INFO - [Clients] 2025-03-27 08:21:43,015 - INFO - At concurrency limit (50). Waiting a bit...
2025-03-27 08:21:43,177 - INFO - [Clients] 2025-03-27 08:21:43,127 - INFO - At concurrency limit (50). Waiting a bit...
2025-03-27 08:21:43,429 - INFO - 3 servers still running...
2025-03-27 08:21:45,649 - INFO - [Clients] 2025-03-27 08:21:45,640 - INFO - At concurrency limit (50). Waiting a bit...
2025-03-27 08:21:46,140 - INFO - [Clients] 2025-03-27 08:21:46,093 - INFO - At concurrency limit (50). Waiting a bit...
2025-03-27 08:21:46,240 - INFO - [Clients] 2025-03-27 08:21:46,197 - INFO - At concurrency limit (50). Waiting a bit...
2025-03-27 08:21:48,470 - INFO - 3 servers still running...
2025-03-27 08:21:48,652 - INFO - [Clients] 2025-03-27 08:21:48,651 - INFO - At concurrency limit (50). Waiting a bit...
2025-03-27 08:21:49,251 - INFO - [Clients] 2025-03-27 08:21:49,199 - INFO - At concurrency limit (50). Waiting a bit...
2025-03-27 08:21:49,359 - INFO - [Clients] 2025-03-27 08:21:49,254 - INFO - At concurrency limit (50). Waiting a bit...
2025-03-27 08:21:51,755 - INFO - [Clients] 2025-03-27 08:21:51,676 - INFO - At concurrency limit (50). Waiting a bit...
2025-03-27 08:21:52,376 - INFO - [Clients] 2025-03-27 08:21:52,243 - INFO - At concurrency limit (50). Waiting a bit...
2025-03-27 08:21:52,492 - INFO - [Clients] 2025-03-27 08:21:52,426 - INFO - At concurrency limit (50). Waiting a bit...
2025-03-27 08:21:53,509 - INFO - 3 servers still running...
2025-03-27 08:21:54,935 - INFO - [Clients] 2025-03-27 08:21:54,800 - INFO - At concurrency limit (50). Waiting a bit...
2025-03-27 08:21:55,938 - INFO - [Clients] 2025-03-27 08:21:55,532 - INFO - At concurrency limit (50). Waiting a bit...
2025-03-27 08:21:55,951 - INFO - [Clients] 2025-03-27 08:21:55,358 - INFO - At concurrency limit (50). Waiting a bit...
2025-03-27 08:21:58,043 - INFO - [Clients] 2025-03-27 08:21:57,974 - INFO - At concurrency limit (50). Waiting a bit...
2025-03-27 08:21:58,903 - INFO - 3 servers still running...
2025-03-27 08:21:59,014 - INFO - [Clients] 2025-03-27 08:21:58,973 - INFO - At concurrency limit (50). Waiting a bit...
2025-03-27 08:21:59,017 - INFO - [Clients] 2025-03-27 08:21:58,970 - INFO - At concurrency limit (50). Waiting a bit...
2025-03-27 08:22:01,033 - INFO - [Clients] 2025-03-27 08:22:01,026 - INFO - At concurrency limit (50). Waiting a bit...
2025-03-27 08:22:02,140 - INFO - [Clients] 2025-03-27 08:22:02,093 - INFO - At concurrency limit (50). Waiting a bit...
2025-03-27 08:22:02,135 - INFO - [Clients] 2025-03-27 08:22:02,076 - INFO - At concurrency limit (50). Waiting a bit...
2025-03-27 08:22:03,967 - INFO - 3 servers still running...
2025-03-27 08:22:04,139 - INFO - [Clients] 2025-03-27 08:22:04,075 - INFO - At concurrency limit (50). Waiting a bit...
2025-03-27 08:22:05,255 - INFO - [Clients] 2025-03-27 08:22:05,158 - INFO - At concurrency limit (50). Waiting a bit...
2025-03-27 08:22:05,264 - INFO - [Clients] 2025-03-27 08:22:05,178 - INFO - At concurrency limit (50). Waiting a bit...
2025-03-27 08:22:07,265 - INFO - [Clients] 2025-03-27 08:22:07,152 - INFO - At concurrency limit (50). Waiting a bit...
2025-03-27 08:22:08,210 - INFO - [Clients] 2025-03-27 08:22:08,198 - INFO - At concurrency limit (50). Waiting a bit...
2025-03-27 08:22:08,323 - INFO - [Clients] 2025-03-27 08:22:08,269 - INFO - At concurrency limit (50). Waiting a bit...
2025-03-27 08:22:09,028 - INFO - 3 servers still running...
2025-03-27 08:22:11,034 - INFO - [Clients] 2025-03-27 08:22:10,255 - INFO - At concurrency limit (50). Waiting a bit...
2025-03-27 08:22:11,975 - INFO - [Clients] 2025-03-27 08:22:11,350 - INFO - At concurrency limit (50). Waiting a bit...
2025-03-27 08:22:12,006 - INFO - [Clients] 2025-03-27 08:22:11,252 - INFO - At concurrency limit (50). Waiting a bit...
2025-03-27 08:22:14,143 - INFO - [Clients] 2025-03-27 08:22:14,052 - INFO - At concurrency limit (50). Waiting a bit...
2025-03-27 08:22:15,047 - INFO - [Clients] 2025-03-27 08:22:14,999 - INFO - At concurrency limit (50). Waiting a bit...
2025-03-27 08:22:15,040 - INFO - 3 servers still running...
2025-03-27 08:22:15,073 - INFO - [Clients] 2025-03-27 08:22:15,029 - INFO - At concurrency limit (50). Waiting a bit...
2025-03-27 08:22:17,218 - INFO - [Clients] 2025-03-27 08:22:17,153 - INFO - At concurrency limit (50). Waiting a bit...
2025-03-27 08:22:18,099 - INFO - [Clients] 2025-03-27 08:22:18,037 - INFO - At concurrency limit (50). Waiting a bit...
2025-03-27 08:22:18,116 - INFO - [Clients] 2025-03-27 08:22:18,087 - INFO - At concurrency limit (50). Waiting a bit...
2025-03-27 08:22:20,138 - INFO - 3 servers still running...
2025-03-27 08:22:20,893 - INFO - [Clients] 2025-03-27 08:22:20,233 - INFO - At concurrency limit (50). Waiting a bit...
2025-03-27 08:22:21,186 - INFO - [Clients] 2025-03-27 08:22:21,140 - INFO - At concurrency limit (50). Waiting a bit...
2025-03-27 08:22:21,217 - INFO - [Clients] 2025-03-27 08:22:21,177 - INFO - At concurrency limit (50). Waiting a bit...
2025-03-27 08:22:24,023 - INFO - [Clients] 2025-03-27 08:22:23,941 - INFO - At concurrency limit (50). Waiting a bit...
2025-03-27 08:22:24,301 - INFO - [Clients] 2025-03-27 08:22:24,262 - INFO - At concurrency limit (50). Waiting a bit...
2025-03-27 08:22:24,315 - INFO - [Clients] 2025-03-27 08:22:24,276 - INFO - At concurrency limit (50). Waiting a bit...
2025-03-27 08:22:25,170 - INFO - 3 servers still running...
2025-03-27 08:22:27,221 - INFO - [Clients] 2025-03-27 08:22:27,017 - INFO - At concurrency limit (50). Waiting a bit...
2025-03-27 08:22:27,968 - INFO - [Clients] 2025-03-27 08:22:27,354 - INFO - At concurrency limit (50). Waiting a bit...
2025-03-27 08:22:27,984 - INFO - [Clients] 2025-03-27 08:22:27,328 - INFO - At concurrency limit (50). Waiting a bit...
2025-03-27 08:22:30,209 - INFO - 3 servers still running...
2025-03-27 08:22:30,227 - INFO - [Clients] 2025-03-27 08:22:30,185 - INFO - At concurrency limit (50). Waiting a bit...
2025-03-27 08:22:31,056 - INFO - [Clients] 2025-03-27 08:22:31,012 - INFO - At concurrency limit (50). Waiting a bit...
2025-03-27 08:22:31,057 - INFO - [Clients] 2025-03-27 08:22:31,018 - INFO - At concurrency limit (50). Waiting a bit...
2025-03-27 08:22:33,269 - INFO - [Clients] 2025-03-27 08:22:33,255 - INFO - At concurrency limit (50). Waiting a bit...
2025-03-27 08:22:34,160 - INFO - [Clients] 2025-03-27 08:22:34,110 - INFO - At concurrency limit (50). Waiting a bit...
2025-03-27 08:22:34,155 - INFO - [Clients] 2025-03-27 08:22:34,075 - INFO - At concurrency limit (50). Waiting a bit...
2025-03-27 08:22:35,297 - INFO - 3 servers still running...
2025-03-27 08:22:36,379 - INFO - [Clients] 2025-03-27 08:22:36,317 - INFO - At concurrency limit (50). Waiting a bit...
2025-03-27 08:22:37,392 - INFO - [Clients] 2025-03-27 08:22:37,258 - INFO - At concurrency limit (50). Waiting a bit...
2025-03-27 08:22:37,398 - INFO - [Clients] 2025-03-27 08:22:37,244 - INFO - At concurrency limit (50). Waiting a bit...
2025-03-27 08:22:39,552 - INFO - [Clients] 2025-03-27 08:22:39,383 - INFO - At concurrency limit (50). Waiting a bit...
2025-03-27 08:22:40,373 - INFO - 3 servers still running...
2025-03-27 08:22:40,484 - INFO - [Clients] 2025-03-27 08:22:40,426 - INFO - At concurrency limit (50). Waiting a bit...
2025-03-27 08:22:40,496 - INFO - [Clients] 2025-03-27 08:22:40,432 - INFO - At concurrency limit (50). Waiting a bit...
2025-03-27 08:22:42,566 - INFO - [Clients] 2025-03-27 08:22:42,536 - INFO - At concurrency limit (50). Waiting a bit...
2025-03-27 08:22:43,631 - INFO - [Clients] 2025-03-27 08:22:43,516 - INFO - At concurrency limit (50). Waiting a bit...
2025-03-27 08:22:43,620 - INFO - [Clients] 2025-03-27 08:22:43,521 - INFO - At concurrency limit (50). Waiting a bit...
2025-03-27 08:22:45,460 - INFO - 3 servers still running...
2025-03-27 08:22:45,905 - INFO - [Clients] 2025-03-27 08:22:45,586 - INFO - At concurrency limit (50). Waiting a bit...
2025-03-27 08:22:46,766 - INFO - [Clients] 2025-03-27 08:22:46,630 - INFO - At concurrency limit (50). Waiting a bit...
2025-03-27 08:22:46,759 - INFO - [Clients] 2025-03-27 08:22:46,631 - INFO - At concurrency limit (50). Waiting a bit...
2025-03-27 08:22:49,040 - INFO - [Clients] 2025-03-27 08:22:48,971 - INFO - At concurrency limit (50). Waiting a bit...
2025-03-27 08:22:49,781 - INFO - [Clients] 2025-03-27 08:22:49,727 - INFO - At concurrency limit (50). Waiting a bit...
2025-03-27 08:22:49,786 - INFO - [Clients] 2025-03-27 08:22:49,741 - INFO - At concurrency limit (50). Waiting a bit...
2025-03-27 08:22:50,508 - INFO - 3 servers still running...
2025-03-27 08:22:52,066 - INFO - [Clients] 2025-03-27 08:22:52,027 - INFO - At concurrency limit (50). Waiting a bit...
2025-03-27 08:22:52,854 - INFO - [Clients] 2025-03-27 08:22:52,800 - INFO - At concurrency limit (50). Waiting a bit...
2025-03-27 08:22:52,896 - INFO - [Clients] 2025-03-27 08:22:52,854 - INFO - At concurrency limit (50). Waiting a bit...
2025-03-27 08:22:55,230 - INFO - [Clients] 2025-03-27 08:22:55,110 - INFO - At concurrency limit (50). Waiting a bit...
2025-03-27 08:22:55,544 - INFO - 3 servers still running...
2025-03-27 08:22:55,898 - INFO - [Clients] 2025-03-27 08:22:55,890 - INFO - At concurrency limit (50). Waiting a bit...
2025-03-27 08:22:55,907 - INFO - [Clients] 2025-03-27 08:22:55,896 - INFO - At concurrency limit (50). Waiting a bit...
2025-03-27 08:22:58,286 - INFO - [Clients] 2025-03-27 08:22:58,198 - INFO - At concurrency limit (50). Waiting a bit...
2025-03-27 08:22:58,913 - INFO - [Clients] 2025-03-27 08:22:58,905 - INFO - At concurrency limit (50). Waiting a bit...
2025-03-27 08:22:58,918 - INFO - [Clients] 2025-03-27 08:22:58,905 - INFO - At concurrency limit (50). Waiting a bit...
2025-03-27 08:23:00,624 - INFO - 3 servers still running...
2025-03-27 08:23:01,274 - INFO - [Clients] 2025-03-27 08:23:01,269 - INFO - At concurrency limit (50). Waiting a bit...
2025-03-27 08:23:01,972 - INFO - [Clients] 2025-03-27 08:23:01,915 - INFO - At concurrency limit (50). Waiting a bit...
2025-03-27 08:23:02,018 - INFO - [Clients] 2025-03-27 08:23:01,976 - INFO - At concurrency limit (50). Waiting a bit...
2025-03-27 08:23:04,404 - INFO - [Clients] 2025-03-27 08:23:04,303 - INFO - At concurrency limit (50). Waiting a bit...
2025-03-27 08:23:05,196 - INFO - [Clients] 2025-03-27 08:23:05,062 - INFO - At concurrency limit (50). Waiting a bit...
2025-03-27 08:23:05,206 - INFO - [Clients] 2025-03-27 08:23:05,088 - INFO - At concurrency limit (50). Waiting a bit...
2025-03-27 08:23:05,700 - INFO - 3 servers still running...
2025-03-27 08:23:07,517 - INFO - [Clients] 2025-03-27 08:23:07,360 - INFO - At concurrency limit (50). Waiting a bit...
2025-03-27 08:23:08,421 - INFO - [Clients] 2025-03-27 08:23:08,144 - INFO - At concurrency limit (50). Waiting a bit...
2025-03-27 08:23:08,398 - INFO - [Clients] 2025-03-27 08:23:08,146 - INFO - At concurrency limit (50). Waiting a bit...
2025-03-27 08:23:10,611 - INFO - [Clients] 2025-03-27 08:23:10,573 - INFO - At concurrency limit (50). Waiting a bit...
2025-03-27 08:23:10,732 - INFO - 3 servers still running...
2025-03-27 08:23:11,443 - INFO - [Clients] 2025-03-27 08:23:11,394 - INFO - At concurrency limit (50). Waiting a bit...
2025-03-27 08:23:11,455 - INFO - [Clients] 2025-03-27 08:23:11,395 - INFO - At concurrency limit (50). Waiting a bit...
2025-03-27 08:23:13,693 - INFO - [Clients] 2025-03-27 08:23:13,658 - INFO - At concurrency limit (50). Waiting a bit...
2025-03-27 08:23:14,415 - INFO - [Clients] 2025-03-27 08:23:14,404 - INFO - At concurrency limit (50). Waiting a bit...
2025-03-27 08:23:14,419 - INFO - [Clients] 2025-03-27 08:23:14,409 - INFO - At concurrency limit (50). Waiting a bit...
2025-03-27 08:23:15,785 - INFO - 3 servers still running...
2025-03-27 08:23:16,702 - INFO - [Clients] 2025-03-27 08:23:16,685 - INFO - At concurrency limit (50). Waiting a bit...
2025-03-27 08:23:17,513 - INFO - [Clients] 2025-03-27 08:23:17,442 - INFO - At concurrency limit (50). Waiting a bit...
2025-03-27 08:23:17,536 - INFO - [Clients] 2025-03-27 08:23:17,487 - INFO - At concurrency limit (50). Waiting a bit...
2025-03-27 08:23:19,779 - INFO - [Clients] 2025-03-27 08:23:19,760 - INFO - At concurrency limit (50). Waiting a bit...
2025-03-27 08:23:20,765 - INFO - [Clients] 2025-03-27 08:23:20,562 - INFO - At concurrency limit (50). Waiting a bit...
2025-03-27 08:23:20,769 - INFO - [Clients] 2025-03-27 08:23:20,519 - INFO - At concurrency limit (50). Waiting a bit...
2025-03-27 08:23:20,808 - INFO - 3 servers still running...
2025-03-27 08:23:23,018 - INFO - [Clients] 2025-03-27 08:23:22,897 - INFO - At concurrency limit (50). Waiting a bit...
2025-03-27 08:23:23,818 - INFO - [Clients] 2025-03-27 08:23:23,735 - INFO - At concurrency limit (50). Waiting a bit...
2025-03-27 08:23:23,813 - INFO - [Clients] 2025-03-27 08:23:23,720 - INFO - At concurrency limit (50). Waiting a bit...
2025-03-27 08:23:25,840 - INFO - 3 servers still running...
2025-03-27 08:23:26,072 - INFO - [Clients] 2025-03-27 08:23:26,017 - INFO - At concurrency limit (50). Waiting a bit...
2025-03-27 08:23:26,786 - INFO - [Clients] 2025-03-27 08:23:26,785 - INFO - At concurrency limit (50). Waiting a bit...
2025-03-27 08:23:26,931 - INFO - [Clients] 2025-03-27 08:23:26,784 - INFO - At concurrency limit (50). Waiting a bit...
2025-03-27 08:23:29,203 - INFO - [Clients] 2025-03-27 08:23:29,101 - INFO - At concurrency limit (50). Waiting a bit...
2025-03-27 08:23:29,883 - INFO - [Clients] 2025-03-27 08:23:29,815 - INFO - At concurrency limit (50). Waiting a bit...
2025-03-27 08:23:30,043 - INFO - [Clients] 2025-03-27 08:23:29,996 - INFO - At concurrency limit (50). Waiting a bit...
2025-03-27 08:23:30,936 - INFO - 3 servers still running...
2025-03-27 08:23:32,147 - INFO - [Clients] 2025-03-27 08:23:32,146 - INFO - At concurrency limit (50). Waiting a bit...
2025-03-27 08:23:32,862 - INFO - [Clients] 2025-03-27 08:23:32,848 - INFO - At concurrency limit (50). Waiting a bit...
2025-03-27 08:23:33,148 - INFO - [Clients] 2025-03-27 08:23:33,099 - INFO - At concurrency limit (50). Waiting a bit...
2025-03-27 08:23:35,160 - INFO - [Clients] 2025-03-27 08:23:35,154 - INFO - At concurrency limit (50). Waiting a bit...
2025-03-27 08:23:36,001 - INFO - [Clients] 2025-03-27 08:23:35,908 - INFO - At concurrency limit (50). Waiting a bit...
2025-03-27 08:23:36,008 - INFO - 3 servers still running...
2025-03-27 08:23:36,292 - INFO - [Clients] 2025-03-27 08:23:36,205 - INFO - At concurrency limit (50). Waiting a bit...
2025-03-27 08:23:38,337 - INFO - [Clients] 2025-03-27 08:23:38,237 - INFO - At concurrency limit (50). Waiting a bit...
2025-03-27 08:23:39,138 - INFO - [Clients] 2025-03-27 08:23:38,966 - INFO - At concurrency limit (50). Waiting a bit...
2025-03-27 08:23:39,395 - INFO - [Clients] 2025-03-27 08:23:39,280 - INFO - At concurrency limit (50). Waiting a bit...
2025-03-27 08:23:41,018 - INFO - 3 servers still running...
2025-03-27 08:23:41,339 - INFO - [Clients] 2025-03-27 08:23:41,323 - INFO - At concurrency limit (50). Waiting a bit...
2025-03-27 08:23:42,185 - INFO - [Clients] 2025-03-27 08:23:42,103 - INFO - At concurrency limit (50). Waiting a bit...
2025-03-27 08:23:42,373 - INFO - [Clients] 2025-03-27 08:23:42,372 - INFO - At concurrency limit (50). Waiting a bit...
2025-03-27 08:23:44,426 - INFO - [Clients] 2025-03-27 08:23:44,366 - INFO - At concurrency limit (50). Waiting a bit...
2025-03-27 08:23:45,262 - INFO - [Clients] 2025-03-27 08:23:45,186 - INFO - At concurrency limit (50). Waiting a bit...
2025-03-27 08:23:45,443 - INFO - [Clients] 2025-03-27 08:23:45,413 - INFO - At concurrency limit (50). Waiting a bit...
2025-03-27 08:23:46,046 - INFO - 3 servers still running...
2025-03-27 08:23:48,043 - INFO - [Clients] 2025-03-27 08:23:47,408 - INFO - At concurrency limit (50). Waiting a bit...
2025-03-27 08:23:48,271 - INFO - [Clients] 2025-03-27 08:23:48,216 - INFO - At concurrency limit (50). Waiting a bit...
2025-03-27 08:23:48,518 - INFO - [Clients] 2025-03-27 08:23:48,443 - INFO - At concurrency limit (50). Waiting a bit...
2025-03-27 08:23:51,094 - INFO - 3 servers still running...
2025-03-27 08:23:51,134 - INFO - [Clients] 2025-03-27 08:23:51,091 - INFO - At concurrency limit (50). Waiting a bit...
2025-03-27 08:23:51,312 - INFO - [Clients] 2025-03-27 08:23:51,302 - INFO - At concurrency limit (50). Waiting a bit...
2025-03-27 08:23:51,671 - INFO - [Clients] 2025-03-27 08:23:51,604 - INFO - At concurrency limit (50). Waiting a bit...
2025-03-27 08:23:54,275 - INFO - [Clients] 2025-03-27 08:23:54,159 - INFO - At concurrency limit (50). Waiting a bit...
2025-03-27 08:23:54,407 - INFO - [Clients] 2025-03-27 08:23:54,339 - INFO - At concurrency limit (50). Waiting a bit...
2025-03-27 08:23:54,776 - INFO - [Clients] 2025-03-27 08:23:54,678 - INFO - At concurrency limit (50). Waiting a bit...
2025-03-27 08:23:56,170 - INFO - 3 servers still running...
2025-03-27 08:23:57,394 - INFO - [Clients] 2025-03-27 08:23:57,259 - INFO - At concurrency limit (50). Waiting a bit...
2025-03-27 08:23:57,435 - INFO - [Clients] 2025-03-27 08:23:57,413 - INFO - At concurrency limit (50). Waiting a bit...
2025-03-27 08:23:57,771 - INFO - [Clients] 2025-03-27 08:23:57,733 - INFO - At concurrency limit (50). Waiting a bit...
2025-03-27 08:24:01,046 - INFO - [Clients] 2025-03-27 08:24:00,339 - INFO - At concurrency limit (50). Waiting a bit...
2025-03-27 08:24:01,040 - INFO - [Clients] 2025-03-27 08:24:00,793 - INFO - At concurrency limit (50). Waiting a bit...
2025-03-27 08:24:01,052 - INFO - [Clients] 2025-03-27 08:24:00,496 - INFO - At concurrency limit (50). Waiting a bit...
2025-03-27 08:24:01,254 - INFO - 3 servers still running...
2025-03-27 08:24:04,121 - INFO - [Clients] 2025-03-27 08:24:04,071 - INFO - At concurrency limit (50). Waiting a bit...
2025-03-27 08:24:04,130 - INFO - [Clients] 2025-03-27 08:24:04,058 - INFO - At concurrency limit (50). Waiting a bit...
2025-03-27 08:24:04,127 - INFO - [Clients] 2025-03-27 08:24:04,057 - INFO - At concurrency limit (50). Waiting a bit...
2025-03-27 08:24:06,303 - INFO - 3 servers still running...
2025-03-27 08:24:07,241 - INFO - [Clients] 2025-03-27 08:24:07,143 - INFO - At concurrency limit (50). Waiting a bit...
2025-03-27 08:24:07,249 - INFO - [Clients] 2025-03-27 08:24:07,110 - INFO - At concurrency limit (50). Waiting a bit...
2025-03-27 08:24:07,301 - INFO - [Clients] 2025-03-27 08:24:07,255 - INFO - At concurrency limit (50). Waiting a bit...
2025-03-27 08:24:11,457 - INFO - 3 servers still running...
2025-03-27 08:24:11,469 - INFO - [Clients] 2025-03-27 08:24:10,194 - INFO - At concurrency limit (50). Waiting a bit...
2025-03-27 08:24:11,552 - INFO - [Clients] 2025-03-27 08:24:10,180 - INFO - At concurrency limit (50). Waiting a bit...
2025-03-27 08:24:11,606 - INFO - [Clients] 2025-03-27 08:24:10,303 - INFO - At concurrency limit (50). Waiting a bit...
2025-03-27 08:24:13,367 - INFO - [Clients] 2025-03-27 08:24:13,284 - INFO - At concurrency limit (50). Waiting a bit...
2025-03-27 08:24:13,393 - INFO - [Clients] 2025-03-27 08:24:13,297 - INFO - At concurrency limit (50). Waiting a bit...
2025-03-27 08:24:13,497 - INFO - [Clients] 2025-03-27 08:24:13,417 - INFO - At concurrency limit (50). Waiting a bit...
2025-03-27 08:24:16,638 - INFO - 3 servers still running...
2025-03-27 08:24:16,719 - INFO - [Clients] 2025-03-27 08:24:16,574 - INFO - At concurrency limit (50). Waiting a bit...
2025-03-27 08:24:16,729 - INFO - [Clients] 2025-03-27 08:24:16,418 - INFO - At concurrency limit (50). Waiting a bit...
2025-03-27 08:24:16,810 - INFO - [Clients] 2025-03-27 08:24:16,389 - INFO - At concurrency limit (50). Waiting a bit...
2025-03-27 08:24:19,871 - INFO - [Clients] 2025-03-27 08:24:19,788 - INFO - At concurrency limit (50). Waiting a bit...
2025-03-27 08:24:19,884 - INFO - [Clients] 2025-03-27 08:24:19,764 - INFO - At concurrency limit (50). Waiting a bit...
2025-03-27 08:24:19,869 - INFO - [Clients] 2025-03-27 08:24:19,786 - INFO - At concurrency limit (50). Waiting a bit...
2025-03-27 08:24:21,701 - INFO - 3 servers still running...
2025-03-27 08:24:22,832 - INFO - [Clients] 2025-03-27 08:24:22,817 - INFO - At concurrency limit (50). Waiting a bit...
2025-03-27 08:24:22,845 - INFO - [Clients] 2025-03-27 08:24:22,816 - INFO - At concurrency limit (50). Waiting a bit...
2025-03-27 08:24:22,831 - INFO - [Clients] 2025-03-27 08:24:22,815 - INFO - At concurrency limit (50). Waiting a bit...
2025-03-27 08:24:25,957 - INFO - [Clients] 2025-03-27 08:24:25,881 - INFO - At concurrency limit (50). Waiting a bit...
2025-03-27 08:24:25,954 - INFO - [Clients] 2025-03-27 08:24:25,903 - INFO - At concurrency limit (50). Waiting a bit...
2025-03-27 08:24:25,941 - INFO - [Clients] 2025-03-27 08:24:25,915 - INFO - At concurrency limit (50). Waiting a bit...
2025-03-27 08:24:26,918 - INFO - 3 servers still running...
2025-03-27 08:24:29,031 - INFO - [Clients] 2025-03-27 08:24:28,962 - INFO - At concurrency limit (50). Waiting a bit...
2025-03-27 08:24:29,039 - INFO - [Clients] 2025-03-27 08:24:28,968 - INFO - At concurrency limit (50). Waiting a bit...
2025-03-27 08:24:29,056 - INFO - [Clients] 2025-03-27 08:24:29,005 - INFO - At concurrency limit (50). Waiting a bit...
2025-03-27 08:24:31,976 - INFO - 3 servers still running...
2025-03-27 08:24:32,115 - INFO - [Clients] 2025-03-27 08:24:32,059 - INFO - At concurrency limit (50). Waiting a bit...
2025-03-27 08:24:32,127 - INFO - [Clients] 2025-03-27 08:24:32,082 - INFO - At concurrency limit (50). Waiting a bit...
2025-03-27 08:24:32,334 - INFO - [Clients] 2025-03-27 08:24:32,179 - INFO - At concurrency limit (50). Waiting a bit...
2025-03-27 08:24:35,189 - INFO - [Clients] 2025-03-27 08:24:35,141 - INFO - At concurrency limit (50). Waiting a bit...
2025-03-27 08:24:35,214 - INFO - [Clients] 2025-03-27 08:24:35,145 - INFO - At concurrency limit (50). Waiting a bit...
2025-03-27 08:24:35,352 - INFO - [Clients] 2025-03-27 08:24:35,323 - INFO - At concurrency limit (50). Waiting a bit...
2025-03-27 08:24:37,059 - INFO - 3 servers still running...
2025-03-27 08:24:38,417 - INFO - [Clients] 2025-03-27 08:24:38,300 - INFO - At concurrency limit (50). Waiting a bit...
2025-03-27 08:24:38,424 - INFO - [Clients] 2025-03-27 08:24:38,305 - INFO - At concurrency limit (50). Waiting a bit...
2025-03-27 08:24:38,417 - INFO - [Clients] 2025-03-27 08:24:38,363 - INFO - At concurrency limit (50). Waiting a bit...
2025-03-27 08:24:41,732 - INFO - [Clients] 2025-03-27 08:24:41,483 - INFO - At concurrency limit (50). Waiting a bit...
2025-03-27 08:24:41,730 - INFO - [Clients] 2025-03-27 08:24:41,488 - INFO - At concurrency limit (50). Waiting a bit...
2025-03-27 08:24:42,000 - INFO - [Clients] 2025-03-27 08:24:41,482 - INFO - At concurrency limit (50). Waiting a bit...
2025-03-27 08:24:42,129 - INFO - 3 servers still running...
2025-03-27 08:24:44,910 - INFO - [Clients] 2025-03-27 08:24:44,754 - INFO - At concurrency limit (50). Waiting a bit...
2025-03-27 08:24:45,054 - INFO - [Clients] 2025-03-27 08:24:45,047 - INFO - At concurrency limit (50). Waiting a bit...
2025-03-27 08:24:45,059 - INFO - [Clients] 2025-03-27 08:24:44,746 - INFO - At concurrency limit (50). Waiting a bit...
2025-03-27 08:24:47,169 - INFO - 3 servers still running...
2025-03-27 08:24:48,002 - INFO - [Clients] 2025-03-27 08:24:47,884 - INFO - At concurrency limit (50). Waiting a bit...
2025-03-27 08:24:48,182 - INFO - [Clients] 2025-03-27 08:24:48,102 - INFO - At concurrency limit (50). Waiting a bit...
2025-03-27 08:24:48,178 - INFO - [Clients] 2025-03-27 08:24:48,117 - INFO - At concurrency limit (50). Waiting a bit...
2025-03-27 08:24:51,303 - INFO - [Clients] 2025-03-27 08:24:50,987 - INFO - At concurrency limit (50). Waiting a bit...
2025-03-27 08:24:51,306 - INFO - [Clients] 2025-03-27 08:24:51,179 - INFO - At concurrency limit (50). Waiting a bit...
2025-03-27 08:24:51,308 - INFO - [Clients] 2025-03-27 08:24:51,174 - INFO - At concurrency limit (50). Waiting a bit...
2025-03-27 08:24:52,274 - INFO - 3 servers still running...
2025-03-27 08:24:54,718 - INFO - [Clients] 2025-03-27 08:24:54,446 - INFO - At concurrency limit (50). Waiting a bit...
2025-03-27 08:24:54,722 - INFO - [Clients] 2025-03-27 08:24:54,471 - INFO - At concurrency limit (50). Waiting a bit...
2025-03-27 08:24:54,717 - INFO - [Clients] 2025-03-27 08:24:54,446 - INFO - At concurrency limit (50). Waiting a bit...
2025-03-27 08:24:57,400 - INFO - 3 servers still running...
2025-03-27 08:24:57,887 - INFO - [Clients] 2025-03-27 08:24:57,802 - INFO - At concurrency limit (50). Waiting a bit...
2025-03-27 08:24:57,891 - INFO - [Clients] 2025-03-27 08:24:57,781 - INFO - At concurrency limit (50). Waiting a bit...
2025-03-27 08:24:58,165 - INFO - [Clients] 2025-03-27 08:24:57,995 - INFO - At concurrency limit (50). Waiting a bit...
2025-03-27 08:25:01,086 - INFO - [Clients] 2025-03-27 08:25:00,909 - INFO - At concurrency limit (50). Waiting a bit...
2025-03-27 08:25:01,094 - INFO - [Clients] 2025-03-27 08:25:00,924 - INFO - At concurrency limit (50). Waiting a bit...
2025-03-27 08:25:01,325 - INFO - [Clients] 2025-03-27 08:25:01,174 - INFO - At concurrency limit (50). Waiting a bit...
2025-03-27 08:25:02,539 - INFO - 3 servers still running...
2025-03-27 08:25:04,252 - INFO - [Clients] 2025-03-27 08:25:04,147 - INFO - At concurrency limit (50). Waiting a bit...
2025-03-27 08:25:04,250 - INFO - [Clients] 2025-03-27 08:25:04,117 - INFO - At concurrency limit (50). Waiting a bit...
2025-03-27 08:25:04,314 - INFO - [Clients] 2025-03-27 08:25:04,257 - INFO - At concurrency limit (50). Waiting a bit...
2025-03-27 08:25:07,294 - INFO - [Clients] 2025-03-27 08:25:07,250 - INFO - At concurrency limit (50). Waiting a bit...
2025-03-27 08:25:07,314 - INFO - [Clients] 2025-03-27 08:25:07,283 - INFO - At concurrency limit (50). Waiting a bit...
2025-03-27 08:25:07,423 - INFO - [Clients] 2025-03-27 08:25:07,345 - INFO - At concurrency limit (50). Waiting a bit...
2025-03-27 08:25:07,671 - INFO - 3 servers still running...
2025-03-27 08:25:10,665 - INFO - [Clients] 2025-03-27 08:25:10,311 - INFO - At concurrency limit (50). Waiting a bit...
2025-03-27 08:25:10,673 - INFO - [Clients] 2025-03-27 08:25:10,297 - INFO - At concurrency limit (50). Waiting a bit...
2025-03-27 08:25:10,675 - INFO - [Clients] 2025-03-27 08:25:10,416 - INFO - At concurrency limit (50). Waiting a bit...
2025-03-27 08:25:12,886 - INFO - 3 servers still running...
2025-03-27 08:25:13,793 - INFO - [Clients] 2025-03-27 08:25:13,676 - INFO - At concurrency limit (50). Waiting a bit...
2025-03-27 08:25:13,782 - INFO - [Clients] 2025-03-27 08:25:13,686 - INFO - At concurrency limit (50). Waiting a bit...
2025-03-27 08:25:13,955 - INFO - [Clients] 2025-03-27 08:25:13,700 - INFO - At concurrency limit (50). Waiting a bit...
2025-03-27 08:25:17,034 - INFO - [Clients] 2025-03-27 08:25:16,803 - INFO - At concurrency limit (50). Waiting a bit...
2025-03-27 08:25:17,057 - INFO - [Clients] 2025-03-27 08:25:16,781 - INFO - At concurrency limit (50). Waiting a bit...
2025-03-27 08:25:17,614 - INFO - [Clients] 2025-03-27 08:25:16,939 - INFO - At concurrency limit (50). Waiting a bit...
2025-03-27 08:25:18,925 - INFO - 3 servers still running...
2025-03-27 08:25:19,908 - INFO - [Clients] 2025-03-27 08:25:19,863 - INFO - At concurrency limit (50). Waiting a bit...
2025-03-27 08:25:20,118 - INFO - [Clients] 2025-03-27 08:25:19,874 - INFO - At concurrency limit (50). Waiting a bit...
2025-03-27 08:25:20,724 - INFO - [Clients] 2025-03-27 08:25:20,352 - INFO - At concurrency limit (50). Waiting a bit...
2025-03-27 08:25:23,599 - INFO - [Clients] 2025-03-27 08:25:22,993 - INFO - At concurrency limit (50). Waiting a bit...
2025-03-27 08:25:23,586 - INFO - [Clients] 2025-03-27 08:25:23,050 - INFO - At concurrency limit (50). Waiting a bit...
2025-03-27 08:25:24,835 - INFO - 3 servers still running...
2025-03-27 08:25:24,939 - INFO - [Clients] 2025-03-27 08:25:23,759 - INFO - At concurrency limit (50). Waiting a bit...
2025-03-27 08:25:26,955 - INFO - [Clients] 2025-03-27 08:25:26,313 - INFO - At concurrency limit (50). Waiting a bit...
2025-03-27 08:25:27,119 - INFO - [Clients] 2025-03-27 08:25:26,304 - INFO - At concurrency limit (50). Waiting a bit...
2025-03-27 08:25:28,464 - INFO - [Clients] 2025-03-27 08:25:27,941 - INFO - At concurrency limit (50). Waiting a bit...
2025-03-27 08:25:30,044 - INFO - [Clients] 2025-03-27 08:25:29,969 - INFO - At concurrency limit (50). Waiting a bit...
2025-03-27 08:25:30,049 - INFO - [Clients] 2025-03-27 08:25:29,955 - INFO - At concurrency limit (50). Waiting a bit...
2025-03-27 08:25:30,049 - INFO - 3 servers still running...
2025-03-27 08:25:32,799 - INFO - [Clients] 2025-03-27 08:25:31,506 - INFO - At concurrency limit (50). Waiting a bit...
2025-03-27 08:25:33,329 - INFO - [Clients] 2025-03-27 08:25:33,259 - INFO - At concurrency limit (50). Waiting a bit...
2025-03-27 08:25:33,332 - INFO - [Clients] 2025-03-27 08:25:33,227 - INFO - At concurrency limit (50). Waiting a bit...
2025-03-27 08:25:35,276 - INFO - [Clients] 2025-03-27 08:25:35,146 - INFO - At concurrency limit (50). Waiting a bit...
2025-03-27 08:25:36,978 - INFO - [Clients] 2025-03-27 08:25:36,428 - INFO - At concurrency limit (50). Waiting a bit...
2025-03-27 08:25:36,971 - INFO - [Clients] 2025-03-27 08:25:36,428 - INFO - At concurrency limit (50). Waiting a bit...
2025-03-27 08:25:37,845 - INFO - 3 servers still running...
2025-03-27 08:25:38,337 - INFO - [Clients] 2025-03-27 08:25:38,307 - INFO - At concurrency limit (50). Waiting a bit...
2025-03-27 08:25:40,113 - INFO - [Clients] 2025-03-27 08:25:39,892 - INFO - At concurrency limit (50). Waiting a bit...
2025-03-27 08:25:40,119 - INFO - [Clients] 2025-03-27 08:25:39,927 - INFO - At concurrency limit (50). Waiting a bit...
2025-03-27 08:25:41,553 - INFO - [Clients] 2025-03-27 08:25:41,399 - INFO - At concurrency limit (50). Waiting a bit...
2025-03-27 08:25:43,519 - INFO - [Clients] 2025-03-27 08:25:43,032 - INFO - At concurrency limit (50). Waiting a bit...
2025-03-27 08:25:43,486 - INFO - [Clients] 2025-03-27 08:25:43,018 - INFO - At concurrency limit (50). Waiting a bit...
2025-03-27 08:25:44,421 - INFO - 3 servers still running...
2025-03-27 08:25:44,714 - INFO - [Clients] 2025-03-27 08:25:44,599 - INFO - At concurrency limit (50). Waiting a bit...
2025-03-27 08:25:46,605 - INFO - [Clients] 2025-03-27 08:25:46,511 - INFO - At concurrency limit (50). Waiting a bit...
2025-03-27 08:25:46,768 - INFO - [Clients] 2025-03-27 08:25:46,495 - INFO - At concurrency limit (50). Waiting a bit...
2025-03-27 08:25:48,054 - INFO - [Clients] 2025-03-27 08:25:47,738 - INFO - At concurrency limit (50). Waiting a bit...
2025-03-27 08:25:49,697 - INFO - 3 servers still running...
2025-03-27 08:25:57,695 - INFO - [Clients] 2025-03-27 08:25:49,617 - INFO - At concurrency limit (50). Waiting a bit...
2025-03-27 08:25:57,820 - INFO - [Clients] 2025-03-27 08:25:49,686 - INFO - At concurrency limit (50). Waiting a bit...
2025-03-27 08:25:57,823 - INFO - [Clients] 2025-03-27 08:25:51,150 - INFO - At concurrency limit (50). Waiting a bit...
2025-03-27 08:25:57,823 - INFO - [Clients] 2025-03-27 08:25:52,693 - INFO - At concurrency limit (50). Waiting a bit...
2025-03-27 08:25:57,823 - INFO - [Clients] 2025-03-27 08:25:52,724 - INFO - At concurrency limit (50). Waiting a bit...
2025-03-27 08:25:57,824 - INFO - [Clients] 2025-03-27 08:25:55,839 - INFO - At concurrency limit (50). Waiting a bit...
2025-03-27 08:25:57,824 - INFO - [Clients] 2025-03-27 08:25:55,796 - INFO - At concurrency limit (50). Waiting a bit...
2025-03-27 08:25:57,823 - INFO - [Clients] 2025-03-27 08:25:54,517 - INFO - At concurrency limit (50). Waiting a bit...
2025-03-27 08:25:59,551 - INFO - [Clients] 2025-03-27 08:25:58,903 - INFO - At concurrency limit (50). Waiting a bit...
2025-03-27 08:25:59,561 - INFO - [Clients] 2025-03-27 08:25:58,881 - INFO - At concurrency limit (50). Waiting a bit...
2025-03-27 08:26:00,327 - INFO - [Clients] 2025-03-27 08:25:57,863 - INFO - At concurrency limit (50). Waiting a bit...
2025-03-27 08:26:01,136 - INFO - [Clients] 2025-03-27 08:26:00,988 - INFO - At concurrency limit (50). Waiting a bit...
2025-03-27 08:26:02,715 - INFO - [Clients] 2025-03-27 08:26:02,550 - INFO - At concurrency limit (50). Waiting a bit...
2025-03-27 08:26:02,717 - INFO - [Clients] 2025-03-27 08:26:02,578 - INFO - At concurrency limit (50). Waiting a bit...
2025-03-27 08:26:02,899 - INFO - 3 servers still running...
2025-03-27 08:26:04,655 - INFO - [Clients] 2025-03-27 08:26:04,099 - INFO - At concurrency limit (50). Waiting a bit...
2025-03-27 08:26:05,904 - INFO - [Clients] 2025-03-27 08:26:05,799 - INFO - At concurrency limit (50). Waiting a bit...
2025-03-27 08:26:14,111 - INFO - [Clients] 2025-03-27 08:26:05,759 - INFO - At concurrency limit (50). Waiting a bit...
2025-03-27 08:26:14,373 - INFO - [Clients] 2025-03-27 08:26:08,843 - INFO - At concurrency limit (50). Waiting a bit...
2025-03-27 08:26:14,373 - INFO - [Clients] 2025-03-27 08:26:12,065 - INFO - At concurrency limit (50). Waiting a bit...
2025-03-27 08:26:14,378 - INFO - [Clients] 2025-03-27 08:26:08,849 - INFO - At concurrency limit (50). Waiting a bit...
2025-03-27 08:26:14,378 - INFO - [Clients] 2025-03-27 08:26:12,105 - INFO - At concurrency limit (50). Waiting a bit...
2025-03-27 08:26:14,335 - INFO - [Clients] 2025-03-27 08:26:07,675 - INFO - At concurrency limit (50). Waiting a bit...
2025-03-27 08:26:14,663 - INFO - [Clients] 2025-03-27 08:26:10,862 - INFO - At concurrency limit (50). Waiting a bit...
2025-03-27 08:26:14,705 - INFO - [Clients] 2025-03-27 08:26:14,133 - INFO - At concurrency limit (50). Waiting a bit...
2025-03-27 08:26:15,374 - INFO - [Clients] 2025-03-27 08:26:15,330 - INFO - At concurrency limit (50). Waiting a bit...
2025-03-27 08:26:15,372 - INFO - [Clients] 2025-03-27 08:26:15,328 - INFO - At concurrency limit (50). Waiting a bit...
2025-03-27 08:26:17,496 - INFO - [Clients] 2025-03-27 08:26:17,410 - INFO - At concurrency limit (50). Waiting a bit...
2025-03-27 08:26:18,470 - INFO - [Clients] 2025-03-27 08:26:18,439 - INFO - At concurrency limit (50). Waiting a bit...
2025-03-27 08:26:18,475 - INFO - [Clients] 2025-03-27 08:26:18,437 - INFO - At concurrency limit (50). Waiting a bit...
2025-03-27 08:26:19,308 - INFO - 3 servers still running...
2025-03-27 08:26:20,585 - INFO - [Clients] 2025-03-27 08:26:20,480 - INFO - At concurrency limit (50). Waiting a bit...
2025-03-27 08:26:21,651 - INFO - [Clients] 2025-03-27 08:26:21,502 - INFO - At concurrency limit (50). Waiting a bit...
2025-03-27 08:26:21,641 - INFO - [Clients] 2025-03-27 08:26:21,497 - INFO - At concurrency limit (50). Waiting a bit...
2025-03-27 08:26:23,781 - INFO - [Clients] 2025-03-27 08:26:23,557 - INFO - At concurrency limit (50). Waiting a bit...
2025-03-27 08:26:24,618 - INFO - 3 servers still running...
2025-03-27 08:26:24,700 - INFO - [Clients] 2025-03-27 08:26:24,607 - INFO - At concurrency limit (50). Waiting a bit...
2025-03-27 08:26:24,693 - INFO - [Clients] 2025-03-27 08:26:24,653 - INFO - At concurrency limit (50). Waiting a bit...
2025-03-27 08:26:26,944 - INFO - [Clients] 2025-03-27 08:26:26,814 - INFO - At concurrency limit (50). Waiting a bit...
2025-03-27 08:26:27,712 - INFO - [Clients] 2025-03-27 08:26:27,698 - INFO - At concurrency limit (50). Waiting a bit...
2025-03-27 08:26:27,715 - INFO - [Clients] 2025-03-27 08:26:27,696 - INFO - At concurrency limit (50). Waiting a bit...
2025-03-27 08:26:29,690 - INFO - 3 servers still running...
2025-03-27 08:26:30,222 - INFO - [Clients] 2025-03-27 08:26:29,894 - INFO - At concurrency limit (50). Waiting a bit...
2025-03-27 08:26:30,996 - INFO - [Clients] 2025-03-27 08:26:30,746 - INFO - At concurrency limit (50). Waiting a bit...
2025-03-27 08:26:30,990 - INFO - [Clients] 2025-03-27 08:26:30,748 - INFO - At concurrency limit (50). Waiting a bit...
2025-03-27 08:26:33,369 - INFO - [Clients] 2025-03-27 08:26:33,246 - INFO - At concurrency limit (50). Waiting a bit...
2025-03-27 08:26:34,386 - INFO - [Clients] 2025-03-27 08:26:34,111 - INFO - At concurrency limit (50). Waiting a bit...
2025-03-27 08:26:34,403 - INFO - [Clients] 2025-03-27 08:26:34,114 - INFO - At concurrency limit (50). Waiting a bit...
2025-03-27 08:26:34,865 - INFO - 3 servers still running...
2025-03-27 08:26:36,572 - INFO - [Clients] 2025-03-27 08:26:36,462 - INFO - At concurrency limit (50). Waiting a bit...
2025-03-27 08:26:37,618 - INFO - [Clients] 2025-03-27 08:26:37,436 - INFO - At concurrency limit (50). Waiting a bit...
2025-03-27 08:26:37,965 - INFO - [Clients] 2025-03-27 08:26:37,397 - INFO - At concurrency limit (50). Waiting a bit...
2025-03-27 08:26:39,937 - INFO - 3 servers still running...
2025-03-27 08:26:40,480 - INFO - [Clients] 2025-03-27 08:26:39,621 - INFO - At concurrency limit (50). Waiting a bit...
2025-03-27 08:26:40,702 - INFO - [Clients] 2025-03-27 08:26:40,693 - INFO - At concurrency limit (50). Waiting a bit...
2025-03-27 08:26:40,707 - INFO - [Clients] 2025-03-27 08:26:40,702 - INFO - At concurrency limit (50). Waiting a bit...
2025-03-27 08:26:43,338 - INFO - [Clients] 2025-03-27 08:26:43,178 - INFO - At concurrency limit (50). Waiting a bit...
2025-03-27 08:26:43,781 - INFO - [Clients] 2025-03-27 08:26:43,744 - INFO - At concurrency limit (50). Waiting a bit...
2025-03-27 08:26:43,786 - INFO - [Clients] 2025-03-27 08:26:43,764 - INFO - At concurrency limit (50). Waiting a bit...
2025-03-27 08:26:45,167 - INFO - 3 servers still running...
2025-03-27 08:26:46,665 - INFO - [Clients] 2025-03-27 08:26:46,415 - INFO - At concurrency limit (50). Waiting a bit...
2025-03-27 08:26:47,542 - INFO - [Clients] 2025-03-27 08:26:46,858 - INFO - At concurrency limit (50). Waiting a bit...
2025-03-27 08:26:47,526 - INFO - [Clients] 2025-03-27 08:26:46,832 - INFO - At concurrency limit (50). Waiting a bit...
2025-03-27 08:26:49,755 - INFO - [Clients] 2025-03-27 08:26:49,689 - INFO - At concurrency limit (50). Waiting a bit...
2025-03-27 08:26:50,234 - INFO - 3 servers still running...
2025-03-27 08:26:50,648 - INFO - [Clients] 2025-03-27 08:26:50,521 - INFO - At concurrency limit (50). Waiting a bit...
2025-03-27 08:26:50,641 - INFO - [Clients] 2025-03-27 08:26:50,588 - INFO - At concurrency limit (50). Waiting a bit...
2025-03-27 08:26:53,109 - INFO - [Clients] 2025-03-27 08:26:52,836 - INFO - At concurrency limit (50). Waiting a bit...
2025-03-27 08:26:53,815 - INFO - [Clients] 2025-03-27 08:26:53,737 - INFO - At concurrency limit (50). Waiting a bit...
2025-03-27 08:26:53,811 - INFO - [Clients] 2025-03-27 08:26:53,721 - INFO - At concurrency limit (50). Waiting a bit...
2025-03-27 08:26:55,311 - INFO - 3 servers still running...
2025-03-27 08:26:56,156 - INFO - [Clients] 2025-03-27 08:26:56,075 - INFO - At concurrency limit (50). Waiting a bit...
2025-03-27 08:26:56,892 - INFO - [Clients] 2025-03-27 08:26:56,815 - INFO - At concurrency limit (50). Waiting a bit...
2025-03-27 08:26:56,902 - INFO - [Clients] 2025-03-27 08:26:56,832 - INFO - At concurrency limit (50). Waiting a bit...
2025-03-27 08:26:59,304 - INFO - [Clients] 2025-03-27 08:26:59,211 - INFO - At concurrency limit (50). Waiting a bit...
2025-03-27 08:27:00,059 - INFO - [Clients] 2025-03-27 08:26:59,932 - INFO - At concurrency limit (50). Waiting a bit...
2025-03-27 08:27:00,206 - INFO - [Clients] 2025-03-27 08:26:59,882 - INFO - At concurrency limit (50). Waiting a bit...
2025-03-27 08:27:00,334 - INFO - 3 servers still running...
2025-03-27 08:27:02,948 - INFO - [Clients] 2025-03-27 08:27:02,544 - INFO - At concurrency limit (50). Waiting a bit...
2025-03-27 08:27:03,123 - INFO - [Clients] 2025-03-27 08:27:03,032 - INFO - At concurrency limit (50). Waiting a bit...
2025-03-27 08:27:03,459 - INFO - [Clients] 2025-03-27 08:27:03,059 - INFO - At concurrency limit (50). Waiting a bit...
2025-03-27 08:27:06,147 - INFO - [Clients] 2025-03-27 08:27:05,934 - INFO - At concurrency limit (50). Waiting a bit...
2025-03-27 08:27:06,269 - INFO - [Clients] 2025-03-27 08:27:06,125 - INFO - At concurrency limit (50). Waiting a bit...
2025-03-27 08:27:06,420 - INFO - 3 servers still running...
2025-03-27 08:27:06,655 - INFO - [Clients] 2025-03-27 08:27:06,464 - INFO - At concurrency limit (50). Waiting a bit...
2025-03-27 08:27:09,325 - INFO - [Clients] 2025-03-27 08:27:09,200 - INFO - At concurrency limit (50). Waiting a bit...
2025-03-27 08:27:09,403 - INFO - [Clients] 2025-03-27 08:27:09,322 - INFO - At concurrency limit (50). Waiting a bit...
2025-03-27 08:27:09,983 - INFO - [Clients] 2025-03-27 08:27:09,771 - INFO - At concurrency limit (50). Waiting a bit...
2025-03-27 08:27:11,562 - INFO - 3 servers still running...
2025-03-27 08:27:18,323 - INFO - [Clients] 2025-03-27 08:27:12,456 - INFO - At concurrency limit (50). Waiting a bit...
2025-03-27 08:27:18,341 - INFO - [Clients] 2025-03-27 08:27:15,569 - INFO - At concurrency limit (50). Waiting a bit...
2025-03-27 08:27:18,333 - INFO - [Clients] 2025-03-27 08:27:12,920 - INFO - At concurrency limit (50). Waiting a bit...
2025-03-27 08:27:18,344 - INFO - [Clients] 2025-03-27 08:27:15,995 - INFO - At concurrency limit (50). Waiting a bit...
2025-03-27 08:27:18,332 - INFO - [Clients] 2025-03-27 08:27:12,333 - INFO - At concurrency limit (50). Waiting a bit...
2025-03-27 08:27:18,373 - INFO - [Clients] 2025-03-27 08:27:15,551 - INFO - At concurrency limit (50). Waiting a bit...
2025-03-27 08:27:18,683 - INFO - [Clients] 2025-03-27 08:27:18,621 - INFO - At concurrency limit (50). Waiting a bit...
2025-03-27 08:27:19,289 - INFO - [Clients] 2025-03-27 08:27:19,130 - INFO - At concurrency limit (50). Waiting a bit...
2025-03-27 08:27:19,380 - INFO - [Clients] 2025-03-27 08:27:18,617 - INFO - At concurrency limit (50). Waiting a bit...
2025-03-27 08:27:21,763 - INFO - [Clients] 2025-03-27 08:27:21,671 - INFO - At concurrency limit (50). Waiting a bit...
2025-03-27 08:27:21,913 - INFO - [Clients] 2025-03-27 08:27:21,700 - INFO - At concurrency limit (50). Waiting a bit...
2025-03-27 08:27:22,385 - INFO - [Clients] 2025-03-27 08:27:22,301 - INFO - At concurrency limit (50). Waiting a bit...
2025-03-27 08:27:23,388 - INFO - 3 servers still running...
2025-03-27 08:27:24,791 - INFO - [Clients] 2025-03-27 08:27:24,720 - INFO - At concurrency limit (50). Waiting a bit...
2025-03-27 08:27:25,172 - INFO - [Clients] 2025-03-27 08:27:24,952 - INFO - At concurrency limit (50). Waiting a bit...
2025-03-27 08:27:25,939 - INFO - [Clients] 2025-03-27 08:27:25,592 - INFO - At concurrency limit (50). Waiting a bit...
2025-03-27 08:27:27,876 - INFO - [Clients] 2025-03-27 08:27:27,846 - INFO - At concurrency limit (50). Waiting a bit...
2025-03-27 08:27:28,301 - INFO - [Clients] 2025-03-27 08:27:28,202 - INFO - At concurrency limit (50). Waiting a bit...
2025-03-27 08:27:28,870 - INFO - 3 servers still running...
2025-03-27 08:27:28,964 - INFO - [Clients] 2025-03-27 08:27:28,889 - INFO - At concurrency limit (50). Waiting a bit...
2025-03-27 08:27:31,014 - INFO - [Clients] 2025-03-27 08:27:30,883 - INFO - At concurrency limit (50). Waiting a bit...
2025-03-27 08:27:31,399 - INFO - [Clients] 2025-03-27 08:27:31,330 - INFO - At concurrency limit (50). Waiting a bit...
2025-03-27 08:27:32,055 - INFO - [Clients] 2025-03-27 08:27:31,982 - INFO - At concurrency limit (50). Waiting a bit...
2025-03-27 08:27:33,964 - INFO - 3 servers still running...
2025-03-27 08:27:34,102 - INFO - [Clients] 2025-03-27 08:27:34,045 - INFO - At concurrency limit (50). Waiting a bit...
2025-03-27 08:27:34,523 - INFO - [Clients] 2025-03-27 08:27:34,440 - INFO - At concurrency limit (50). Waiting a bit...
2025-03-27 08:27:35,172 - INFO - [Clients] 2025-03-27 08:27:35,057 - INFO - At concurrency limit (50). Waiting a bit...
2025-03-27 08:27:37,183 - INFO - [Clients] 2025-03-27 08:27:37,097 - INFO - At concurrency limit (50). Waiting a bit...
2025-03-27 08:27:37,586 - INFO - [Clients] 2025-03-27 08:27:37,550 - INFO - At concurrency limit (50). Waiting a bit...
2025-03-27 08:27:38,231 - INFO - [Clients] 2025-03-27 08:27:38,193 - INFO - At concurrency limit (50). Waiting a bit...
2025-03-27 08:27:39,005 - INFO - 3 servers still running...
2025-03-27 08:27:40,309 - INFO - [Clients] 2025-03-27 08:27:40,202 - INFO - At concurrency limit (50). Waiting a bit...
2025-03-27 08:27:40,742 - INFO - [Clients] 2025-03-27 08:27:40,610 - INFO - At concurrency limit (50). Waiting a bit...
2025-03-27 08:27:41,280 - INFO - [Clients] 2025-03-27 08:27:41,241 - INFO - At concurrency limit (50). Waiting a bit...
2025-03-27 08:27:43,511 - INFO - [Clients] 2025-03-27 08:27:43,284 - INFO - At concurrency limit (50). Waiting a bit...
2025-03-27 08:27:43,839 - INFO - [Clients] 2025-03-27 08:27:43,754 - INFO - At concurrency limit (50). Waiting a bit...
2025-03-27 08:27:44,075 - INFO - 3 servers still running...
2025-03-27 08:27:44,347 - INFO - [Clients] 2025-03-27 08:27:44,281 - INFO - At concurrency limit (50). Waiting a bit...
2025-03-27 08:27:47,030 - INFO - [Clients] 2025-03-27 08:27:46,788 - INFO - At concurrency limit (50). Waiting a bit...
2025-03-27 08:27:47,031 - INFO - [Clients] 2025-03-27 08:27:46,668 - INFO - At concurrency limit (50). Waiting a bit...
2025-03-27 08:27:47,433 - INFO - [Clients] 2025-03-27 08:27:47,328 - INFO - At concurrency limit (50). Waiting a bit...
2025-03-27 08:27:49,164 - INFO - 3 servers still running...
2025-03-27 08:27:50,207 - INFO - [Clients] 2025-03-27 08:27:50,116 - INFO - At concurrency limit (50). Waiting a bit...
2025-03-27 08:27:50,181 - INFO - [Clients] 2025-03-27 08:27:50,087 - INFO - At concurrency limit (50). Waiting a bit...
2025-03-27 08:27:51,341 - INFO - [Clients] 2025-03-27 08:27:50,464 - INFO - At concurrency limit (50). Waiting a bit...
2025-03-27 08:27:53,271 - INFO - [Clients] 2025-03-27 08:27:53,188 - INFO - At concurrency limit (50). Waiting a bit...
2025-03-27 08:27:53,314 - INFO - [Clients] 2025-03-27 08:27:53,260 - INFO - At concurrency limit (50). Waiting a bit...
2025-03-27 08:27:54,277 - INFO - 3 servers still running...
2025-03-27 08:27:54,540 - INFO - [Clients] 2025-03-27 08:27:54,389 - INFO - At concurrency limit (50). Waiting a bit...
2025-03-27 08:27:56,335 - INFO - [Clients] 2025-03-27 08:27:56,222 - INFO - At concurrency limit (50). Waiting a bit...
2025-03-27 08:27:56,375 - INFO - [Clients] 2025-03-27 08:27:56,340 - INFO - At concurrency limit (50). Waiting a bit...
2025-03-27 08:27:57,857 - INFO - [Clients] 2025-03-27 08:27:57,546 - INFO - At concurrency limit (50). Waiting a bit...
2025-03-27 08:27:59,335 - INFO - 3 servers still running...
2025-03-27 08:27:59,521 - INFO - [Clients] 2025-03-27 08:27:59,384 - INFO - At concurrency limit (50). Waiting a bit...
2025-03-27 08:27:59,535 - INFO - [Clients] 2025-03-27 08:27:59,335 - INFO - At concurrency limit (50). Waiting a bit...
2025-03-27 08:28:01,018 - INFO - [Clients] 2025-03-27 08:28:00,909 - INFO - At concurrency limit (50). Waiting a bit...
2025-03-27 08:28:02,583 - INFO - [Clients] 2025-03-27 08:28:02,561 - INFO - At concurrency limit (50). Waiting a bit...
2025-03-27 08:28:02,587 - INFO - [Clients] 2025-03-27 08:28:02,564 - INFO - At concurrency limit (50). Waiting a bit...
2025-03-27 08:28:04,178 - INFO - [Clients] 2025-03-27 08:28:04,024 - INFO - At concurrency limit (50). Waiting a bit...
2025-03-27 08:28:04,583 - INFO - 3 servers still running...
2025-03-27 08:28:05,587 - INFO - [Clients] 2025-03-27 08:28:05,584 - INFO - At concurrency limit (50). Waiting a bit...
2025-03-27 08:28:05,646 - INFO - [Clients] 2025-03-27 08:28:05,593 - INFO - At concurrency limit (50). Waiting a bit...
2025-03-27 08:28:07,207 - INFO - [Clients] 2025-03-27 08:28:07,162 - INFO - At concurrency limit (50). Waiting a bit...
2025-03-27 08:28:08,707 - INFO - [Clients] 2025-03-27 08:28:08,610 - INFO - At concurrency limit (50). Waiting a bit...
2025-03-27 08:28:08,716 - INFO - [Clients] 2025-03-27 08:28:08,631 - INFO - At concurrency limit (50). Waiting a bit...
2025-03-27 08:28:09,632 - INFO - 3 servers still running...
2025-03-27 08:28:10,295 - INFO - [Clients] 2025-03-27 08:28:10,244 - INFO - At concurrency limit (50). Waiting a bit...
2025-03-27 08:28:11,757 - INFO - [Clients] 2025-03-27 08:28:11,718 - INFO - At concurrency limit (50). Waiting a bit...
2025-03-27 08:28:11,742 - INFO - [Clients] 2025-03-27 08:28:11,689 - INFO - At concurrency limit (50). Waiting a bit...
2025-03-27 08:28:13,329 - INFO - [Clients] 2025-03-27 08:28:13,282 - INFO - At concurrency limit (50). Waiting a bit...
2025-03-27 08:28:14,695 - INFO - 3 servers still running...
2025-03-27 08:28:14,833 - INFO - [Clients] 2025-03-27 08:28:14,783 - INFO - At concurrency limit (50). Waiting a bit...
2025-03-27 08:28:14,835 - INFO - [Clients] 2025-03-27 08:28:14,788 - INFO - At concurrency limit (50). Waiting a bit...
2025-03-27 08:28:16,410 - INFO - [Clients] 2025-03-27 08:28:16,363 - INFO - At concurrency limit (50). Waiting a bit...
2025-03-27 08:28:17,817 - INFO - [Clients] 2025-03-27 08:28:17,814 - INFO - At concurrency limit (50). Waiting a bit...
2025-03-27 08:28:17,837 - INFO - [Clients] 2025-03-27 08:28:17,836 - INFO - At concurrency limit (50). Waiting a bit...
2025-03-27 08:28:19,596 - INFO - [Clients] 2025-03-27 08:28:19,462 - INFO - At concurrency limit (50). Waiting a bit...
2025-03-27 08:28:19,705 - INFO - 3 servers still running...
2025-03-27 08:28:21,327 - INFO - [Clients] 2025-03-27 08:28:20,901 - INFO - At concurrency limit (50). Waiting a bit...
2025-03-27 08:28:21,318 - INFO - [Clients] 2025-03-27 08:28:20,903 - INFO - At concurrency limit (50). Waiting a bit...
2025-03-27 08:28:22,681 - INFO - [Clients] 2025-03-27 08:28:22,568 - INFO - At concurrency limit (50). Waiting a bit...
2025-03-27 08:28:24,454 - INFO - [Clients] 2025-03-27 08:28:24,335 - INFO - At concurrency limit (50). Waiting a bit...
2025-03-27 08:28:24,460 - INFO - [Clients] 2025-03-27 08:28:24,336 - INFO - At concurrency limit (50). Waiting a bit...
2025-03-27 08:28:24,780 - INFO - 3 servers still running...
2025-03-27 08:28:25,758 - INFO - [Clients] 2025-03-27 08:28:25,673 - INFO - At concurrency limit (50). Waiting a bit...
2025-03-27 08:28:27,534 - INFO - [Clients] 2025-03-27 08:28:27,425 - INFO - At concurrency limit (50). Waiting a bit...
2025-03-27 08:28:27,530 - INFO - [Clients] 2025-03-27 08:28:27,413 - INFO - At concurrency limit (50). Waiting a bit...
2025-03-27 08:28:28,839 - INFO - [Clients] 2025-03-27 08:28:28,807 - INFO - At concurrency limit (50). Waiting a bit...
2025-03-27 08:28:30,295 - INFO - 3 servers still running...
2025-03-27 08:28:31,086 - INFO - [Clients] 2025-03-27 08:28:30,531 - INFO - At concurrency limit (50). Waiting a bit...
2025-03-27 08:28:31,086 - INFO - [Clients] 2025-03-27 08:28:30,537 - INFO - At concurrency limit (50). Waiting a bit...
2025-03-27 08:28:31,937 - INFO - [Clients] 2025-03-27 08:28:31,883 - INFO - At concurrency limit (50). Waiting a bit...
2025-03-27 08:28:34,064 - INFO - [Clients] 2025-03-27 08:28:34,047 - INFO - At concurrency limit (50). Waiting a bit...
2025-03-27 08:28:34,065 - INFO - [Clients] 2025-03-27 08:28:34,037 - INFO - At concurrency limit (50). Waiting a bit...
2025-03-27 08:28:35,035 - INFO - [Clients] 2025-03-27 08:28:34,984 - INFO - At concurrency limit (50). Waiting a bit...
2025-03-27 08:28:36,161 - INFO - 3 servers still running...
2025-03-27 08:28:37,097 - INFO - [Clients] 2025-03-27 08:28:37,090 - INFO - At concurrency limit (50). Waiting a bit...
2025-03-27 08:28:37,099 - INFO - [Clients] 2025-03-27 08:28:37,090 - INFO - At concurrency limit (50). Waiting a bit...
2025-03-27 08:28:38,211 - INFO - [Clients] 2025-03-27 08:28:38,097 - INFO - At concurrency limit (50). Waiting a bit...
2025-03-27 08:28:40,165 - INFO - [Clients] 2025-03-27 08:28:40,117 - INFO - At concurrency limit (50). Waiting a bit...
2025-03-27 08:28:40,182 - INFO - [Clients] 2025-03-27 08:28:40,142 - INFO - At concurrency limit (50). Waiting a bit...
2025-03-27 08:28:41,222 - INFO - 3 servers still running...
2025-03-27 08:28:41,253 - INFO - [Clients] 2025-03-27 08:28:41,194 - INFO - At concurrency limit (50). Waiting a bit...
2025-03-27 08:28:43,252 - INFO - [Clients] 2025-03-27 08:28:43,212 - INFO - At concurrency limit (50). Waiting a bit...
2025-03-27 08:28:43,273 - INFO - [Clients] 2025-03-27 08:28:43,239 - INFO - At concurrency limit (50). Waiting a bit...
2025-03-27 08:28:44,341 - INFO - [Clients] 2025-03-27 08:28:44,302 - INFO - At concurrency limit (50). Waiting a bit...
2025-03-27 08:28:46,286 - INFO - 3 servers still running...
2025-03-27 08:28:46,312 - INFO - [Clients] 2025-03-27 08:28:46,271 - INFO - At concurrency limit (50). Waiting a bit...
2025-03-27 08:28:46,325 - INFO - [Clients] 2025-03-27 08:28:46,284 - INFO - At concurrency limit (50). Waiting a bit...
2025-03-27 08:28:47,502 - INFO - [Clients] 2025-03-27 08:28:47,438 - INFO - At concurrency limit (50). Waiting a bit...
2025-03-27 08:28:49,469 - INFO - [Clients] 2025-03-27 08:28:49,359 - INFO - At concurrency limit (50). Waiting a bit...
2025-03-27 08:28:49,471 - INFO - [Clients] 2025-03-27 08:28:49,358 - INFO - At concurrency limit (50). Waiting a bit...
2025-03-27 08:28:50,896 - INFO - [Clients] 2025-03-27 08:28:50,545 - INFO - At concurrency limit (50). Waiting a bit...
2025-03-27 08:28:51,340 - INFO - 3 servers still running...
2025-03-27 08:28:52,467 - INFO - [Clients] 2025-03-27 08:28:52,418 - INFO - At concurrency limit (50). Waiting a bit...
2025-03-27 08:28:52,519 - INFO - [Clients] 2025-03-27 08:28:52,473 - INFO - At concurrency limit (50). Waiting a bit...
2025-03-27 08:28:53,846 - INFO - [Clients] 2025-03-27 08:28:53,842 - INFO - At concurrency limit (50). Waiting a bit...
2025-03-27 08:28:55,520 - INFO - [Clients] 2025-03-27 08:28:55,486 - INFO - At concurrency limit (50). Waiting a bit...
2025-03-27 08:28:55,544 - INFO - [Clients] 2025-03-27 08:28:55,530 - INFO - At concurrency limit (50). Waiting a bit...
2025-03-27 08:28:56,388 - INFO - 3 servers still running...
2025-03-27 08:28:56,884 - INFO - [Clients] 2025-03-27 08:28:56,856 - INFO - At concurrency limit (50). Waiting a bit...
2025-03-27 08:28:58,597 - INFO - [Clients] 2025-03-27 08:28:58,547 - INFO - At concurrency limit (50). Waiting a bit...
2025-03-27 08:28:58,611 - INFO - [Clients] 2025-03-27 08:28:58,590 - INFO - At concurrency limit (50). Waiting a bit...
2025-03-27 08:28:59,994 - INFO - [Clients] 2025-03-27 08:28:59,918 - INFO - At concurrency limit (50). Waiting a bit...
2025-03-27 08:29:01,438 - INFO - 3 servers still running...
2025-03-27 08:29:01,608 - INFO - [Clients] 2025-03-27 08:29:01,605 - INFO - At concurrency limit (50). Waiting a bit...
2025-03-27 08:29:01,741 - INFO - [Clients] 2025-03-27 08:29:01,600 - INFO - At concurrency limit (50). Waiting a bit...
2025-03-27 08:29:02,363 - INFO - Received interrupt, terminating servers...
2025-03-27 08:29:02,609 - INFO - Federation run complete
2025-03-27 08:29:03,002 - INFO - [Clients] Traceback (most recent call last):
2025-03-27 08:29:03,154 - INFO - [Clients] Traceback (most recent call last):
2025-03-27 08:29:03,177 - INFO - [Clients]   File "/Users/joyngugi/PycharmProjects/cGAN_LSTM_Clustering_FLFramework/scripts/run_all_clients.py", line 122, in <module>
