2025-03-25 09:14:07 - [Cluster 0 - CLIENT] - INFO - Initialized client logging for cluster 0 -> ../logs/run_20250325_091359/clients_cluster_0.log
2025-03-25 09:14:07 - [Cluster 0 - CLIENT] - INFO - Loading pickle data for store 1, cluster 0...
2025-03-25 09:14:07 - [Cluster 0 - CLIENT] - INFO - x_train shape: (723, 7, 27), y_train shape: (723,)
2025-03-25 09:14:07 - [Cluster 0 - CLIENT] - INFO - x_val shape: (176, 7, 27), y_val shape: (176,)
2025-03-25 09:14:07 - [Cluster 0 - CLIENT] - INFO - Initialized client logging for cluster 0 -> ../logs/run_20250325_091359/clients_cluster_0.log
2025-03-25 09:14:07 - [Cluster 0 - CLIENT] - INFO - Loading pickle data for store 10, cluster 0...
2025-03-25 09:14:07 - [Cluster 0 - CLIENT] - INFO - x_train shape: (723, 7, 27), y_train shape: (723,)
2025-03-25 09:14:07 - [Cluster 0 - CLIENT] - INFO - x_val shape: (176, 7, 27), y_val shape: (176,)
2025-03-25 09:14:07 - [Cluster 0 - CLIENT] - INFO - Initialized client logging for cluster 0 -> ../logs/run_20250325_091359/clients_cluster_0.log
2025-03-25 09:14:07 - [Cluster 0 - CLIENT] - INFO - Loading pickle data for store 1002, cluster 0...
2025-03-25 09:14:07 - [Cluster 0 - CLIENT] - INFO - x_train shape: (723, 7, 27), y_train shape: (723,)
2025-03-25 09:14:07 - [Cluster 0 - CLIENT] - INFO - x_val shape: (176, 7, 27), y_val shape: (176,)
2025-03-25 09:14:07 - [Cluster 0 - CLIENT] - INFO - Initialized client logging for cluster 0 -> ../logs/run_20250325_091359/clients_cluster_0.log
2025-03-25 09:14:07 - [Cluster 0 - CLIENT] - INFO - Loading pickle data for store 1001, cluster 0...
2025-03-25 09:14:07 - [Cluster 0 - CLIENT] - INFO - x_train shape: (723, 7, 27), y_train shape: (723,)
2025-03-25 09:14:07 - [Cluster 0 - CLIENT] - INFO - x_val shape: (176, 7, 27), y_val shape: (176,)
2025-03-25 09:14:07 - [Cluster 0 - CLIENT] - INFO - Initialized client logging for cluster 0 -> ../logs/run_20250325_091359/clients_cluster_0.log
2025-03-25 09:14:07 - [Cluster 0 - CLIENT] - INFO - Loading pickle data for store 1005, cluster 0...
2025-03-25 09:14:07 - [Cluster 0 - CLIENT] - INFO - x_train shape: (723, 7, 27), y_train shape: (723,)
2025-03-25 09:14:07 - [Cluster 0 - CLIENT] - INFO - x_val shape: (176, 7, 27), y_val shape: (176,)
2025-03-25 09:14:07 - [Cluster 0 - CLIENT] - INFO - Initialized client logging for cluster 0 -> ../logs/run_20250325_091359/clients_cluster_0.log
2025-03-25 09:14:07 - [Cluster 0 - CLIENT] - INFO - Loading pickle data for store 1007, cluster 0...
2025-03-25 09:14:07 - [Cluster 0 - CLIENT] - INFO - x_train shape: (723, 7, 27), y_train shape: (723,)
2025-03-25 09:14:07 - [Cluster 0 - CLIENT] - INFO - x_val shape: (176, 7, 27), y_val shape: (176,)
2025-03-25 09:14:07 - [Cluster 0 - CLIENT] - INFO - [Store 1, Cluster 0] Connecting to 127.0.0.1:8080 ...
2025-03-25 09:14:07 - [Cluster 0 - CLIENT] - INFO - Initialized client logging for cluster 0 -> ../logs/run_20250325_091359/clients_cluster_0.log
2025-03-25 09:14:07 - [Cluster 0 - CLIENT] - INFO - Loading pickle data for store 1003, cluster 0...
2025-03-25 09:14:07 - [Cluster 0 - CLIENT] - DEBUG - Opened insecure gRPC connection (no certificates were passed)
2025-03-25 09:14:07 - [Cluster 0 - CLIENT] - INFO - x_train shape: (723, 7, 27), y_train shape: (723,)
2025-03-25 09:14:07 - [Cluster 0 - CLIENT] - INFO - x_val shape: (176, 7, 27), y_val shape: (176,)
2025-03-25 09:14:07 - [Cluster 0 - CLIENT] - DEBUG - ChannelConnectivity.IDLE
2025-03-25 09:14:07 - [Cluster 0 - CLIENT] - DEBUG - ChannelConnectivity.CONNECTING
2025-03-25 09:14:07 - [Cluster 0 - CLIENT] - DEBUG - ChannelConnectivity.READY
2025-03-25 09:14:07 - [Cluster 0 - CLIENT] - INFO - 
2025-03-25 09:14:07 - [Cluster 0 - CLIENT] - INFO - Received: get_parameters message 1e88efcf-29b7-40b1-8bec-d642c08e2be4
2025-03-25 09:14:07 - [Cluster 0 - CLIENT] - INFO - [Store 1] Sending model parameters to server.
2025-03-25 09:14:07 - [Cluster 0 - CLIENT] - INFO - [Store 10, Cluster 0] Connecting to 127.0.0.1:8080 ...
2025-03-25 09:14:07 - [Cluster 0 - CLIENT] - INFO - Sent reply
2025-03-25 09:14:07 - [Cluster 0 - CLIENT] - DEBUG - Opened insecure gRPC connection (no certificates were passed)
2025-03-25 09:14:07 - [Cluster 0 - CLIENT] - INFO - Initialized client logging for cluster 0 -> ../logs/run_20250325_091359/clients_cluster_0.log
2025-03-25 09:14:07 - [Cluster 0 - CLIENT] - INFO - Loading pickle data for store 1006, cluster 0...
2025-03-25 09:14:07 - [Cluster 0 - CLIENT] - INFO - x_train shape: (723, 7, 27), y_train shape: (723,)
2025-03-25 09:14:07 - [Cluster 0 - CLIENT] - INFO - x_val shape: (176, 7, 27), y_val shape: (176,)
2025-03-25 09:14:07 - [Cluster 0 - CLIENT] - DEBUG - ChannelConnectivity.IDLE
2025-03-25 09:14:07 - [Cluster 0 - CLIENT] - DEBUG - ChannelConnectivity.CONNECTING
2025-03-25 09:14:07 - [Cluster 0 - CLIENT] - DEBUG - ChannelConnectivity.READY
2025-03-25 09:14:07 - [Cluster 0 - CLIENT] - INFO - [Store 1002, Cluster 0] Connecting to 127.0.0.1:8080 ...
2025-03-25 09:14:07 - [Cluster 0 - CLIENT] - INFO - Initialized client logging for cluster 0 -> ../logs/run_20250325_091359/clients_cluster_0.log
2025-03-25 09:14:07 - [Cluster 0 - CLIENT] - INFO - Loading pickle data for store 1015, cluster 0...
2025-03-25 09:14:07 - [Cluster 0 - CLIENT] - DEBUG - Opened insecure gRPC connection (no certificates were passed)
2025-03-25 09:14:07 - [Cluster 0 - CLIENT] - INFO - x_train shape: (723, 7, 27), y_train shape: (723,)
2025-03-25 09:14:07 - [Cluster 0 - CLIENT] - INFO - x_val shape: (176, 7, 27), y_val shape: (176,)
2025-03-25 09:14:07 - [Cluster 0 - CLIENT] - DEBUG - ChannelConnectivity.IDLE
2025-03-25 09:14:07 - [Cluster 0 - CLIENT] - DEBUG - ChannelConnectivity.READY
2025-03-25 09:14:07 - [Cluster 0 - CLIENT] - INFO - [Store 1001, Cluster 0] Connecting to 127.0.0.1:8080 ...
2025-03-25 09:14:07 - [Cluster 0 - CLIENT] - DEBUG - Opened insecure gRPC connection (no certificates were passed)
2025-03-25 09:14:07 - [Cluster 0 - CLIENT] - DEBUG - ChannelConnectivity.IDLE
2025-03-25 09:14:07 - [Cluster 0 - CLIENT] - INFO - Initialized client logging for cluster 0 -> ../logs/run_20250325_091359/clients_cluster_0.log
2025-03-25 09:14:07 - [Cluster 0 - CLIENT] - INFO - Loading pickle data for store 1013, cluster 0...
2025-03-25 09:14:07 - [Cluster 0 - CLIENT] - DEBUG - ChannelConnectivity.READY
2025-03-25 09:14:07 - [Cluster 0 - CLIENT] - INFO - x_train shape: (723, 7, 27), y_train shape: (723,)
2025-03-25 09:14:07 - [Cluster 0 - CLIENT] - INFO - x_val shape: (176, 7, 27), y_val shape: (176,)
2025-03-25 09:14:07 - [Cluster 0 - CLIENT] - INFO - Initialized client logging for cluster 0 -> ../logs/run_20250325_091359/clients_cluster_0.log
2025-03-25 09:14:07 - [Cluster 0 - CLIENT] - INFO - Loading pickle data for store 1011, cluster 0...
2025-03-25 09:14:07 - [Cluster 0 - CLIENT] - INFO - x_train shape: (723, 7, 27), y_train shape: (723,)
2025-03-25 09:14:07 - [Cluster 0 - CLIENT] - INFO - x_val shape: (176, 7, 27), y_val shape: (176,)
2025-03-25 09:14:07 - [Cluster 0 - CLIENT] - INFO - Initialized client logging for cluster 0 -> ../logs/run_20250325_091359/clients_cluster_0.log
2025-03-25 09:14:07 - [Cluster 0 - CLIENT] - INFO - Loading pickle data for store 101, cluster 0...
2025-03-25 09:14:07 - [Cluster 0 - CLIENT] - INFO - x_train shape: (723, 7, 27), y_train shape: (723,)
2025-03-25 09:14:07 - [Cluster 0 - CLIENT] - INFO - x_val shape: (176, 7, 27), y_val shape: (176,)
2025-03-25 09:14:07 - [Cluster 0 - CLIENT] - INFO - Initialized client logging for cluster 0 -> ../logs/run_20250325_091359/clients_cluster_0.log
2025-03-25 09:14:07 - [Cluster 0 - CLIENT] - INFO - Loading pickle data for store 1008, cluster 0...
2025-03-25 09:14:07 - [Cluster 0 - CLIENT] - INFO - x_train shape: (723, 7, 27), y_train shape: (723,)
2025-03-25 09:14:07 - [Cluster 0 - CLIENT] - INFO - x_val shape: (176, 7, 27), y_val shape: (176,)
2025-03-25 09:14:07 - [Cluster 0 - CLIENT] - INFO - Initialized client logging for cluster 0 -> ../logs/run_20250325_091359/clients_cluster_0.log
2025-03-25 09:14:07 - [Cluster 0 - CLIENT] - INFO - Loading pickle data for store 1016, cluster 0...
2025-03-25 09:14:08 - [Cluster 0 - CLIENT] - INFO - x_train shape: (723, 7, 27), y_train shape: (723,)
2025-03-25 09:14:08 - [Cluster 0 - CLIENT] - INFO - x_val shape: (176, 7, 27), y_val shape: (176,)
2025-03-25 09:14:08 - [Cluster 0 - CLIENT] - INFO - [Store 1005, Cluster 0] Connecting to 127.0.0.1:8080 ...
2025-03-25 09:14:08 - [Cluster 0 - CLIENT] - DEBUG - Opened insecure gRPC connection (no certificates were passed)
2025-03-25 09:14:08 - [Cluster 0 - CLIENT] - DEBUG - ChannelConnectivity.IDLE
2025-03-25 09:14:08 - [Cluster 0 - CLIENT] - DEBUG - ChannelConnectivity.READY
2025-03-25 09:14:08 - [Cluster 0 - CLIENT] - INFO - Initialized client logging for cluster 0 -> ../logs/run_20250325_091359/clients_cluster_0.log
2025-03-25 09:14:08 - [Cluster 0 - CLIENT] - INFO - Loading pickle data for store 1017, cluster 0...
2025-03-25 09:14:08 - [Cluster 0 - CLIENT] - INFO - x_train shape: (723, 7, 27), y_train shape: (723,)
2025-03-25 09:14:08 - [Cluster 0 - CLIENT] - INFO - x_val shape: (176, 7, 27), y_val shape: (176,)
2025-03-25 09:14:08 - [Cluster 0 - CLIENT] - INFO - [Store 1007, Cluster 0] Connecting to 127.0.0.1:8080 ...
2025-03-25 09:14:08 - [Cluster 0 - CLIENT] - DEBUG - Opened insecure gRPC connection (no certificates were passed)
2025-03-25 09:14:08 - [Cluster 0 - CLIENT] - DEBUG - ChannelConnectivity.IDLE
2025-03-25 09:14:08 - [Cluster 0 - CLIENT] - DEBUG - ChannelConnectivity.READY
2025-03-25 09:14:08 - [Cluster 0 - CLIENT] - INFO - [Store 1003, Cluster 0] Connecting to 127.0.0.1:8080 ...
2025-03-25 09:14:08 - [Cluster 0 - CLIENT] - INFO - [Store 1006, Cluster 0] Connecting to 127.0.0.1:8080 ...
2025-03-25 09:14:08 - [Cluster 0 - CLIENT] - DEBUG - Opened insecure gRPC connection (no certificates were passed)
2025-03-25 09:14:08 - [Cluster 0 - CLIENT] - DEBUG - ChannelConnectivity.IDLE
2025-03-25 09:14:08 - [Cluster 0 - CLIENT] - DEBUG - Opened insecure gRPC connection (no certificates were passed)
2025-03-25 09:14:08 - [Cluster 0 - CLIENT] - DEBUG - ChannelConnectivity.READY
2025-03-25 09:14:08 - [Cluster 0 - CLIENT] - DEBUG - ChannelConnectivity.IDLE
2025-03-25 09:14:08 - [Cluster 0 - CLIENT] - DEBUG - ChannelConnectivity.CONNECTING
2025-03-25 09:14:08 - [Cluster 0 - CLIENT] - DEBUG - ChannelConnectivity.READY
2025-03-25 09:14:08 - [Cluster 0 - CLIENT] - INFO - [Store 1015, Cluster 0] Connecting to 127.0.0.1:8080 ...
2025-03-25 09:14:08 - [Cluster 0 - CLIENT] - DEBUG - Opened insecure gRPC connection (no certificates were passed)
2025-03-25 09:14:08 - [Cluster 0 - CLIENT] - DEBUG - ChannelConnectivity.IDLE
2025-03-25 09:14:08 - [Cluster 0 - CLIENT] - DEBUG - ChannelConnectivity.READY
2025-03-25 09:14:08 - [Cluster 0 - CLIENT] - INFO - [Store 1013, Cluster 0] Connecting to 127.0.0.1:8080 ...
2025-03-25 09:14:08 - [Cluster 0 - CLIENT] - DEBUG - Opened insecure gRPC connection (no certificates were passed)
2025-03-25 09:14:08 - [Cluster 0 - CLIENT] - DEBUG - ChannelConnectivity.IDLE
2025-03-25 09:14:08 - [Cluster 0 - CLIENT] - DEBUG - ChannelConnectivity.READY
2025-03-25 09:14:08 - [Cluster 0 - CLIENT] - INFO - 
2025-03-25 09:14:08 - [Cluster 0 - CLIENT] - INFO - Received: train message 76326a09-38b7-4495-9a38-db1e5de6bbdf
2025-03-25 09:14:08 - [Cluster 0 - CLIENT] - INFO - 
2025-03-25 09:14:08 - [Cluster 0 - CLIENT] - INFO - Received: train message bcc14c1b-68a5-4aee-9ab1-27f99c90ba3c
2025-03-25 09:14:08 - [Cluster 0 - CLIENT] - INFO - 
2025-03-25 09:14:08 - [Cluster 0 - CLIENT] - INFO - Received: train message 3e2631e4-69d1-4081-8a28-223a5bcac25d
2025-03-25 09:14:08 - [Cluster 0 - CLIENT] - INFO - 
2025-03-25 09:14:08 - [Cluster 0 - CLIENT] - INFO - Received: train message be4a74a7-208c-4d7a-8a37-c8b62c6783e1
2025-03-25 09:14:08 - [Cluster 0 - CLIENT] - INFO - 
2025-03-25 09:14:08 - [Cluster 0 - CLIENT] - INFO - Received: train message 6ea79498-46d4-4ac9-aecf-1d0203f799e4
2025-03-25 09:14:08 - [Cluster 0 - CLIENT] - INFO - 
2025-03-25 09:14:08 - [Cluster 0 - CLIENT] - INFO - Received: train message a5cff0ad-76cb-4b40-aa3b-c0e0df90456f
2025-03-25 09:14:08 - [Cluster 0 - CLIENT] - INFO - 
2025-03-25 09:14:08 - [Cluster 0 - CLIENT] - INFO - Received: train message f6337fb1-c0d0-4ffa-9377-ff8f72e95be7
2025-03-25 09:14:08 - [Cluster 0 - CLIENT] - INFO - 
2025-03-25 09:14:08 - [Cluster 0 - CLIENT] - INFO - Received: train message 1c68f239-58e1-4fba-8a3e-74b949e112bf
2025-03-25 09:14:08 - [Cluster 0 - CLIENT] - INFO - 
2025-03-25 09:14:08 - [Cluster 0 - CLIENT] - INFO - Received: train message dc1fb280-1649-47aa-9402-c1b3e3c18fb5
2025-03-25 09:14:08 - [Cluster 0 - CLIENT] - INFO - 
2025-03-25 09:14:08 - [Cluster 0 - CLIENT] - INFO - Received: train message de09a642-3f7d-48c4-a4c7-df87efd10a6a
2025-03-25 09:14:08 - [Cluster 0 - CLIENT] - INFO - [Store 1002] Starting local training.
2025-03-25 09:14:08 - [Cluster 0 - CLIENT] - INFO - [Store 1011, Cluster 0] Connecting to 127.0.0.1:8080 ...
2025-03-25 09:14:08 - [Cluster 0 - CLIENT] - INFO - [Store 1015] Starting local training.
2025-03-25 09:14:08 - [Cluster 0 - CLIENT] - INFO - [Store 1006] Starting local training.
2025-03-25 09:14:08 - [Cluster 0 - CLIENT] - INFO - [Store 1] Starting local training.
2025-03-25 09:14:08 - [Cluster 0 - CLIENT] - INFO - [Store 10] Starting local training.
2025-03-25 09:14:08 - [Cluster 0 - CLIENT] - INFO - [Store 1001] Starting local training.
2025-03-25 09:14:08 - [Cluster 0 - CLIENT] - INFO - [Store 1003] Starting local training.
2025-03-25 09:14:08 - [Cluster 0 - CLIENT] - INFO - [Store 1005] Starting local training.
2025-03-25 09:14:08 - [Cluster 0 - CLIENT] - INFO - [Store 1007] Starting local training.
2025-03-25 09:14:08 - [Cluster 0 - CLIENT] - INFO - [Store 1013] Starting local training.
2025-03-25 09:14:08 - [Cluster 0 - CLIENT] - DEBUG - Opened insecure gRPC connection (no certificates were passed)
2025-03-25 09:14:08 - [Cluster 0 - CLIENT] - INFO - [Store 101, Cluster 0] Connecting to 127.0.0.1:8080 ...
2025-03-25 09:14:08 - [Cluster 0 - CLIENT] - DEBUG - ChannelConnectivity.IDLE
2025-03-25 09:14:08 - [Cluster 0 - CLIENT] - DEBUG - ChannelConnectivity.READY
2025-03-25 09:14:08 - [Cluster 0 - CLIENT] - DEBUG - Opened insecure gRPC connection (no certificates were passed)
2025-03-25 09:14:08 - [Cluster 0 - CLIENT] - DEBUG - ChannelConnectivity.IDLE
2025-03-25 09:14:08 - [Cluster 0 - CLIENT] - DEBUG - ChannelConnectivity.CONNECTING
2025-03-25 09:14:08 - [Cluster 0 - CLIENT] - DEBUG - ChannelConnectivity.READY
2025-03-25 09:14:08 - [Cluster 0 - CLIENT] - INFO - [Store 1016, Cluster 0] Connecting to 127.0.0.1:8080 ...
2025-03-25 09:14:08 - [Cluster 0 - CLIENT] - DEBUG - Opened insecure gRPC connection (no certificates were passed)
2025-03-25 09:14:08 - [Cluster 0 - CLIENT] - DEBUG - ChannelConnectivity.IDLE
2025-03-25 09:14:08 - [Cluster 0 - CLIENT] - DEBUG - ChannelConnectivity.READY
2025-03-25 09:14:08 - [Cluster 0 - CLIENT] - INFO - [Store 1008, Cluster 0] Connecting to 127.0.0.1:8080 ...
2025-03-25 09:14:08 - [Cluster 0 - CLIENT] - DEBUG - Opened insecure gRPC connection (no certificates were passed)
2025-03-25 09:14:08 - [Cluster 0 - CLIENT] - DEBUG - ChannelConnectivity.IDLE
2025-03-25 09:14:08 - [Cluster 0 - CLIENT] - INFO - [Store 1017, Cluster 0] Connecting to 127.0.0.1:8080 ...
2025-03-25 09:14:08 - [Cluster 0 - CLIENT] - DEBUG - ChannelConnectivity.READY
2025-03-25 09:14:08 - [Cluster 0 - CLIENT] - DEBUG - Opened insecure gRPC connection (no certificates were passed)
2025-03-25 09:14:08 - [Cluster 0 - CLIENT] - DEBUG - ChannelConnectivity.IDLE
2025-03-25 09:14:08 - [Cluster 0 - CLIENT] - DEBUG - ChannelConnectivity.CONNECTING
2025-03-25 09:14:08 - [Cluster 0 - CLIENT] - DEBUG - ChannelConnectivity.READY
2025-03-25 09:16:35 - [Cluster 0 - CLIENT] - INFO - [Store 1002] Local training complete.
2025-03-25 09:16:35 - [Cluster 0 - CLIENT] - INFO - Sent reply
2025-03-25 09:16:35 - [Cluster 0 - CLIENT] - INFO - [Store 1015] Local training complete.
2025-03-25 09:16:35 - [Cluster 0 - CLIENT] - INFO - [Store 10] Local training complete.
2025-03-25 09:16:36 - [Cluster 0 - CLIENT] - INFO - Sent reply
2025-03-25 09:16:36 - [Cluster 0 - CLIENT] - INFO - Sent reply
2025-03-25 09:16:36 - [Cluster 0 - CLIENT] - INFO - [Store 1007] Local training complete.
2025-03-25 09:16:36 - [Cluster 0 - CLIENT] - INFO - Sent reply
2025-03-25 09:16:36 - [Cluster 0 - CLIENT] - INFO - [Store 1006] Local training complete.
2025-03-25 09:16:36 - [Cluster 0 - CLIENT] - INFO - Sent reply
2025-03-25 09:16:36 - [Cluster 0 - CLIENT] - INFO - [Store 1001] Local training complete.
2025-03-25 09:16:36 - [Cluster 0 - CLIENT] - INFO - Sent reply
2025-03-25 09:16:36 - [Cluster 0 - CLIENT] - INFO - [Store 1005] Local training complete.
2025-03-25 09:16:36 - [Cluster 0 - CLIENT] - INFO - Sent reply
2025-03-25 09:16:36 - [Cluster 0 - CLIENT] - INFO - [Store 1] Local training complete.
2025-03-25 09:16:36 - [Cluster 0 - CLIENT] - INFO - Sent reply
2025-03-25 09:16:36 - [Cluster 0 - CLIENT] - INFO - [Store 1013] Local training complete.
2025-03-25 09:16:36 - [Cluster 0 - CLIENT] - INFO - [Store 1003] Local training complete.
2025-03-25 09:16:37 - [Cluster 0 - CLIENT] - INFO - Sent reply
2025-03-25 09:16:37 - [Cluster 0 - CLIENT] - INFO - Sent reply
2025-03-25 09:17:24 - [Cluster 0 - CLIENT] - DEBUG - gRPC channel closed
2025-03-25 09:17:24 - [Cluster 0 - CLIENT] - DEBUG - gRPC channel closed
2025-03-25 09:17:24 - [Cluster 0 - CLIENT] - DEBUG - gRPC channel closed
2025-03-25 09:17:24 - [Cluster 0 - CLIENT] - DEBUG - gRPC channel closed
2025-03-25 09:17:24 - [Cluster 0 - CLIENT] - DEBUG - gRPC channel closed
2025-03-25 09:17:24 - [Cluster 0 - CLIENT] - DEBUG - gRPC channel closed
2025-03-25 09:17:24 - [Cluster 0 - CLIENT] - DEBUG - gRPC channel closed
2025-03-25 09:17:24 - [Cluster 0 - CLIENT] - DEBUG - gRPC channel closed
2025-03-25 09:17:24 - [Cluster 0 - CLIENT] - DEBUG - gRPC channel closed
2025-03-25 09:17:24 - [Cluster 0 - CLIENT] - DEBUG - gRPC channel closed
2025-03-25 09:17:24 - [Cluster 0 - CLIENT] - DEBUG - gRPC channel closed
2025-03-25 09:17:24 - [Cluster 0 - CLIENT] - DEBUG - gRPC channel closed
2025-03-25 09:17:24 - [Cluster 0 - CLIENT] - DEBUG - gRPC channel closed
2025-03-25 09:17:24 - [Cluster 0 - CLIENT] - DEBUG - gRPC channel closed
2025-03-25 09:17:24 - [Cluster 0 - CLIENT] - DEBUG - gRPC channel closed
