2025-03-27 14:01:44,659 - INFO - Starting federation training run
2025-03-27 14:01:44,660 - INFO - Started server for cluster 0
2025-03-27 14:01:46,664 - INFO - Started server for cluster 1
2025-03-27 14:01:48,674 - INFO - Started server for cluster 2
2025-03-27 14:01:50,681 - INFO - Started client coordinator
2025-03-27 14:01:50,682 - INFO - Started client coordinator
2025-03-27 14:01:50,684 - INFO - Started client coordinator
2025-03-27 14:01:55,689 - INFO - 3 servers still running...
2025-03-27 14:01:57,825 - INFO - [Server-1] 2025-03-27 14:01:57 - [Server 1] - INFO - [Server 1] Logging initialized -> ../logs/run_20250327_140144/server_cluster_1.log
2025-03-27 14:01:57,826 - INFO - [Server-2] 2025-03-27 14:01:57 - [Server 2] - INFO - [Server 2] Logging initialized -> ../logs/run_20250327_140144/server_cluster_2.log
2025-03-27 14:01:57,826 - INFO - [Server-0] 2025-03-27 14:01:57 - [Server 0] - INFO - [Server 0] Logging initialized -> ../logs/run_20250327_140144/server_cluster_0.log
2025-03-27 14:01:57,826 - INFO - [Server-1] [93mWARNING [0m:   DEPRECATED FEATURE: flwr.server.start_server() is deprecated.
2025-03-27 14:01:57,826 - INFO - [Server-2] [93mWARNING [0m:   DEPRECATED FEATURE: flwr.server.start_server() is deprecated.
2025-03-27 14:01:57,826 - INFO - [Server-0] [93mWARNING [0m:   DEPRECATED FEATURE: flwr.server.start_server() is deprecated.
2025-03-27 14:01:57,826 - INFO - [Server-0] 	Instead, use the `flower-superlink` CLI command to start a SuperLink as shown below:
2025-03-27 14:01:57,826 - INFO - [Server-2] 	Instead, use the `flower-superlink` CLI command to start a SuperLink as shown below:
2025-03-27 14:01:57,826 - INFO - [Server-0] 
2025-03-27 14:01:57,826 - INFO - [Server-0] 		$ flower-superlink --insecure
2025-03-27 14:01:57,826 - INFO - [Server-1] 	Instead, use the `flower-superlink` CLI command to start a SuperLink as shown below:
2025-03-27 14:01:57,826 - INFO - [Server-0] 
2025-03-27 14:01:57,826 - INFO - [Server-2] 
2025-03-27 14:01:57,826 - INFO - [Server-1] 
2025-03-27 14:01:57,826 - INFO - [Server-0] 	To view usage and all available options, run:
2025-03-27 14:01:57,826 - INFO - [Server-2] 		$ flower-superlink --insecure
2025-03-27 14:01:57,826 - INFO - [Server-1] 		$ flower-superlink --insecure
2025-03-27 14:01:57,827 - INFO - [Server-0] 
2025-03-27 14:01:57,827 - INFO - [Server-2] 
2025-03-27 14:01:57,827 - INFO - [Server-1] 
2025-03-27 14:01:57,827 - INFO - [Server-0] 		$ flower-superlink --help
2025-03-27 14:01:57,827 - INFO - [Server-2] 	To view usage and all available options, run:
2025-03-27 14:01:57,827 - INFO - [Server-1] 	To view usage and all available options, run:
2025-03-27 14:01:57,827 - INFO - [Server-1] 
2025-03-27 14:01:57,827 - INFO - [Server-2] 
2025-03-27 14:01:57,827 - INFO - [Server-0] 
2025-03-27 14:01:57,827 - INFO - [Server-1] 		$ flower-superlink --help
2025-03-27 14:01:57,827 - INFO - [Server-2] 		$ flower-superlink --help
2025-03-27 14:01:57,827 - INFO - [Server-0] 	Using `start_server()` is deprecated.
2025-03-27 14:01:57,828 - INFO - [Server-1] 
2025-03-27 14:01:57,828 - INFO - [Server-2] 
2025-03-27 14:01:57,829 - INFO - [Server-0] 
2025-03-27 14:01:57,829 - INFO - [Server-1] 	Using `start_server()` is deprecated.
2025-03-27 14:01:57,829 - INFO - [Server-2] 	Using `start_server()` is deprecated.
2025-03-27 14:01:57,829 - INFO - [Server-0]             This is a deprecated feature. It will be removed
2025-03-27 14:01:57,829 - INFO - [Server-1] 
2025-03-27 14:01:57,829 - INFO - [Server-1]             This is a deprecated feature. It will be removed
2025-03-27 14:01:57,829 - INFO - [Server-2] 
2025-03-27 14:01:57,829 - INFO - [Server-1]             entirely in future versions of Flower.
2025-03-27 14:01:57,829 - INFO - [Server-0]             entirely in future versions of Flower.
2025-03-27 14:01:57,829 - INFO - [Server-2]             This is a deprecated feature. It will be removed
2025-03-27 14:01:57,829 - INFO - [Server-0] 
2025-03-27 14:01:57,829 - INFO - [Server-1] 
2025-03-27 14:01:57,831 - INFO - [Server-2]             entirely in future versions of Flower.
2025-03-27 14:01:57,832 - INFO - [Server-0] [92mINFO [0m:      Starting Flower server, config: num_rounds=10, no round_timeout
2025-03-27 14:01:57,832 - INFO - [Server-1] [92mINFO [0m:      Starting Flower server, config: num_rounds=10, no round_timeout
2025-03-27 14:01:57,832 - INFO - [Server-1] 2025-03-27 14:01:57 - [Server 1] - INFO - Starting Flower server, config: num_rounds=10, no round_timeout
2025-03-27 14:01:57,832 - INFO - [Server-2] 
2025-03-27 14:01:57,832 - INFO - [Server-0] 2025-03-27 14:01:57 - [Server 0] - INFO - Starting Flower server, config: num_rounds=10, no round_timeout
2025-03-27 14:01:57,832 - INFO - [Server-2] [92mINFO [0m:      Starting Flower server, config: num_rounds=10, no round_timeout
2025-03-27 14:01:57,832 - INFO - [Server-2] 2025-03-27 14:01:57 - [Server 2] - INFO - Starting Flower server, config: num_rounds=10, no round_timeout
2025-03-27 14:01:57,837 - INFO - [Server-0] [92mINFO [0m:      Flower ECE: gRPC server running (10 rounds), SSL is disabled
2025-03-27 14:01:57,838 - INFO - [Server-0] 2025-03-27 14:01:57 - [Server 0] - INFO - Flower ECE: gRPC server running (10 rounds), SSL is disabled
2025-03-27 14:01:57,838 - INFO - [Server-1] [92mINFO [0m:      Flower ECE: gRPC server running (10 rounds), SSL is disabled
2025-03-27 14:01:57,838 - INFO - [Server-1] 2025-03-27 14:01:57 - [Server 1] - INFO - Flower ECE: gRPC server running (10 rounds), SSL is disabled
2025-03-27 14:01:57,838 - INFO - [Server-0] [92mINFO [0m:      [INIT]
2025-03-27 14:01:57,838 - INFO - [Server-1] [92mINFO [0m:      [INIT]
2025-03-27 14:01:57,838 - INFO - [Server-0] 2025-03-27 14:01:57 - [Server 0] - INFO - [INIT]
2025-03-27 14:01:57,838 - INFO - [Server-1] 2025-03-27 14:01:57 - [Server 1] - INFO - [INIT]
2025-03-27 14:01:57,838 - INFO - [Server-0] [92mINFO [0m:      Requesting initial parameters from one random client
2025-03-27 14:01:57,838 - INFO - [Server-1] [92mINFO [0m:      Requesting initial parameters from one random client
2025-03-27 14:01:57,838 - INFO - [Server-0] 2025-03-27 14:01:57 - [Server 0] - INFO - Requesting initial parameters from one random client
2025-03-27 14:01:57,838 - INFO - [Server-1] 2025-03-27 14:01:57 - [Server 1] - INFO - Requesting initial parameters from one random client
2025-03-27 14:01:57,842 - INFO - [Server-2] [92mINFO [0m:      Flower ECE: gRPC server running (10 rounds), SSL is disabled
2025-03-27 14:01:57,842 - INFO - [Server-2] 2025-03-27 14:01:57 - [Server 2] - INFO - Flower ECE: gRPC server running (10 rounds), SSL is disabled
2025-03-27 14:01:57,842 - INFO - [Server-2] [92mINFO [0m:      [INIT]
2025-03-27 14:01:57,842 - INFO - [Server-2] 2025-03-27 14:01:57 - [Server 2] - INFO - [INIT]
2025-03-27 14:01:57,842 - INFO - [Server-2] [92mINFO [0m:      Requesting initial parameters from one random client
2025-03-27 14:01:57,842 - INFO - [Server-2] 2025-03-27 14:01:57 - [Server 2] - INFO - Requesting initial parameters from one random client
2025-03-27 14:02:00,695 - INFO - 3 servers still running...
2025-03-27 14:02:05,698 - INFO - 3 servers still running...
2025-03-27 14:02:10,704 - INFO - 3 servers still running...
2025-03-27 14:02:15,708 - INFO - 3 servers still running...
2025-03-27 14:02:20,713 - INFO - 3 servers still running...
2025-03-27 14:02:25,717 - INFO - 3 servers still running...
2025-03-27 14:02:30,723 - INFO - 3 servers still running...
2025-03-27 14:02:35,725 - INFO - 3 servers still running...
2025-03-27 14:02:40,730 - INFO - 3 servers still running...
2025-03-27 14:02:45,735 - INFO - 3 servers still running...
2025-03-27 14:02:50,740 - INFO - 3 servers still running...
2025-03-27 14:02:55,746 - INFO - 3 servers still running...
2025-03-27 14:03:00,751 - INFO - 3 servers still running...
2025-03-27 14:03:05,755 - INFO - 3 servers still running...
2025-03-27 14:03:10,760 - INFO - 3 servers still running...
2025-03-27 14:03:15,762 - INFO - 3 servers still running...
2025-03-27 14:03:20,767 - INFO - 3 servers still running...
2025-03-27 14:03:25,772 - INFO - 3 servers still running...
2025-03-27 14:03:30,776 - INFO - 3 servers still running...
2025-03-27 14:03:35,782 - INFO - 3 servers still running...
2025-03-27 14:03:40,784 - INFO - 3 servers still running...
2025-03-27 14:03:45,789 - INFO - 3 servers still running...
2025-03-27 14:03:50,795 - INFO - 3 servers still running...
2025-03-27 14:03:55,798 - INFO - 3 servers still running...
2025-03-27 14:04:00,802 - INFO - 3 servers still running...
2025-03-27 14:04:05,812 - INFO - 3 servers still running...
2025-03-27 14:04:10,819 - INFO - 3 servers still running...
2025-03-27 14:04:15,825 - INFO - 3 servers still running...
2025-03-27 14:04:20,831 - INFO - 3 servers still running...
2025-03-27 14:04:25,838 - INFO - 3 servers still running...
2025-03-27 14:04:30,842 - INFO - 3 servers still running...
2025-03-27 14:04:35,848 - INFO - 3 servers still running...
2025-03-27 14:04:40,849 - INFO - 3 servers still running...
2025-03-27 14:04:45,852 - INFO - 3 servers still running...
2025-03-27 14:04:50,856 - INFO - 3 servers still running...
2025-03-27 14:04:55,861 - INFO - 3 servers still running...
2025-03-27 14:05:00,863 - INFO - 3 servers still running...
2025-03-27 14:05:05,869 - INFO - 3 servers still running...
2025-03-27 14:05:10,875 - INFO - 3 servers still running...
2025-03-27 14:05:15,880 - INFO - 3 servers still running...
2025-03-27 14:05:20,882 - INFO - 3 servers still running...
2025-03-27 14:05:25,888 - INFO - 3 servers still running...
2025-03-27 14:05:30,893 - INFO - 3 servers still running...
2025-03-27 14:05:35,895 - INFO - 3 servers still running...
2025-03-27 14:05:40,900 - INFO - 3 servers still running...
2025-03-27 14:05:45,903 - INFO - 3 servers still running...
2025-03-27 14:05:50,905 - INFO - 3 servers still running...
2025-03-27 14:05:55,910 - INFO - 3 servers still running...
2025-03-27 14:06:00,916 - INFO - 3 servers still running...
2025-03-27 14:06:05,921 - INFO - 3 servers still running...
2025-03-27 14:06:10,925 - INFO - 3 servers still running...
2025-03-27 14:06:15,931 - INFO - 3 servers still running...
2025-03-27 14:06:20,935 - INFO - 3 servers still running...
2025-03-27 14:06:25,941 - INFO - 3 servers still running...
2025-03-27 14:06:30,950 - INFO - 3 servers still running...
2025-03-27 14:06:35,959 - INFO - 3 servers still running...
2025-03-27 14:06:40,963 - INFO - 3 servers still running...
2025-03-27 14:06:45,969 - INFO - 3 servers still running...
2025-03-27 14:06:50,974 - INFO - 3 servers still running...
2025-03-27 14:06:55,980 - INFO - 3 servers still running...
2025-03-27 14:07:00,985 - INFO - 3 servers still running...
2025-03-27 14:07:05,991 - INFO - 3 servers still running...
2025-03-27 14:07:10,994 - INFO - 3 servers still running...
2025-03-27 14:07:16,000 - INFO - 3 servers still running...
2025-03-27 14:07:21,005 - INFO - 3 servers still running...
2025-03-27 14:07:26,007 - INFO - 3 servers still running...
2025-03-27 14:07:31,013 - INFO - 3 servers still running...
2025-03-27 14:07:36,017 - INFO - 3 servers still running...
2025-03-27 14:07:41,020 - INFO - 3 servers still running...
2025-03-27 14:07:46,026 - INFO - 3 servers still running...
2025-03-27 14:07:51,031 - INFO - 3 servers still running...
2025-03-27 14:07:56,032 - INFO - 3 servers still running...
2025-03-27 14:08:01,036 - INFO - 3 servers still running...
2025-03-27 14:08:06,042 - INFO - 3 servers still running...
2025-03-27 14:08:11,043 - INFO - 3 servers still running...
2025-03-27 14:08:16,049 - INFO - 3 servers still running...
2025-03-27 14:08:21,055 - INFO - 3 servers still running...
2025-03-27 14:08:26,056 - INFO - 3 servers still running...
2025-03-27 14:08:31,062 - INFO - 3 servers still running...
2025-03-27 14:08:36,068 - INFO - 3 servers still running...
2025-03-27 14:08:41,074 - INFO - 3 servers still running...
2025-03-27 14:08:46,078 - INFO - 3 servers still running...
2025-03-27 14:08:51,081 - INFO - 3 servers still running...
2025-03-27 14:08:56,085 - INFO - 3 servers still running...
2025-03-27 14:08:59,260 - INFO - Received interrupt, terminating servers...
2025-03-27 14:08:59,261 - INFO - Federation run complete
