2025-03-31 11:18:39 - [Server 1] - INFO - [Server 1] Logging initialized -> ../logs/run_20250331_111834/server_cluster_1.log
2025-03-31 11:18:39 - [Server 1] - INFO - Starting Flower server, config: num_rounds=30, no round_timeout
2025-03-31 11:18:39 - [Server 1] - INFO - Flower ECE: gRPC server running (30 rounds), SSL is disabled
2025-03-31 11:18:39 - [Server 1] - INFO - [INIT]
2025-03-31 11:18:39 - [Server 1] - INFO - Requesting initial parameters from one random client
2025-03-31 15:13:14 - [Server 1] - INFO - Received initial parameters from one random client
2025-03-31 15:13:14 - [Server 1] - INFO - Starting evaluation of initial global parameters
2025-03-31 15:13:14 - [Server 1] - INFO - Evaluation returned no results (`None`)
2025-03-31 15:13:14 - [Server 1] - INFO - 
2025-03-31 15:13:14 - [Server 1] - INFO - [ROUND 1]
2025-03-31 15:13:19 - [Server 1] - INFO - configure_fit: strategy sampled 12 clients (out of 12)
2025-03-31 15:16:18 - [Server 1] - INFO - aggregate_fit: received 12 results and 0 failures
2025-03-31 15:16:18 - [Server 1] - INFO - configure_evaluate: strategy sampled 30 clients (out of 30)
2025-03-31 15:16:23 - [Server 1] - INFO - aggregate_evaluate: received 30 results and 0 failures
2025-03-31 15:16:23 - [Server 1] - INFO - 
2025-03-31 15:16:23 - [Server 1] - INFO - [ROUND 2]
2025-03-31 15:16:23 - [Server 1] - INFO - configure_fit: strategy sampled 30 clients (out of 30)
2025-03-31 15:23:06 - [Server 1] - INFO - aggregate_fit: received 30 results and 0 failures
2025-03-31 15:23:06 - [Server 1] - INFO - configure_evaluate: strategy sampled 30 clients (out of 30)
2025-03-31 15:23:08 - [Server 1] - INFO - aggregate_evaluate: received 30 results and 0 failures
2025-03-31 15:23:08 - [Server 1] - INFO - 
2025-03-31 15:23:08 - [Server 1] - INFO - [ROUND 3]
2025-03-31 15:23:08 - [Server 1] - INFO - configure_fit: strategy sampled 30 clients (out of 30)
2025-03-31 15:30:55 - [Server 1] - INFO - aggregate_fit: received 30 results and 0 failures
2025-03-31 15:30:55 - [Server 1] - INFO - configure_evaluate: strategy sampled 30 clients (out of 30)
2025-03-31 15:30:59 - [Server 1] - INFO - aggregate_evaluate: received 30 results and 0 failures
2025-03-31 15:30:59 - [Server 1] - INFO - 
2025-03-31 15:30:59 - [Server 1] - INFO - [ROUND 4]
2025-03-31 15:30:59 - [Server 1] - INFO - configure_fit: strategy sampled 30 clients (out of 30)
2025-03-31 15:41:28 - [Server 1] - INFO - aggregate_fit: received 30 results and 0 failures
2025-03-31 15:41:28 - [Server 1] - INFO - configure_evaluate: strategy sampled 30 clients (out of 30)
2025-03-31 15:41:32 - [Server 1] - INFO - aggregate_evaluate: received 30 results and 0 failures
2025-03-31 15:41:32 - [Server 1] - INFO - 
2025-03-31 15:41:32 - [Server 1] - INFO - [ROUND 5]
2025-03-31 15:41:32 - [Server 1] - INFO - configure_fit: strategy sampled 30 clients (out of 30)
2025-03-31 15:52:08 - [Server 1] - INFO - aggregate_fit: received 30 results and 0 failures
2025-03-31 15:52:08 - [Server 1] - INFO - configure_evaluate: strategy sampled 30 clients (out of 30)
2025-03-31 15:52:11 - [Server 1] - INFO - aggregate_evaluate: received 30 results and 0 failures
2025-03-31 15:52:11 - [Server 1] - INFO - 
2025-03-31 15:52:11 - [Server 1] - INFO - [ROUND 6]
2025-03-31 15:52:11 - [Server 1] - INFO - configure_fit: strategy sampled 30 clients (out of 30)
2025-03-31 16:02:58 - [Server 1] - INFO - aggregate_fit: received 30 results and 0 failures
2025-03-31 16:02:58 - [Server 1] - INFO - configure_evaluate: strategy sampled 30 clients (out of 30)
2025-03-31 16:03:03 - [Server 1] - INFO - aggregate_evaluate: received 30 results and 0 failures
2025-03-31 16:03:03 - [Server 1] - INFO - 
2025-03-31 16:03:03 - [Server 1] - INFO - [ROUND 7]
2025-03-31 16:03:03 - [Server 1] - INFO - configure_fit: strategy sampled 30 clients (out of 30)
2025-03-31 16:14:49 - [Server 1] - INFO - aggregate_fit: received 30 results and 0 failures
2025-03-31 16:14:49 - [Server 1] - INFO - configure_evaluate: strategy sampled 30 clients (out of 30)
2025-03-31 16:14:53 - [Server 1] - INFO - aggregate_evaluate: received 30 results and 0 failures
2025-03-31 16:14:53 - [Server 1] - INFO - 
2025-03-31 16:14:53 - [Server 1] - INFO - [ROUND 8]
2025-03-31 16:14:53 - [Server 1] - INFO - configure_fit: strategy sampled 30 clients (out of 30)
2025-03-31 16:25:05 - [Server 1] - INFO - aggregate_fit: received 30 results and 0 failures
2025-03-31 16:25:05 - [Server 1] - INFO - configure_evaluate: strategy sampled 30 clients (out of 30)
2025-03-31 16:25:09 - [Server 1] - INFO - aggregate_evaluate: received 30 results and 0 failures
2025-03-31 16:25:09 - [Server 1] - INFO - 
2025-03-31 16:25:09 - [Server 1] - INFO - [ROUND 9]
2025-03-31 16:25:09 - [Server 1] - INFO - configure_fit: strategy sampled 30 clients (out of 30)
2025-03-31 16:34:58 - [Server 1] - INFO - aggregate_fit: received 30 results and 0 failures
2025-03-31 16:34:58 - [Server 1] - INFO - configure_evaluate: strategy sampled 30 clients (out of 30)
2025-03-31 16:35:02 - [Server 1] - INFO - aggregate_evaluate: received 30 results and 0 failures
2025-03-31 16:35:02 - [Server 1] - INFO - 
2025-03-31 16:35:02 - [Server 1] - INFO - [ROUND 10]
2025-03-31 16:35:02 - [Server 1] - INFO - configure_fit: strategy sampled 30 clients (out of 30)
2025-03-31 16:44:23 - [Server 1] - INFO - aggregate_fit: received 30 results and 0 failures
2025-03-31 16:44:23 - [Server 1] - INFO - configure_evaluate: strategy sampled 30 clients (out of 30)
2025-03-31 16:44:27 - [Server 1] - INFO - aggregate_evaluate: received 30 results and 0 failures
2025-03-31 16:44:27 - [Server 1] - INFO - 
2025-03-31 16:44:27 - [Server 1] - INFO - [ROUND 11]
2025-03-31 16:44:27 - [Server 1] - INFO - configure_fit: strategy sampled 30 clients (out of 30)
2025-03-31 16:52:35 - [Server 1] - INFO - aggregate_fit: received 30 results and 0 failures
2025-03-31 16:52:35 - [Server 1] - INFO - configure_evaluate: strategy sampled 30 clients (out of 30)
2025-03-31 16:52:37 - [Server 1] - INFO - aggregate_evaluate: received 30 results and 0 failures
2025-03-31 16:52:37 - [Server 1] - INFO - 
2025-03-31 16:52:37 - [Server 1] - INFO - [ROUND 12]
2025-03-31 16:52:37 - [Server 1] - INFO - configure_fit: strategy sampled 30 clients (out of 30)
2025-03-31 17:00:04 - [Server 1] - INFO - aggregate_fit: received 30 results and 0 failures
2025-03-31 17:00:04 - [Server 1] - INFO - configure_evaluate: strategy sampled 30 clients (out of 30)
2025-03-31 17:00:07 - [Server 1] - INFO - aggregate_evaluate: received 30 results and 0 failures
2025-03-31 17:00:07 - [Server 1] - INFO - 
2025-03-31 17:00:07 - [Server 1] - INFO - [ROUND 13]
2025-03-31 17:00:07 - [Server 1] - INFO - configure_fit: strategy sampled 30 clients (out of 30)
2025-03-31 17:06:59 - [Server 1] - INFO - aggregate_fit: received 30 results and 0 failures
2025-03-31 17:06:59 - [Server 1] - INFO - configure_evaluate: strategy sampled 30 clients (out of 30)
2025-03-31 17:07:02 - [Server 1] - INFO - aggregate_evaluate: received 30 results and 0 failures
2025-03-31 17:07:02 - [Server 1] - INFO - 
2025-03-31 17:07:02 - [Server 1] - INFO - [ROUND 14]
2025-03-31 17:07:02 - [Server 1] - INFO - configure_fit: strategy sampled 30 clients (out of 30)
2025-03-31 17:14:14 - [Server 1] - INFO - aggregate_fit: received 30 results and 0 failures
2025-03-31 17:14:14 - [Server 1] - INFO - configure_evaluate: strategy sampled 30 clients (out of 30)
2025-03-31 17:14:18 - [Server 1] - INFO - aggregate_evaluate: received 30 results and 0 failures
2025-03-31 17:14:18 - [Server 1] - INFO - 
2025-03-31 17:14:18 - [Server 1] - INFO - [ROUND 15]
2025-03-31 17:14:18 - [Server 1] - INFO - configure_fit: strategy sampled 30 clients (out of 30)
2025-03-31 17:21:44 - [Server 1] - INFO - aggregate_fit: received 30 results and 0 failures
2025-03-31 17:21:44 - [Server 1] - INFO - configure_evaluate: strategy sampled 30 clients (out of 30)
2025-03-31 17:21:47 - [Server 1] - INFO - aggregate_evaluate: received 30 results and 0 failures
2025-03-31 17:21:47 - [Server 1] - INFO - 
2025-03-31 17:21:47 - [Server 1] - INFO - [ROUND 16]
2025-03-31 17:21:47 - [Server 1] - INFO - configure_fit: strategy sampled 30 clients (out of 30)
2025-03-31 17:28:52 - [Server 1] - INFO - aggregate_fit: received 30 results and 0 failures
2025-03-31 17:28:52 - [Server 1] - INFO - configure_evaluate: strategy sampled 30 clients (out of 30)
2025-03-31 17:28:55 - [Server 1] - INFO - aggregate_evaluate: received 30 results and 0 failures
2025-03-31 17:28:55 - [Server 1] - INFO - 
2025-03-31 17:28:55 - [Server 1] - INFO - [ROUND 17]
2025-03-31 17:28:55 - [Server 1] - INFO - configure_fit: strategy sampled 30 clients (out of 30)
2025-03-31 17:36:05 - [Server 1] - INFO - aggregate_fit: received 30 results and 0 failures
2025-03-31 17:36:05 - [Server 1] - INFO - configure_evaluate: strategy sampled 30 clients (out of 30)
2025-03-31 17:36:09 - [Server 1] - INFO - aggregate_evaluate: received 30 results and 0 failures
2025-03-31 17:36:09 - [Server 1] - INFO - 
2025-03-31 17:36:09 - [Server 1] - INFO - [ROUND 18]
2025-03-31 17:36:09 - [Server 1] - INFO - configure_fit: strategy sampled 30 clients (out of 30)
2025-03-31 17:44:00 - [Server 1] - INFO - aggregate_fit: received 30 results and 0 failures
2025-03-31 17:44:00 - [Server 1] - INFO - configure_evaluate: strategy sampled 30 clients (out of 30)
2025-03-31 17:44:04 - [Server 1] - INFO - aggregate_evaluate: received 30 results and 0 failures
2025-03-31 17:44:04 - [Server 1] - INFO - 
2025-03-31 17:44:04 - [Server 1] - INFO - [ROUND 19]
2025-03-31 17:44:04 - [Server 1] - INFO - configure_fit: strategy sampled 30 clients (out of 30)
2025-03-31 17:54:13 - [Server 1] - INFO - aggregate_fit: received 30 results and 0 failures
2025-03-31 17:54:14 - [Server 1] - INFO - configure_evaluate: strategy sampled 30 clients (out of 30)
2025-03-31 17:54:18 - [Server 1] - INFO - aggregate_evaluate: received 30 results and 0 failures
2025-03-31 17:54:18 - [Server 1] - INFO - 
2025-03-31 17:54:18 - [Server 1] - INFO - [ROUND 20]
2025-03-31 17:54:18 - [Server 1] - INFO - configure_fit: strategy sampled 30 clients (out of 30)
2025-03-31 18:03:53 - [Server 1] - INFO - aggregate_fit: received 30 results and 0 failures
2025-03-31 18:03:53 - [Server 1] - INFO - configure_evaluate: strategy sampled 30 clients (out of 30)
2025-03-31 18:03:57 - [Server 1] - INFO - aggregate_evaluate: received 30 results and 0 failures
2025-03-31 18:03:57 - [Server 1] - INFO - 
2025-03-31 18:03:57 - [Server 1] - INFO - [ROUND 21]
2025-03-31 18:03:57 - [Server 1] - INFO - configure_fit: strategy sampled 30 clients (out of 30)
2025-03-31 18:14:17 - [Server 1] - INFO - aggregate_fit: received 30 results and 0 failures
2025-03-31 18:14:17 - [Server 1] - INFO - configure_evaluate: strategy sampled 30 clients (out of 30)
2025-03-31 18:14:21 - [Server 1] - INFO - aggregate_evaluate: received 30 results and 0 failures
2025-03-31 18:14:21 - [Server 1] - INFO - 
2025-03-31 18:14:21 - [Server 1] - INFO - [ROUND 22]
2025-03-31 18:14:21 - [Server 1] - INFO - configure_fit: strategy sampled 30 clients (out of 30)
2025-03-31 18:24:18 - [Server 1] - INFO - aggregate_fit: received 30 results and 0 failures
2025-03-31 18:24:18 - [Server 1] - INFO - configure_evaluate: strategy sampled 30 clients (out of 30)
2025-03-31 18:24:22 - [Server 1] - INFO - aggregate_evaluate: received 30 results and 0 failures
2025-03-31 18:24:22 - [Server 1] - INFO - 
2025-03-31 18:24:22 - [Server 1] - INFO - [ROUND 23]
2025-03-31 18:24:22 - [Server 1] - INFO - configure_fit: strategy sampled 30 clients (out of 30)
2025-03-31 18:34:03 - [Server 1] - INFO - aggregate_fit: received 30 results and 0 failures
2025-03-31 18:34:03 - [Server 1] - INFO - configure_evaluate: strategy sampled 30 clients (out of 30)
2025-03-31 18:34:06 - [Server 1] - INFO - aggregate_evaluate: received 30 results and 0 failures
2025-03-31 18:34:06 - [Server 1] - INFO - 
2025-03-31 18:34:06 - [Server 1] - INFO - [ROUND 24]
2025-03-31 18:34:06 - [Server 1] - INFO - configure_fit: strategy sampled 30 clients (out of 30)
2025-03-31 18:44:21 - [Server 1] - INFO - aggregate_fit: received 30 results and 0 failures
2025-03-31 18:44:21 - [Server 1] - INFO - configure_evaluate: strategy sampled 30 clients (out of 30)
2025-03-31 18:44:25 - [Server 1] - INFO - aggregate_evaluate: received 30 results and 0 failures
2025-03-31 18:44:25 - [Server 1] - INFO - 
2025-03-31 18:44:25 - [Server 1] - INFO - [ROUND 25]
2025-03-31 18:44:25 - [Server 1] - INFO - configure_fit: strategy sampled 30 clients (out of 30)
2025-03-31 18:54:33 - [Server 1] - INFO - aggregate_fit: received 30 results and 0 failures
2025-03-31 18:54:33 - [Server 1] - INFO - configure_evaluate: strategy sampled 30 clients (out of 30)
2025-03-31 18:54:38 - [Server 1] - INFO - aggregate_evaluate: received 30 results and 0 failures
2025-03-31 18:54:38 - [Server 1] - INFO - 
2025-03-31 18:54:38 - [Server 1] - INFO - [ROUND 26]
2025-03-31 18:54:38 - [Server 1] - INFO - configure_fit: strategy sampled 30 clients (out of 30)
2025-03-31 19:04:28 - [Server 1] - INFO - aggregate_fit: received 30 results and 0 failures
2025-03-31 19:04:28 - [Server 1] - INFO - configure_evaluate: strategy sampled 30 clients (out of 30)
2025-03-31 19:04:32 - [Server 1] - INFO - aggregate_evaluate: received 30 results and 0 failures
2025-03-31 19:04:32 - [Server 1] - INFO - 
2025-03-31 19:04:32 - [Server 1] - INFO - [ROUND 27]
2025-03-31 19:04:32 - [Server 1] - INFO - configure_fit: strategy sampled 30 clients (out of 30)
2025-03-31 19:13:47 - [Server 1] - INFO - aggregate_fit: received 30 results and 0 failures
2025-03-31 19:13:47 - [Server 1] - INFO - configure_evaluate: strategy sampled 30 clients (out of 30)
2025-03-31 19:13:51 - [Server 1] - INFO - aggregate_evaluate: received 30 results and 0 failures
2025-03-31 19:13:51 - [Server 1] - INFO - 
2025-03-31 19:13:51 - [Server 1] - INFO - [ROUND 28]
2025-03-31 19:13:51 - [Server 1] - INFO - configure_fit: strategy sampled 30 clients (out of 30)
2025-03-31 19:23:07 - [Server 1] - INFO - aggregate_fit: received 30 results and 0 failures
2025-03-31 19:23:07 - [Server 1] - INFO - configure_evaluate: strategy sampled 30 clients (out of 30)
2025-03-31 19:23:12 - [Server 1] - INFO - aggregate_evaluate: received 30 results and 0 failures
2025-03-31 19:23:12 - [Server 1] - INFO - 
2025-03-31 19:23:12 - [Server 1] - INFO - [ROUND 29]
2025-03-31 19:23:12 - [Server 1] - INFO - configure_fit: strategy sampled 30 clients (out of 30)
2025-03-31 19:32:23 - [Server 1] - INFO - aggregate_fit: received 30 results and 0 failures
2025-03-31 19:32:23 - [Server 1] - INFO - configure_evaluate: strategy sampled 30 clients (out of 30)
2025-03-31 19:32:26 - [Server 1] - INFO - aggregate_evaluate: received 30 results and 0 failures
2025-03-31 19:32:26 - [Server 1] - INFO - 
2025-03-31 19:32:26 - [Server 1] - INFO - [ROUND 30]
2025-03-31 19:32:26 - [Server 1] - INFO - configure_fit: strategy sampled 30 clients (out of 30)
2025-03-31 19:41:41 - [Server 1] - INFO - aggregate_fit: received 30 results and 0 failures
2025-03-31 19:41:41 - [Server 1] - INFO - configure_evaluate: strategy sampled 30 clients (out of 30)
2025-03-31 19:41:45 - [Server 1] - INFO - aggregate_evaluate: received 30 results and 0 failures
2025-03-31 19:41:45 - [Server 1] - INFO - 
2025-03-31 19:41:45 - [Server 1] - INFO - [SUMMARY]
2025-03-31 19:41:45 - [Server 1] - INFO - Run finished 30 round(s) in 16110.97s
2025-03-31 19:41:45 - [Server 1] - INFO - 	History (loss, distributed):
2025-03-31 19:41:45 - [Server 1] - INFO - 		round 1: 0.5402489930033206
2025-03-31 19:41:45 - [Server 1] - INFO - 		round 2: 0.410571318715896
2025-03-31 19:41:45 - [Server 1] - INFO - 		round 3: 0.4499959133006952
2025-03-31 19:41:45 - [Server 1] - INFO - 		round 4: 0.5009879452818886
2025-03-31 19:41:45 - [Server 1] - INFO - 		round 5: 0.5492684368400111
2025-03-31 19:41:45 - [Server 1] - INFO - 		round 6: 0.6612787007967207
2025-03-31 19:41:45 - [Server 1] - INFO - 		round 7: 0.6380841069302895
2025-03-31 19:41:45 - [Server 1] - INFO - 		round 8: 0.5601724333920461
2025-03-31 19:41:45 - [Server 1] - INFO - 		round 9: 0.44491409410189836
2025-03-31 19:41:45 - [Server 1] - INFO - 		round 10: 0.4220656749914785
2025-03-31 19:41:45 - [Server 1] - INFO - 		round 11: 0.4177443320778929
2025-03-31 19:41:45 - [Server 1] - INFO - 		round 12: 0.47397354791438606
2025-03-31 19:41:45 - [Server 1] - INFO - 		round 13: 0.6319295120175594
2025-03-31 19:41:45 - [Server 1] - INFO - 		round 14: 0.4766484913129332
2025-03-31 19:41:45 - [Server 1] - INFO - 		round 15: 0.45135765884660617
2025-03-31 19:41:45 - [Server 1] - INFO - 		round 16: 0.527857388302772
2025-03-31 19:41:45 - [Server 1] - INFO - 		round 17: 0.4314154215880348
2025-03-31 19:41:45 - [Server 1] - INFO - 		round 18: 0.45648646354675293
2025-03-31 19:41:45 - [Server 1] - INFO - 		round 19: 0.36221137336481396
2025-03-31 19:41:45 - [Server 1] - INFO - 		round 20: 0.5358053991841424
2025-03-31 19:41:45 - [Server 1] - INFO - 		round 21: 0.4716895612032387
2025-03-31 19:41:45 - [Server 1] - INFO - 		round 22: 0.39963193947455367
2025-03-31 19:41:45 - [Server 1] - INFO - 		round 23: 0.3596561672167766
2025-03-31 19:41:45 - [Server 1] - INFO - 		round 24: 0.34277123634582846
2025-03-31 19:41:45 - [Server 1] - INFO - 		round 25: 0.35962063344680417
2025-03-31 19:41:45 - [Server 1] - INFO - 		round 26: 0.4911951367099754
2025-03-31 19:41:45 - [Server 1] - INFO - 		round 27: 0.4536511229861676
2025-03-31 19:41:45 - [Server 1] - INFO - 		round 28: 0.6637011342618885
2025-03-31 19:41:45 - [Server 1] - INFO - 		round 29: 1.431790424580113
2025-03-31 19:41:45 - [Server 1] - INFO - 		round 30: 1.7572989865623083
2025-03-31 19:41:45 - [Server 1] - INFO - 	History (metrics, distributed, evaluate):
2025-03-31 19:41:45 - [Server 1] - INFO - 	{'mae': [(1, 0.5428235871792295),
2025-03-31 19:41:45 - [Server 1] - INFO - 	         (2, 0.40168197352695667),
2025-03-31 19:41:45 - [Server 1] - INFO - 	         (3, 0.3916334866988574),
2025-03-31 19:41:45 - [Server 1] - INFO - 	         (4, 0.3910967357088631),
2025-03-31 19:41:45 - [Server 1] - INFO - 	         (5, 0.38507488212489044),
2025-03-31 19:41:45 - [Server 1] - INFO - 	         (6, 0.39397576952649055),
2025-03-31 19:41:45 - [Server 1] - INFO - 	         (7, 0.4114448245008688),
2025-03-31 19:41:45 - [Server 1] - INFO - 	         (8, 0.5650996062993412),
2025-03-31 19:41:45 - [Server 1] - INFO - 	         (9, 0.4184064353305875),
2025-03-31 19:41:45 - [Server 1] - INFO - 	         (10, 0.38408009061348614),
2025-03-31 19:41:45 - [Server 1] - INFO - 	         (11, 0.3923041361071284),
2025-03-31 19:41:45 - [Server 1] - INFO - 	         (12, 0.4336172007045604),
2025-03-31 19:41:45 - [Server 1] - INFO - 	         (13, 0.41633140834465115),
2025-03-31 19:41:45 - [Server 1] - INFO - 	         (14, 0.4401904326596607),
2025-03-31 19:41:45 - [Server 1] - INFO - 	         (15, 0.42379444817107026),
2025-03-31 19:41:45 - [Server 1] - INFO - 	         (16, 0.4441512566178486),
2025-03-31 19:41:45 - [Server 1] - INFO - 	         (17, 0.4439375957595967),
2025-03-31 19:41:45 - [Server 1] - INFO - 	         (18, 0.4919319039943585),
2025-03-31 19:41:45 - [Server 1] - INFO - 	         (19, 0.39811662983148566),
2025-03-31 19:41:45 - [Server 1] - INFO - 	         (20, 0.47192660927340524),
2025-03-31 19:41:45 - [Server 1] - INFO - 	         (21, 0.4667411956786201),
2025-03-31 19:41:45 - [Server 1] - INFO - 	         (22, 0.42812238955074833),
2025-03-31 19:41:45 - [Server 1] - INFO - 	         (23, 0.38886511027983484),
2025-03-31 19:41:45 - [Server 1] - INFO - 	         (24, 0.36294241750624584),
2025-03-31 19:41:45 - [Server 1] - INFO - 	         (25, 0.376153089027925),
2025-03-31 19:41:45 - [Server 1] - INFO - 	         (26, 0.4997300376379146),
2025-03-31 19:41:45 - [Server 1] - INFO - 	         (27, 0.463954242539274),
2025-03-31 19:41:45 - [Server 1] - INFO - 	         (28, 0.4359118641048085),
2025-03-31 19:41:45 - [Server 1] - INFO - 	         (29, 0.45045029136508385),
2025-03-31 19:41:45 - [Server 1] - INFO - 	         (30, 0.4761218199708546)]}
2025-03-31 19:41:45 - [Server 1] - INFO - 
