2025-03-31 11:18:43 - [Server 2] - INFO - [Server 2] Logging initialized -> ../logs/run_20250331_111834/server_cluster_2.log
2025-03-31 11:18:43 - [Server 2] - INFO - Starting Flower server, config: num_rounds=30, no round_timeout
2025-03-31 11:18:43 - [Server 2] - INFO - Flower ECE: gRPC server running (30 rounds), SSL is disabled
2025-03-31 11:18:43 - [Server 2] - INFO - [INIT]
2025-03-31 11:18:43 - [Server 2] - INFO - Requesting initial parameters from one random client
2025-03-31 19:42:58 - [Server 2] - INFO - Received initial parameters from one random client
2025-03-31 19:42:58 - [Server 2] - INFO - Starting evaluation of initial global parameters
2025-03-31 19:42:58 - [Server 2] - INFO - Evaluation returned no results (`None`)
2025-03-31 19:42:58 - [Server 2] - INFO - 
2025-03-31 19:42:58 - [Server 2] - INFO - [ROUND 1]
2025-03-31 19:43:00 - [Server 2] - INFO - configure_fit: strategy sampled 9 clients (out of 9)
2025-03-31 19:44:36 - [Server 2] - INFO - aggregate_fit: received 9 results and 0 failures
2025-03-31 19:44:36 - [Server 2] - INFO - configure_evaluate: strategy sampled 24 clients (out of 24)
2025-03-31 19:44:42 - [Server 2] - INFO - aggregate_evaluate: received 24 results and 0 failures
2025-03-31 19:44:42 - [Server 2] - INFO - 
2025-03-31 19:44:42 - [Server 2] - INFO - [ROUND 2]
2025-03-31 19:44:42 - [Server 2] - INFO - configure_fit: strategy sampled 24 clients (out of 24)
2025-03-31 19:48:54 - [Server 2] - INFO - aggregate_fit: received 24 results and 0 failures
2025-03-31 19:48:54 - [Server 2] - INFO - configure_evaluate: strategy sampled 24 clients (out of 24)
2025-03-31 19:48:56 - [Server 2] - INFO - aggregate_evaluate: received 24 results and 0 failures
2025-03-31 19:48:56 - [Server 2] - INFO - 
2025-03-31 19:48:56 - [Server 2] - INFO - [ROUND 3]
2025-03-31 19:48:56 - [Server 2] - INFO - configure_fit: strategy sampled 24 clients (out of 24)
2025-03-31 19:53:12 - [Server 2] - INFO - aggregate_fit: received 24 results and 0 failures
2025-03-31 19:53:12 - [Server 2] - INFO - configure_evaluate: strategy sampled 24 clients (out of 24)
2025-03-31 19:53:15 - [Server 2] - INFO - aggregate_evaluate: received 24 results and 0 failures
2025-03-31 19:53:15 - [Server 2] - INFO - 
2025-03-31 19:53:15 - [Server 2] - INFO - [ROUND 4]
2025-03-31 19:53:15 - [Server 2] - INFO - configure_fit: strategy sampled 24 clients (out of 24)
2025-03-31 19:57:36 - [Server 2] - INFO - aggregate_fit: received 24 results and 0 failures
2025-03-31 19:57:36 - [Server 2] - INFO - configure_evaluate: strategy sampled 24 clients (out of 24)
2025-03-31 19:57:38 - [Server 2] - INFO - aggregate_evaluate: received 24 results and 0 failures
2025-03-31 19:57:38 - [Server 2] - INFO - 
2025-03-31 19:57:38 - [Server 2] - INFO - [ROUND 5]
2025-03-31 19:57:38 - [Server 2] - INFO - configure_fit: strategy sampled 24 clients (out of 24)
2025-03-31 20:01:51 - [Server 2] - INFO - aggregate_fit: received 24 results and 0 failures
2025-03-31 20:01:51 - [Server 2] - INFO - configure_evaluate: strategy sampled 24 clients (out of 24)
2025-03-31 20:01:54 - [Server 2] - INFO - aggregate_evaluate: received 24 results and 0 failures
2025-03-31 20:01:54 - [Server 2] - INFO - 
2025-03-31 20:01:54 - [Server 2] - INFO - [ROUND 6]
2025-03-31 20:01:54 - [Server 2] - INFO - configure_fit: strategy sampled 24 clients (out of 24)
2025-03-31 20:05:25 - [Server 2] - INFO - aggregate_fit: received 24 results and 0 failures
2025-03-31 20:05:25 - [Server 2] - INFO - configure_evaluate: strategy sampled 24 clients (out of 24)
2025-03-31 20:05:26 - [Server 2] - INFO - aggregate_evaluate: received 24 results and 0 failures
2025-03-31 20:05:26 - [Server 2] - INFO - 
2025-03-31 20:05:26 - [Server 2] - INFO - [ROUND 7]
2025-03-31 20:05:26 - [Server 2] - INFO - configure_fit: strategy sampled 24 clients (out of 24)
2025-03-31 20:09:03 - [Server 2] - INFO - aggregate_fit: received 24 results and 0 failures
2025-03-31 20:09:03 - [Server 2] - INFO - configure_evaluate: strategy sampled 24 clients (out of 24)
2025-03-31 20:09:06 - [Server 2] - INFO - aggregate_evaluate: received 24 results and 0 failures
2025-03-31 20:09:06 - [Server 2] - INFO - 
2025-03-31 20:09:06 - [Server 2] - INFO - [ROUND 8]
2025-03-31 20:09:06 - [Server 2] - INFO - configure_fit: strategy sampled 24 clients (out of 24)
2025-03-31 20:12:38 - [Server 2] - INFO - aggregate_fit: received 24 results and 0 failures
2025-03-31 20:12:38 - [Server 2] - INFO - configure_evaluate: strategy sampled 24 clients (out of 24)
2025-03-31 20:12:40 - [Server 2] - INFO - aggregate_evaluate: received 24 results and 0 failures
2025-03-31 20:12:40 - [Server 2] - INFO - 
2025-03-31 20:12:40 - [Server 2] - INFO - [ROUND 9]
2025-03-31 20:12:40 - [Server 2] - INFO - configure_fit: strategy sampled 24 clients (out of 24)
2025-03-31 20:16:14 - [Server 2] - INFO - aggregate_fit: received 24 results and 0 failures
2025-03-31 20:16:14 - [Server 2] - INFO - configure_evaluate: strategy sampled 24 clients (out of 24)
2025-03-31 20:16:18 - [Server 2] - INFO - aggregate_evaluate: received 24 results and 0 failures
2025-03-31 20:16:18 - [Server 2] - INFO - 
2025-03-31 20:16:18 - [Server 2] - INFO - [ROUND 10]
2025-03-31 20:16:18 - [Server 2] - INFO - configure_fit: strategy sampled 24 clients (out of 24)
2025-03-31 20:19:36 - [Server 2] - INFO - aggregate_fit: received 24 results and 0 failures
2025-03-31 20:19:36 - [Server 2] - INFO - configure_evaluate: strategy sampled 24 clients (out of 24)
2025-03-31 20:19:38 - [Server 2] - INFO - aggregate_evaluate: received 24 results and 0 failures
2025-03-31 20:19:38 - [Server 2] - INFO - 
2025-03-31 20:19:38 - [Server 2] - INFO - [ROUND 11]
2025-03-31 20:19:38 - [Server 2] - INFO - configure_fit: strategy sampled 24 clients (out of 24)
2025-03-31 20:22:56 - [Server 2] - INFO - aggregate_fit: received 24 results and 0 failures
2025-03-31 20:22:56 - [Server 2] - INFO - configure_evaluate: strategy sampled 24 clients (out of 24)
2025-03-31 20:22:57 - [Server 2] - INFO - aggregate_evaluate: received 24 results and 0 failures
2025-03-31 20:22:57 - [Server 2] - INFO - 
2025-03-31 20:22:57 - [Server 2] - INFO - [ROUND 12]
2025-03-31 20:22:57 - [Server 2] - INFO - configure_fit: strategy sampled 24 clients (out of 24)
2025-03-31 20:26:16 - [Server 2] - INFO - aggregate_fit: received 24 results and 0 failures
2025-03-31 20:26:16 - [Server 2] - INFO - configure_evaluate: strategy sampled 24 clients (out of 24)
2025-03-31 20:26:18 - [Server 2] - INFO - aggregate_evaluate: received 24 results and 0 failures
2025-03-31 20:26:18 - [Server 2] - INFO - 
2025-03-31 20:26:18 - [Server 2] - INFO - [ROUND 13]
2025-03-31 20:26:18 - [Server 2] - INFO - configure_fit: strategy sampled 24 clients (out of 24)
2025-03-31 20:29:32 - [Server 2] - INFO - aggregate_fit: received 24 results and 0 failures
2025-03-31 20:29:32 - [Server 2] - INFO - configure_evaluate: strategy sampled 24 clients (out of 24)
2025-03-31 20:29:34 - [Server 2] - INFO - aggregate_evaluate: received 24 results and 0 failures
2025-03-31 20:29:34 - [Server 2] - INFO - 
2025-03-31 20:29:34 - [Server 2] - INFO - [ROUND 14]
2025-03-31 20:29:34 - [Server 2] - INFO - configure_fit: strategy sampled 24 clients (out of 24)
2025-03-31 20:33:13 - [Server 2] - INFO - aggregate_fit: received 24 results and 0 failures
2025-03-31 20:33:13 - [Server 2] - INFO - configure_evaluate: strategy sampled 24 clients (out of 24)
2025-03-31 20:33:14 - [Server 2] - INFO - aggregate_evaluate: received 24 results and 0 failures
2025-03-31 20:33:14 - [Server 2] - INFO - 
2025-03-31 20:33:14 - [Server 2] - INFO - [ROUND 15]
2025-03-31 20:33:14 - [Server 2] - INFO - configure_fit: strategy sampled 24 clients (out of 24)
2025-03-31 20:36:57 - [Server 2] - INFO - aggregate_fit: received 24 results and 0 failures
2025-03-31 20:36:57 - [Server 2] - INFO - configure_evaluate: strategy sampled 24 clients (out of 24)
2025-03-31 20:36:59 - [Server 2] - INFO - aggregate_evaluate: received 24 results and 0 failures
2025-03-31 20:36:59 - [Server 2] - INFO - 
2025-03-31 20:36:59 - [Server 2] - INFO - [ROUND 16]
2025-03-31 20:36:59 - [Server 2] - INFO - configure_fit: strategy sampled 24 clients (out of 24)
2025-03-31 20:40:29 - [Server 2] - INFO - aggregate_fit: received 24 results and 0 failures
2025-03-31 20:40:29 - [Server 2] - INFO - configure_evaluate: strategy sampled 24 clients (out of 24)
2025-03-31 20:40:31 - [Server 2] - INFO - aggregate_evaluate: received 24 results and 0 failures
2025-03-31 20:40:31 - [Server 2] - INFO - 
2025-03-31 20:40:31 - [Server 2] - INFO - [ROUND 17]
2025-03-31 20:40:31 - [Server 2] - INFO - configure_fit: strategy sampled 24 clients (out of 24)
2025-03-31 20:44:09 - [Server 2] - INFO - aggregate_fit: received 24 results and 0 failures
2025-03-31 20:44:09 - [Server 2] - INFO - configure_evaluate: strategy sampled 24 clients (out of 24)
2025-03-31 20:44:10 - [Server 2] - INFO - aggregate_evaluate: received 24 results and 0 failures
2025-03-31 20:44:10 - [Server 2] - INFO - 
2025-03-31 20:44:10 - [Server 2] - INFO - [ROUND 18]
2025-03-31 20:44:10 - [Server 2] - INFO - configure_fit: strategy sampled 24 clients (out of 24)
2025-03-31 20:47:48 - [Server 2] - INFO - aggregate_fit: received 24 results and 0 failures
2025-03-31 20:47:48 - [Server 2] - INFO - configure_evaluate: strategy sampled 24 clients (out of 24)
2025-03-31 20:47:50 - [Server 2] - INFO - aggregate_evaluate: received 24 results and 0 failures
2025-03-31 20:47:50 - [Server 2] - INFO - 
2025-03-31 20:47:50 - [Server 2] - INFO - [ROUND 19]
2025-03-31 20:47:50 - [Server 2] - INFO - configure_fit: strategy sampled 24 clients (out of 24)
2025-03-31 20:51:03 - [Server 2] - INFO - aggregate_fit: received 24 results and 0 failures
2025-03-31 20:51:03 - [Server 2] - INFO - configure_evaluate: strategy sampled 24 clients (out of 24)
2025-03-31 20:51:05 - [Server 2] - INFO - aggregate_evaluate: received 24 results and 0 failures
2025-03-31 20:51:05 - [Server 2] - INFO - 
2025-03-31 20:51:05 - [Server 2] - INFO - [ROUND 20]
2025-03-31 20:51:05 - [Server 2] - INFO - configure_fit: strategy sampled 24 clients (out of 24)
2025-03-31 20:54:16 - [Server 2] - INFO - aggregate_fit: received 24 results and 0 failures
2025-03-31 20:54:16 - [Server 2] - INFO - configure_evaluate: strategy sampled 24 clients (out of 24)
2025-03-31 20:54:18 - [Server 2] - INFO - aggregate_evaluate: received 24 results and 0 failures
2025-03-31 20:54:18 - [Server 2] - INFO - 
2025-03-31 20:54:18 - [Server 2] - INFO - [ROUND 21]
2025-03-31 20:54:18 - [Server 2] - INFO - configure_fit: strategy sampled 24 clients (out of 24)
2025-03-31 20:57:30 - [Server 2] - INFO - aggregate_fit: received 24 results and 0 failures
2025-03-31 20:57:30 - [Server 2] - INFO - configure_evaluate: strategy sampled 24 clients (out of 24)
2025-03-31 20:57:32 - [Server 2] - INFO - aggregate_evaluate: received 24 results and 0 failures
2025-03-31 20:57:32 - [Server 2] - INFO - 
2025-03-31 20:57:32 - [Server 2] - INFO - [ROUND 22]
2025-03-31 20:57:32 - [Server 2] - INFO - configure_fit: strategy sampled 24 clients (out of 24)
2025-03-31 21:00:46 - [Server 2] - INFO - aggregate_fit: received 24 results and 0 failures
2025-03-31 21:00:46 - [Server 2] - INFO - configure_evaluate: strategy sampled 24 clients (out of 24)
2025-03-31 21:00:48 - [Server 2] - INFO - aggregate_evaluate: received 24 results and 0 failures
2025-03-31 21:00:48 - [Server 2] - INFO - 
2025-03-31 21:00:48 - [Server 2] - INFO - [ROUND 23]
2025-03-31 21:00:48 - [Server 2] - INFO - configure_fit: strategy sampled 24 clients (out of 24)
2025-03-31 21:04:00 - [Server 2] - INFO - aggregate_fit: received 24 results and 0 failures
2025-03-31 21:04:00 - [Server 2] - INFO - configure_evaluate: strategy sampled 24 clients (out of 24)
2025-03-31 21:04:01 - [Server 2] - INFO - aggregate_evaluate: received 24 results and 0 failures
2025-03-31 21:04:01 - [Server 2] - INFO - 
2025-03-31 21:04:01 - [Server 2] - INFO - [ROUND 24]
2025-03-31 21:04:01 - [Server 2] - INFO - configure_fit: strategy sampled 24 clients (out of 24)
2025-03-31 21:07:13 - [Server 2] - INFO - aggregate_fit: received 24 results and 0 failures
2025-03-31 21:07:13 - [Server 2] - INFO - configure_evaluate: strategy sampled 24 clients (out of 24)
2025-03-31 21:07:15 - [Server 2] - INFO - aggregate_evaluate: received 24 results and 0 failures
2025-03-31 21:07:15 - [Server 2] - INFO - 
2025-03-31 21:07:15 - [Server 2] - INFO - [ROUND 25]
2025-03-31 21:07:15 - [Server 2] - INFO - configure_fit: strategy sampled 24 clients (out of 24)
2025-03-31 21:10:26 - [Server 2] - INFO - aggregate_fit: received 24 results and 0 failures
2025-03-31 21:10:26 - [Server 2] - INFO - configure_evaluate: strategy sampled 24 clients (out of 24)
2025-03-31 21:10:31 - [Server 2] - INFO - aggregate_evaluate: received 24 results and 0 failures
2025-03-31 21:10:31 - [Server 2] - INFO - 
2025-03-31 21:10:31 - [Server 2] - INFO - [ROUND 26]
2025-03-31 21:10:31 - [Server 2] - INFO - configure_fit: strategy sampled 24 clients (out of 24)
2025-03-31 21:13:45 - [Server 2] - INFO - aggregate_fit: received 24 results and 0 failures
2025-03-31 21:13:45 - [Server 2] - INFO - configure_evaluate: strategy sampled 24 clients (out of 24)
2025-03-31 21:13:47 - [Server 2] - INFO - aggregate_evaluate: received 24 results and 0 failures
2025-03-31 21:13:47 - [Server 2] - INFO - 
2025-03-31 21:13:47 - [Server 2] - INFO - [ROUND 27]
2025-03-31 21:13:47 - [Server 2] - INFO - configure_fit: strategy sampled 24 clients (out of 24)
2025-03-31 21:17:00 - [Server 2] - INFO - aggregate_fit: received 24 results and 0 failures
2025-03-31 21:17:00 - [Server 2] - INFO - configure_evaluate: strategy sampled 24 clients (out of 24)
2025-03-31 21:17:01 - [Server 2] - INFO - aggregate_evaluate: received 24 results and 0 failures
2025-03-31 21:17:01 - [Server 2] - INFO - 
2025-03-31 21:17:01 - [Server 2] - INFO - [ROUND 28]
2025-03-31 21:17:01 - [Server 2] - INFO - configure_fit: strategy sampled 24 clients (out of 24)
2025-03-31 21:20:10 - [Server 2] - INFO - aggregate_fit: received 24 results and 0 failures
2025-03-31 21:20:10 - [Server 2] - INFO - configure_evaluate: strategy sampled 24 clients (out of 24)
2025-03-31 21:20:12 - [Server 2] - INFO - aggregate_evaluate: received 24 results and 0 failures
2025-03-31 21:20:12 - [Server 2] - INFO - 
2025-03-31 21:20:12 - [Server 2] - INFO - [ROUND 29]
2025-03-31 21:20:12 - [Server 2] - INFO - configure_fit: strategy sampled 24 clients (out of 24)
2025-03-31 21:23:23 - [Server 2] - INFO - aggregate_fit: received 24 results and 0 failures
2025-03-31 21:23:23 - [Server 2] - INFO - configure_evaluate: strategy sampled 24 clients (out of 24)
2025-03-31 21:23:25 - [Server 2] - INFO - aggregate_evaluate: received 24 results and 0 failures
2025-03-31 21:23:25 - [Server 2] - INFO - 
2025-03-31 21:23:25 - [Server 2] - INFO - [ROUND 30]
2025-03-31 21:23:25 - [Server 2] - INFO - configure_fit: strategy sampled 24 clients (out of 24)
2025-03-31 21:26:34 - [Server 2] - INFO - aggregate_fit: received 24 results and 0 failures
2025-03-31 21:26:34 - [Server 2] - INFO - configure_evaluate: strategy sampled 24 clients (out of 24)
2025-03-31 21:26:36 - [Server 2] - INFO - aggregate_evaluate: received 24 results and 0 failures
2025-03-31 21:26:36 - [Server 2] - INFO - 
2025-03-31 21:26:36 - [Server 2] - INFO - [SUMMARY]
2025-03-31 21:26:36 - [Server 2] - INFO - Run finished 30 round(s) in 6218.33s
2025-03-31 21:26:36 - [Server 2] - INFO - 	History (loss, distributed):
2025-03-31 21:26:36 - [Server 2] - INFO - 		round 1: 0.8798725108305613
2025-03-31 21:26:36 - [Server 2] - INFO - 		round 2: 0.5519830721120039
2025-03-31 21:26:36 - [Server 2] - INFO - 		round 3: 0.5024495099981626
2025-03-31 21:26:36 - [Server 2] - INFO - 		round 4: 0.49531909947594005
2025-03-31 21:26:36 - [Server 2] - INFO - 		round 5: 0.4677676719923814
2025-03-31 21:26:36 - [Server 2] - INFO - 		round 6: 0.45310870185494423
2025-03-31 21:26:36 - [Server 2] - INFO - 		round 7: 0.4959488647679488
2025-03-31 21:26:36 - [Server 2] - INFO - 		round 8: 0.4432017852862676
2025-03-31 21:26:36 - [Server 2] - INFO - 		round 9: 0.38976115360856056
2025-03-31 21:26:36 - [Server 2] - INFO - 		round 10: 0.3901578852285941
2025-03-31 21:26:36 - [Server 2] - INFO - 		round 11: 0.37224598477284115
2025-03-31 21:26:36 - [Server 2] - INFO - 		round 12: 0.3704268950968981
2025-03-31 21:26:36 - [Server 2] - INFO - 		round 13: 0.36466872319579124
2025-03-31 21:26:36 - [Server 2] - INFO - 		round 14: 0.3795655257999897
2025-03-31 21:26:36 - [Server 2] - INFO - 		round 15: 0.39658201299607754
2025-03-31 21:26:36 - [Server 2] - INFO - 		round 16: 0.36598024641474086
2025-03-31 21:26:36 - [Server 2] - INFO - 		round 17: 0.3682438228279352
2025-03-31 21:26:36 - [Server 2] - INFO - 		round 18: 0.38414443160096806
2025-03-31 21:26:36 - [Server 2] - INFO - 		round 19: 0.37560736387968063
2025-03-31 21:26:36 - [Server 2] - INFO - 		round 20: 0.38965523677567643
2025-03-31 21:26:36 - [Server 2] - INFO - 		round 21: 0.3997872906426589
2025-03-31 21:26:36 - [Server 2] - INFO - 		round 22: 0.3956110446403424
2025-03-31 21:26:36 - [Server 2] - INFO - 		round 23: 0.3988887431720893
2025-03-31 21:26:36 - [Server 2] - INFO - 		round 24: 0.40677277371287346
2025-03-31 21:26:36 - [Server 2] - INFO - 		round 25: 0.40608280524611473
2025-03-31 21:26:36 - [Server 2] - INFO - 		round 26: 0.41602529895802337
2025-03-31 21:26:36 - [Server 2] - INFO - 		round 27: 0.40920428435007733
2025-03-31 21:26:36 - [Server 2] - INFO - 		round 28: 0.4181160752971967
2025-03-31 21:26:36 - [Server 2] - INFO - 		round 29: 0.40620504692196846
2025-03-31 21:26:36 - [Server 2] - INFO - 		round 30: 0.40978011426826316
2025-03-31 21:26:36 - [Server 2] - INFO - 	History (metrics, distributed, evaluate):
2025-03-31 21:26:36 - [Server 2] - INFO - 	{'mae': [(1, 0.7278978203733762),
2025-03-31 21:26:36 - [Server 2] - INFO - 	         (2, 0.5216727840403715),
2025-03-31 21:26:36 - [Server 2] - INFO - 	         (3, 0.4810275919735431),
2025-03-31 21:26:36 - [Server 2] - INFO - 	         (4, 0.4735419241090616),
2025-03-31 21:26:36 - [Server 2] - INFO - 	         (5, 0.4574572642644246),
2025-03-31 21:26:36 - [Server 2] - INFO - 	         (6, 0.44850499555468565),
2025-03-31 21:26:36 - [Server 2] - INFO - 	         (7, 0.5105327342947323),
2025-03-31 21:26:36 - [Server 2] - INFO - 	         (8, 0.4745071542759737),
2025-03-31 21:26:36 - [Server 2] - INFO - 	         (9, 0.40874912341435754),
2025-03-31 21:26:36 - [Server 2] - INFO - 	         (10, 0.41464801381031674),
2025-03-31 21:26:36 - [Server 2] - INFO - 	         (11, 0.40214291587471956),
2025-03-31 21:26:36 - [Server 2] - INFO - 	         (12, 0.404686976224184),
2025-03-31 21:26:36 - [Server 2] - INFO - 	         (13, 0.39622563744584716),
2025-03-31 21:26:36 - [Server 2] - INFO - 	         (14, 0.41313094273209566),
2025-03-31 21:26:36 - [Server 2] - INFO - 	         (15, 0.4348453196386497),
2025-03-31 21:26:36 - [Server 2] - INFO - 	         (16, 0.4028136457006136),
2025-03-31 21:26:36 - [Server 2] - INFO - 	         (17, 0.40563909709453594),
2025-03-31 21:26:36 - [Server 2] - INFO - 	         (18, 0.41150899976491917),
2025-03-31 21:26:36 - [Server 2] - INFO - 	         (19, 0.4051332796613376),
2025-03-31 21:26:36 - [Server 2] - INFO - 	         (20, 0.41497451191147167),
2025-03-31 21:26:36 - [Server 2] - INFO - 	         (21, 0.41877637058496475),
2025-03-31 21:26:36 - [Server 2] - INFO - 	         (22, 0.41644657279054326),
2025-03-31 21:26:36 - [Server 2] - INFO - 	         (23, 0.41778547316789627),
2025-03-31 21:26:36 - [Server 2] - INFO - 	         (24, 0.41947368408242863),
2025-03-31 21:26:36 - [Server 2] - INFO - 	         (25, 0.42607199276487023),
2025-03-31 21:26:36 - [Server 2] - INFO - 	         (26, 0.418526705354452),
2025-03-31 21:26:36 - [Server 2] - INFO - 	         (27, 0.4153516553342341),
2025-03-31 21:26:36 - [Server 2] - INFO - 	         (28, 0.4180232050518195),
2025-03-31 21:26:36 - [Server 2] - INFO - 	         (29, 0.4212091403702895),
2025-03-31 21:26:36 - [Server 2] - INFO - 	         (30, 0.41084310909112304)]}
2025-03-31 21:26:36 - [Server 2] - INFO - 
