2025-03-24 15:40:09 - [Server 0] - INFO - [Server 0] Logging initialized -> ../logs/server_cluster_0_20250324_154009.log
2025-03-24 15:40:09 - [Server 0] - WARNING - DEPRECATED FEATURE: flwr.server.start_server() is deprecated.
	Instead, use the `flower-superlink` CLI command to start a SuperLink as shown below:

		$ flower-superlink --insecure

	To view usage and all available options, run:

		$ flower-superlink --help

	Using `start_server()` is deprecated.

            This is a deprecated feature. It will be removed
            entirely in future versions of Flower.
        
2025-03-24 15:40:09 - [Server 0] - INFO - Starting Flower server, config: num_rounds=10, no round_timeout
2025-03-24 15:40:09 - [Server 0] - INFO - Flower ECE: gRPC server running (10 rounds), SSL is disabled
2025-03-24 15:40:09 - [Server 0] - INFO - [INIT]
2025-03-24 15:40:09 - [Server 0] - INFO - Requesting initial parameters from one random client
2025-03-24 15:51:25 - [Server 0] - INFO - Received initial parameters from one random client
2025-03-24 15:51:25 - [Server 0] - INFO - Starting evaluation of initial global parameters
2025-03-24 15:51:25 - [Server 0] - INFO - Evaluation returned no results (`None`)
2025-03-24 15:51:25 - [Server 0] - INFO - 
2025-03-24 15:51:25 - [Server 0] - INFO - [ROUND 1]
2025-03-24 15:51:33 - [Server 0] - INFO - configure_fit: strategy sampled 2 clients (out of 2)
2025-03-24 15:52:03 - [Server 0] - INFO - aggregate_fit: received 2 results and 0 failures
2025-03-24 15:52:03 - [Server 0] - WARNING - No fit_metrics_aggregation_fn provided
2025-03-24 15:52:03 - [Server 0] - INFO - configure_evaluate: strategy sampled 25 clients (out of 25)
2025-03-24 15:52:07 - [Server 0] - INFO - aggregate_evaluate: received 25 results and 0 failures
2025-03-24 15:52:07 - [Server 0] - WARNING - No evaluate_metrics_aggregation_fn provided
2025-03-24 15:52:07 - [Server 0] - INFO - 
2025-03-24 15:52:07 - [Server 0] - INFO - [ROUND 2]
2025-03-24 15:52:07 - [Server 0] - INFO - configure_fit: strategy sampled 50 clients (out of 50)
2025-03-24 15:52:27 - [Server 0] - INFO - aggregate_fit: received 50 results and 0 failures
2025-03-24 15:52:27 - [Server 0] - INFO - configure_evaluate: strategy sampled 50 clients (out of 50)
2025-03-24 15:52:29 - [Server 0] - INFO - aggregate_evaluate: received 50 results and 0 failures
2025-03-24 15:52:29 - [Server 0] - INFO - 
2025-03-24 15:52:29 - [Server 0] - INFO - [ROUND 3]
2025-03-24 15:52:29 - [Server 0] - INFO - configure_fit: strategy sampled 50 clients (out of 50)
2025-03-24 15:52:38 - [Server 0] - INFO - aggregate_fit: received 50 results and 0 failures
2025-03-24 15:52:38 - [Server 0] - INFO - configure_evaluate: strategy sampled 50 clients (out of 50)
2025-03-24 15:52:38 - [Server 0] - INFO - aggregate_evaluate: received 50 results and 0 failures
2025-03-24 15:52:38 - [Server 0] - INFO - 
2025-03-24 15:52:38 - [Server 0] - INFO - [ROUND 4]
2025-03-24 15:52:38 - [Server 0] - INFO - configure_fit: strategy sampled 50 clients (out of 50)
2025-03-24 15:52:47 - [Server 0] - INFO - aggregate_fit: received 50 results and 0 failures
2025-03-24 15:52:47 - [Server 0] - INFO - configure_evaluate: strategy sampled 50 clients (out of 50)
2025-03-24 15:52:48 - [Server 0] - INFO - aggregate_evaluate: received 50 results and 0 failures
2025-03-24 15:52:48 - [Server 0] - INFO - 
2025-03-24 15:52:48 - [Server 0] - INFO - [ROUND 5]
2025-03-24 15:52:48 - [Server 0] - INFO - configure_fit: strategy sampled 50 clients (out of 50)
2025-03-24 15:52:57 - [Server 0] - INFO - aggregate_fit: received 50 results and 0 failures
2025-03-24 15:52:57 - [Server 0] - INFO - configure_evaluate: strategy sampled 50 clients (out of 50)
2025-03-24 15:52:58 - [Server 0] - INFO - aggregate_evaluate: received 50 results and 0 failures
2025-03-24 15:52:58 - [Server 0] - INFO - 
2025-03-24 15:52:58 - [Server 0] - INFO - [ROUND 6]
2025-03-24 15:52:58 - [Server 0] - INFO - configure_fit: strategy sampled 50 clients (out of 50)
2025-03-24 15:53:07 - [Server 0] - INFO - aggregate_fit: received 50 results and 0 failures
2025-03-24 15:53:07 - [Server 0] - INFO - configure_evaluate: strategy sampled 50 clients (out of 50)
2025-03-24 15:53:08 - [Server 0] - INFO - aggregate_evaluate: received 50 results and 0 failures
2025-03-24 15:53:08 - [Server 0] - INFO - 
2025-03-24 15:53:08 - [Server 0] - INFO - [ROUND 7]
2025-03-24 15:53:08 - [Server 0] - INFO - configure_fit: strategy sampled 50 clients (out of 50)
2025-03-24 15:53:18 - [Server 0] - INFO - aggregate_fit: received 50 results and 0 failures
2025-03-24 15:53:18 - [Server 0] - INFO - configure_evaluate: strategy sampled 50 clients (out of 50)
2025-03-24 15:53:20 - [Server 0] - INFO - aggregate_evaluate: received 50 results and 0 failures
2025-03-24 15:53:20 - [Server 0] - INFO - 
2025-03-24 15:53:20 - [Server 0] - INFO - [ROUND 8]
2025-03-24 15:53:20 - [Server 0] - INFO - configure_fit: strategy sampled 50 clients (out of 50)
2025-03-24 15:53:30 - [Server 0] - INFO - aggregate_fit: received 50 results and 0 failures
2025-03-24 15:53:30 - [Server 0] - INFO - configure_evaluate: strategy sampled 50 clients (out of 50)
2025-03-24 15:53:31 - [Server 0] - INFO - aggregate_evaluate: received 50 results and 0 failures
2025-03-24 15:53:31 - [Server 0] - INFO - 
2025-03-24 15:53:31 - [Server 0] - INFO - [ROUND 9]
2025-03-24 15:53:31 - [Server 0] - INFO - configure_fit: strategy sampled 50 clients (out of 50)
2025-03-24 15:53:40 - [Server 0] - INFO - aggregate_fit: received 50 results and 0 failures
2025-03-24 15:53:40 - [Server 0] - INFO - configure_evaluate: strategy sampled 50 clients (out of 50)
2025-03-24 15:53:41 - [Server 0] - INFO - aggregate_evaluate: received 50 results and 0 failures
2025-03-24 15:53:41 - [Server 0] - INFO - 
2025-03-24 15:53:41 - [Server 0] - INFO - [ROUND 10]
2025-03-24 15:53:41 - [Server 0] - INFO - configure_fit: strategy sampled 50 clients (out of 50)
2025-03-24 15:53:49 - [Server 0] - INFO - aggregate_fit: received 50 results and 0 failures
2025-03-24 15:53:49 - [Server 0] - INFO - configure_evaluate: strategy sampled 50 clients (out of 50)
2025-03-24 15:53:50 - [Server 0] - INFO - aggregate_evaluate: received 50 results and 0 failures
2025-03-24 15:53:50 - [Server 0] - INFO - 
2025-03-24 15:53:50 - [Server 0] - INFO - [SUMMARY]
2025-03-24 15:53:50 - [Server 0] - INFO - Run finished 10 round(s) in 145.23s
2025-03-24 15:53:50 - [Server 0] - INFO - 	History (loss, distributed):
2025-03-24 15:53:50 - [Server 0] - INFO - 		round 1: 9910922.33
2025-03-24 15:53:50 - [Server 0] - INFO - 		round 2: 8817213.1
2025-03-24 15:53:50 - [Server 0] - INFO - 		round 3: 8131096.435
2025-03-24 15:53:50 - [Server 0] - INFO - 		round 4: 7362537.045
2025-03-24 15:53:50 - [Server 0] - INFO - 		round 5: 8497233.53
2025-03-24 15:53:50 - [Server 0] - INFO - 		round 6: 9774536.49
2025-03-24 15:53:50 - [Server 0] - INFO - 		round 7: 9777901.01
2025-03-24 15:53:50 - [Server 0] - INFO - 		round 8: 8834592.0
2025-03-24 15:53:50 - [Server 0] - INFO - 		round 9: 8309916.065
2025-03-24 15:53:50 - [Server 0] - INFO - 		round 10: 7507985.495
2025-03-24 15:53:50 - [Server 0] - INFO - 
