2025-04-02 14:49:19 - [Server 2] - INFO - [Server 2] Logging initialized -> ../logs/run_20250402_144838/server_cluster_2.log
2025-04-02 14:49:19 - [Server 2] - INFO - Starting Flower server, config: num_rounds=10, no round_timeout
2025-04-02 14:49:19 - [Server 2] - INFO - Flower ECE: gRPC server running (10 rounds), SSL is disabled
2025-04-02 14:49:19 - [Server 2] - INFO - [INIT]
2025-04-02 14:49:19 - [Server 2] - INFO - Requesting initial parameters from one random client
2025-04-02 23:18:28 - [Server 2] - INFO - Received initial parameters from one random client
2025-04-02 23:18:28 - [Server 2] - INFO - Starting evaluation of initial global parameters
2025-04-02 23:18:28 - [Server 2] - INFO - Evaluation returned no results (`None`)
2025-04-02 23:18:28 - [Server 2] - INFO - 
2025-04-02 23:18:28 - [Server 2] - INFO - [ROUND 1]
2025-04-02 23:19:11 - [Server 2] - INFO - configure_fit: strategy sampled 30 clients (out of 30)
2025-04-02 23:31:03 - [Server 2] - INFO - aggregate_fit: received 30 results and 0 failures
2025-04-02 23:31:03 - [Server 2] - INFO - configure_evaluate: strategy sampled 30 clients (out of 30)
2025-04-02 23:31:07 - [Server 2] - INFO - aggregate_evaluate: received 30 results and 0 failures
2025-04-02 23:31:07 - [Server 2] - INFO - 
2025-04-02 23:31:07 - [Server 2] - INFO - [ROUND 2]
2025-04-02 23:31:07 - [Server 2] - INFO - configure_fit: strategy sampled 30 clients (out of 30)
2025-04-02 23:42:57 - [Server 2] - INFO - aggregate_fit: received 30 results and 0 failures
2025-04-02 23:42:57 - [Server 2] - INFO - configure_evaluate: strategy sampled 30 clients (out of 30)
2025-04-02 23:43:00 - [Server 2] - INFO - aggregate_evaluate: received 30 results and 0 failures
2025-04-02 23:43:00 - [Server 2] - INFO - 
2025-04-02 23:43:00 - [Server 2] - INFO - [ROUND 3]
2025-04-02 23:43:00 - [Server 2] - INFO - configure_fit: strategy sampled 30 clients (out of 30)
2025-04-02 23:54:54 - [Server 2] - INFO - aggregate_fit: received 30 results and 0 failures
2025-04-02 23:54:54 - [Server 2] - INFO - configure_evaluate: strategy sampled 30 clients (out of 30)
2025-04-02 23:54:57 - [Server 2] - INFO - aggregate_evaluate: received 30 results and 0 failures
2025-04-02 23:54:57 - [Server 2] - INFO - 
2025-04-02 23:54:57 - [Server 2] - INFO - [ROUND 4]
2025-04-02 23:54:57 - [Server 2] - INFO - configure_fit: strategy sampled 30 clients (out of 30)
2025-04-03 00:06:43 - [Server 2] - INFO - aggregate_fit: received 30 results and 0 failures
2025-04-03 00:06:43 - [Server 2] - INFO - configure_evaluate: strategy sampled 30 clients (out of 30)
2025-04-03 00:06:45 - [Server 2] - INFO - aggregate_evaluate: received 30 results and 0 failures
2025-04-03 00:06:45 - [Server 2] - INFO - 
2025-04-03 00:06:45 - [Server 2] - INFO - [ROUND 5]
2025-04-03 00:06:45 - [Server 2] - INFO - configure_fit: strategy sampled 30 clients (out of 30)
2025-04-03 00:19:10 - [Server 2] - INFO - aggregate_fit: received 30 results and 0 failures
2025-04-03 00:19:11 - [Server 2] - INFO - configure_evaluate: strategy sampled 30 clients (out of 30)
2025-04-03 00:19:13 - [Server 2] - INFO - aggregate_evaluate: received 30 results and 0 failures
2025-04-03 00:19:13 - [Server 2] - INFO - 
2025-04-03 00:19:13 - [Server 2] - INFO - [ROUND 6]
2025-04-03 00:19:13 - [Server 2] - INFO - configure_fit: strategy sampled 30 clients (out of 30)
2025-04-03 00:31:40 - [Server 2] - INFO - aggregate_fit: received 30 results and 0 failures
2025-04-03 00:31:40 - [Server 2] - INFO - configure_evaluate: strategy sampled 30 clients (out of 30)
2025-04-03 00:31:43 - [Server 2] - INFO - aggregate_evaluate: received 30 results and 0 failures
2025-04-03 00:31:43 - [Server 2] - INFO - 
2025-04-03 00:31:43 - [Server 2] - INFO - [ROUND 7]
2025-04-03 00:31:43 - [Server 2] - INFO - configure_fit: strategy sampled 30 clients (out of 30)
2025-04-03 03:10:24 - [Server 2] - INFO - aggregate_fit: received 30 results and 0 failures
2025-04-03 03:10:24 - [Server 2] - INFO - configure_evaluate: strategy sampled 30 clients (out of 30)
2025-04-03 03:10:26 - [Server 2] - INFO - aggregate_evaluate: received 30 results and 0 failures
2025-04-03 03:10:26 - [Server 2] - INFO - 
2025-04-03 03:10:26 - [Server 2] - INFO - [ROUND 8]
2025-04-03 03:10:26 - [Server 2] - INFO - configure_fit: strategy sampled 30 clients (out of 30)
2025-04-03 06:47:26 - [Server 2] - INFO - aggregate_fit: received 30 results and 0 failures
2025-04-03 06:47:26 - [Server 2] - INFO - configure_evaluate: strategy sampled 30 clients (out of 30)
2025-04-03 06:47:30 - [Server 2] - INFO - aggregate_evaluate: received 30 results and 0 failures
2025-04-03 06:47:30 - [Server 2] - INFO - 
2025-04-03 06:47:30 - [Server 2] - INFO - [ROUND 9]
2025-04-03 06:47:30 - [Server 2] - INFO - configure_fit: strategy sampled 30 clients (out of 30)
2025-04-03 07:02:58 - [Server 2] - INFO - aggregate_fit: received 30 results and 0 failures
2025-04-03 07:02:58 - [Server 2] - INFO - configure_evaluate: strategy sampled 30 clients (out of 30)
2025-04-03 07:03:01 - [Server 2] - INFO - aggregate_evaluate: received 30 results and 0 failures
2025-04-03 07:03:01 - [Server 2] - INFO - 
2025-04-03 07:03:01 - [Server 2] - INFO - [ROUND 10]
2025-04-03 07:03:01 - [Server 2] - INFO - configure_fit: strategy sampled 30 clients (out of 30)
2025-04-03 07:18:58 - [Server 2] - INFO - aggregate_fit: received 30 results and 0 failures
2025-04-03 07:18:58 - [Server 2] - INFO - configure_evaluate: strategy sampled 30 clients (out of 30)
2025-04-03 07:19:01 - [Server 2] - INFO - aggregate_evaluate: received 30 results and 0 failures
2025-04-03 07:19:01 - [Server 2] - INFO - 
2025-04-03 07:19:01 - [Server 2] - INFO - [SUMMARY]
2025-04-03 07:19:01 - [Server 2] - INFO - Run finished 10 round(s) in 8164.10s
2025-04-03 07:19:01 - [Server 2] - INFO - 	History (loss, distributed):
2025-04-03 07:19:01 - [Server 2] - INFO - 		round 1: 0.6778376251459122
2025-04-03 07:19:01 - [Server 2] - INFO - 		round 2: 0.5301565150419871
2025-04-03 07:19:01 - [Server 2] - INFO - 		round 3: 0.7085305998722712
2025-04-03 07:19:01 - [Server 2] - INFO - 		round 4: 0.8182950496673584
2025-04-03 07:19:01 - [Server 2] - INFO - 		round 5: 0.7777728746334712
2025-04-03 07:19:01 - [Server 2] - INFO - 		round 6: 0.6211799144744873
2025-04-03 07:19:01 - [Server 2] - INFO - 		round 7: 0.7465005467335383
2025-04-03 07:19:01 - [Server 2] - INFO - 		round 8: 0.6863032509883245
2025-04-03 07:19:01 - [Server 2] - INFO - 		round 9: 0.8491016700863838
2025-04-03 07:19:01 - [Server 2] - INFO - 		round 10: 0.7797999019424121
2025-04-03 07:19:01 - [Server 2] - INFO - 	History (metrics, distributed, evaluate):
2025-04-03 07:19:01 - [Server 2] - INFO - 	{'mae': [(1, 0.6219230681657792),
2025-04-03 07:19:01 - [Server 2] - INFO - 	         (2, 0.45882491767406464),
2025-04-03 07:19:01 - [Server 2] - INFO - 	         (3, 0.5379178911447524),
2025-04-03 07:19:01 - [Server 2] - INFO - 	         (4, 0.5551929752031962),
2025-04-03 07:19:01 - [Server 2] - INFO - 	         (5, 0.675053311387698),
2025-04-03 07:19:01 - [Server 2] - INFO - 	         (6, 0.5753478248914083),
2025-04-03 07:19:01 - [Server 2] - INFO - 	         (7, 0.5423940072456995),
2025-04-03 07:19:01 - [Server 2] - INFO - 	         (8, 0.5581262201070787),
2025-04-03 07:19:01 - [Server 2] - INFO - 	         (9, 0.46658087273438775),
2025-04-03 07:19:01 - [Server 2] - INFO - 	         (10, 0.4814729789892831)]}
2025-04-03 07:19:01 - [Server 2] - INFO - 
