2025-03-30 10:17:11 - [Server 1] - INFO - [Server 1] Logging initialized -> ../logs/run_20250330_101705/server_cluster_1.log
2025-03-30 10:17:11 - [Server 1] - INFO - Starting Flower server, config: num_rounds=10, no round_timeout
2025-03-30 10:17:11 - [Server 1] - INFO - Flower ECE: gRPC server running (10 rounds), SSL is disabled
2025-03-30 10:17:11 - [Server 1] - INFO - [INIT]
2025-03-30 10:17:11 - [Server 1] - INFO - Requesting initial parameters from one random client
2025-03-30 11:27:37 - [Server 1] - INFO - Received initial parameters from one random client
2025-03-30 11:27:37 - [Server 1] - INFO - Starting evaluation of initial global parameters
2025-03-30 11:27:37 - [Server 1] - INFO - Evaluation returned no results (`None`)
2025-03-30 11:27:37 - [Server 1] - INFO - 
2025-03-30 11:27:37 - [Server 1] - INFO - [ROUND 1]
2025-03-30 11:27:37 - [Server 1] - INFO - configure_fit: strategy sampled 12 clients (out of 12)
2025-03-30 11:30:59 - [Server 1] - INFO - aggregate_fit: received 12 results and 0 failures
2025-03-30 11:30:59 - [Server 1] - INFO - configure_evaluate: strategy sampled 30 clients (out of 30)
2025-03-30 11:31:04 - [Server 1] - INFO - aggregate_evaluate: received 30 results and 0 failures
2025-03-30 11:31:04 - [Server 1] - INFO - 
2025-03-30 11:31:04 - [Server 1] - INFO - [ROUND 2]
2025-03-30 11:31:04 - [Server 1] - INFO - configure_fit: strategy sampled 30 clients (out of 30)
2025-03-30 11:39:03 - [Server 1] - INFO - aggregate_fit: received 30 results and 0 failures
2025-03-30 11:39:03 - [Server 1] - INFO - configure_evaluate: strategy sampled 30 clients (out of 30)
2025-03-30 11:39:06 - [Server 1] - INFO - aggregate_evaluate: received 30 results and 0 failures
2025-03-30 11:39:06 - [Server 1] - INFO - 
2025-03-30 11:39:06 - [Server 1] - INFO - [ROUND 3]
2025-03-30 11:39:06 - [Server 1] - INFO - configure_fit: strategy sampled 30 clients (out of 30)
2025-03-30 11:46:52 - [Server 1] - INFO - aggregate_fit: received 30 results and 0 failures
2025-03-30 11:46:52 - [Server 1] - INFO - configure_evaluate: strategy sampled 30 clients (out of 30)
2025-03-30 11:46:55 - [Server 1] - INFO - aggregate_evaluate: received 30 results and 0 failures
2025-03-30 11:46:55 - [Server 1] - INFO - 
2025-03-30 11:46:55 - [Server 1] - INFO - [ROUND 4]
2025-03-30 11:46:55 - [Server 1] - INFO - configure_fit: strategy sampled 30 clients (out of 30)
2025-03-30 11:54:41 - [Server 1] - INFO - aggregate_fit: received 30 results and 0 failures
2025-03-30 11:54:41 - [Server 1] - INFO - configure_evaluate: strategy sampled 30 clients (out of 30)
2025-03-30 11:54:44 - [Server 1] - INFO - aggregate_evaluate: received 30 results and 0 failures
2025-03-30 11:54:44 - [Server 1] - INFO - 
2025-03-30 11:54:44 - [Server 1] - INFO - [ROUND 5]
2025-03-30 11:54:44 - [Server 1] - INFO - configure_fit: strategy sampled 30 clients (out of 30)
2025-03-30 12:02:31 - [Server 1] - INFO - aggregate_fit: received 30 results and 0 failures
2025-03-30 12:02:31 - [Server 1] - INFO - configure_evaluate: strategy sampled 30 clients (out of 30)
2025-03-30 12:02:34 - [Server 1] - INFO - aggregate_evaluate: received 30 results and 0 failures
2025-03-30 12:02:34 - [Server 1] - INFO - 
2025-03-30 12:02:34 - [Server 1] - INFO - [ROUND 6]
2025-03-30 12:02:34 - [Server 1] - INFO - configure_fit: strategy sampled 30 clients (out of 30)
2025-03-30 12:10:35 - [Server 1] - INFO - aggregate_fit: received 30 results and 0 failures
2025-03-30 12:10:35 - [Server 1] - INFO - configure_evaluate: strategy sampled 30 clients (out of 30)
2025-03-30 12:10:38 - [Server 1] - INFO - aggregate_evaluate: received 30 results and 0 failures
2025-03-30 12:10:38 - [Server 1] - INFO - 
2025-03-30 12:10:38 - [Server 1] - INFO - [ROUND 7]
2025-03-30 12:10:38 - [Server 1] - INFO - configure_fit: strategy sampled 30 clients (out of 30)
2025-03-30 12:18:13 - [Server 1] - INFO - aggregate_fit: received 30 results and 0 failures
2025-03-30 12:18:13 - [Server 1] - INFO - configure_evaluate: strategy sampled 30 clients (out of 30)
2025-03-30 12:18:16 - [Server 1] - INFO - aggregate_evaluate: received 30 results and 0 failures
2025-03-30 12:18:16 - [Server 1] - INFO - 
2025-03-30 12:18:16 - [Server 1] - INFO - [ROUND 8]
2025-03-30 12:18:16 - [Server 1] - INFO - configure_fit: strategy sampled 30 clients (out of 30)
2025-03-30 12:25:52 - [Server 1] - INFO - aggregate_fit: received 30 results and 0 failures
2025-03-30 12:25:52 - [Server 1] - INFO - configure_evaluate: strategy sampled 30 clients (out of 30)
2025-03-30 12:25:54 - [Server 1] - INFO - aggregate_evaluate: received 30 results and 0 failures
2025-03-30 12:25:54 - [Server 1] - INFO - 
2025-03-30 12:25:54 - [Server 1] - INFO - [ROUND 9]
2025-03-30 12:25:54 - [Server 1] - INFO - configure_fit: strategy sampled 30 clients (out of 30)
2025-03-30 12:33:30 - [Server 1] - INFO - aggregate_fit: received 30 results and 0 failures
2025-03-30 12:33:30 - [Server 1] - INFO - configure_evaluate: strategy sampled 30 clients (out of 30)
2025-03-30 12:33:33 - [Server 1] - INFO - aggregate_evaluate: received 30 results and 0 failures
2025-03-30 12:33:33 - [Server 1] - INFO - 
2025-03-30 12:33:33 - [Server 1] - INFO - [ROUND 10]
2025-03-30 12:33:33 - [Server 1] - INFO - configure_fit: strategy sampled 30 clients (out of 30)
2025-03-30 12:41:15 - [Server 1] - INFO - aggregate_fit: received 30 results and 0 failures
2025-03-30 12:41:15 - [Server 1] - INFO - configure_evaluate: strategy sampled 30 clients (out of 30)
2025-03-30 12:41:18 - [Server 1] - INFO - aggregate_evaluate: received 30 results and 0 failures
2025-03-30 12:41:18 - [Server 1] - INFO - 
2025-03-30 12:41:18 - [Server 1] - INFO - [SUMMARY]
2025-03-30 12:41:18 - [Server 1] - INFO - Run finished 10 round(s) in 4421.21s
2025-03-30 12:41:18 - [Server 1] - INFO - 	History (loss, distributed):
2025-03-30 12:41:18 - [Server 1] - INFO - 		round 1: 0.3378683696190516
2025-03-30 12:41:18 - [Server 1] - INFO - 		round 2: 0.26659450481335323
2025-03-30 12:41:18 - [Server 1] - INFO - 		round 3: 0.25785683691501615
2025-03-30 12:41:18 - [Server 1] - INFO - 		round 4: 0.2525007729729017
2025-03-30 12:41:18 - [Server 1] - INFO - 		round 5: 0.2529939576983452
2025-03-30 12:41:18 - [Server 1] - INFO - 		round 6: 0.2479078322649002
2025-03-30 12:41:18 - [Server 1] - INFO - 		round 7: 0.2481592044234276
2025-03-30 12:41:18 - [Server 1] - INFO - 		round 8: 0.2452929844458898
2025-03-30 12:41:18 - [Server 1] - INFO - 		round 9: 0.24394326160351434
2025-03-30 12:41:18 - [Server 1] - INFO - 		round 10: 0.24466537386178971
2025-03-30 12:41:18 - [Server 1] - INFO - 	History (metrics, distributed, evaluate):
2025-03-30 12:41:18 - [Server 1] - INFO - 	{'mae': [(1, 0.4169952005147934),
2025-03-30 12:41:18 - [Server 1] - INFO - 	         (2, 0.3359503557284673),
2025-03-30 12:41:18 - [Server 1] - INFO - 	         (3, 0.32400708794593797),
2025-03-30 12:41:18 - [Server 1] - INFO - 	         (4, 0.31707416325807575),
2025-03-30 12:41:18 - [Server 1] - INFO - 	         (5, 0.3248910784721374),
2025-03-30 12:41:18 - [Server 1] - INFO - 	         (6, 0.3181789398193359),
2025-03-30 12:41:18 - [Server 1] - INFO - 	         (7, 0.3160242428382237),
2025-03-30 12:41:18 - [Server 1] - INFO - 	         (8, 0.31170361439386995),
2025-03-30 12:41:18 - [Server 1] - INFO - 	         (9, 0.31017447113990776),
2025-03-30 12:41:18 - [Server 1] - INFO - 	         (10, 0.310348483423392)]}
2025-03-30 12:41:18 - [Server 1] - INFO - 
